{Heap before GC invocations=0 (full 0):
 par new generation   total 174784K, used 87424K [0x000000060dc00000, 0x000000061dc00000, 0x00000006228c0000)
  eden space 87424K, 100% used [0x000000060dc00000, 0x0000000613160000, 0x0000000613160000)
  from space 87360K,   0% used [0x0000000613160000, 0x0000000613160000, 0x00000006186b0000)
  to   space 87360K,   0% used [0x00000006186b0000, 0x00000006186b0000, 0x000000061dc00000)
 concurrent mark-sweep generation total 262144K, used 0K [0x00000006228c0000, 0x00000006328c0000, 0x00000007c0000000)
 concurrent-mark-sweep perm gen total 262144K, used 16517K [0x00000007c0000000, 0x00000007d0000000, 0x0000000800000000)
2.309: [GC 2.309: [ParNew
Desired survivor size 89456640 bytes, new threshold 5 (max 5)
- age   1:   26093352 bytes,   26093352 total
: 87424K->25582K(174784K), 0.0220039 secs] 87424K->25582K(436928K), 0.0220763 secs] [Times: user=0.05 sys=0.03, real=0.02 secs] 
Heap after GC invocations=1 (full 0):
 par new generation   total 174784K, used 25582K [0x000000060dc00000, 0x000000061dc00000, 0x00000006228c0000)
  eden space 87424K,   0% used [0x000000060dc00000, 0x000000060dc00000, 0x0000000613160000)
  from space 87360K,  29% used [0x00000006186b0000, 0x0000000619fabb58, 0x000000061dc00000)
  to   space 87360K,   0% used [0x0000000613160000, 0x0000000613160000, 0x00000006186b0000)
 concurrent mark-sweep generation total 262144K, used 0K [0x00000006228c0000, 0x00000006328c0000, 0x00000007c0000000)
 concurrent-mark-sweep perm gen total 262144K, used 16517K [0x00000007c0000000, 0x00000007d0000000, 0x0000000800000000)
}
{Heap before GC invocations=1 (full 0):
 par new generation   total 174784K, used 113006K [0x000000060dc00000, 0x000000061dc00000, 0x00000006228c0000)
  eden space 87424K, 100% used [0x000000060dc00000, 0x0000000613160000, 0x0000000613160000)
  from space 87360K,  29% used [0x00000006186b0000, 0x0000000619fabb58, 0x000000061dc00000)
  to   space 87360K,   0% used [0x0000000613160000, 0x0000000613160000, 0x00000006186b0000)
 concurrent mark-sweep generation total 262144K, used 0K [0x00000006228c0000, 0x00000006328c0000, 0x00000007c0000000)
 concurrent-mark-sweep perm gen total 262144K, used 17315K [0x00000007c0000000, 0x00000007d0000000, 0x0000000800000000)
3.384: [GC 3.385: [ParNew
Desired survivor size 89456640 bytes, new threshold 5 (max 5)
- age   1:   10588112 bytes,   10588112 total
- age   2:   16253480 bytes,   26841592 total
: 113006K->33182K(174784K), 0.0296027 secs] 113006K->33182K(436928K), 0.0306519 secs] [Times: user=0.09 sys=0.03, real=0.03 secs] 
Heap after GC invocations=2 (full 0):
 par new generation   total 174784K, used 33182K [0x000000060dc00000, 0x000000061dc00000, 0x00000006228c0000)
  eden space 87424K,   0% used [0x000000060dc00000, 0x000000060dc00000, 0x0000000613160000)
  from space 87360K,  37% used [0x0000000613160000, 0x00000006151c7a30, 0x00000006186b0000)
  to   space 87360K,   0% used [0x00000006186b0000, 0x00000006186b0000, 0x000000061dc00000)
 concurrent mark-sweep generation total 262144K, used 0K [0x00000006228c0000, 0x00000006328c0000, 0x00000007c0000000)
 concurrent-mark-sweep perm gen total 262144K, used 17315K [0x00000007c0000000, 0x00000007d0000000, 0x0000000800000000)
}
{Heap before GC invocations=2 (full 0):
 par new generation   total 174784K, used 120606K [0x000000060dc00000, 0x000000061dc00000, 0x00000006228c0000)
  eden space 87424K, 100% used [0x000000060dc00000, 0x0000000613160000, 0x0000000613160000)
  from space 87360K,  37% used [0x0000000613160000, 0x00000006151c7a30, 0x00000006186b0000)
  to   space 87360K,   0% used [0x00000006186b0000, 0x00000006186b0000, 0x000000061dc00000)
 concurrent mark-sweep generation total 262144K, used 0K [0x00000006228c0000, 0x00000006328c0000, 0x00000007c0000000)
 concurrent-mark-sweep perm gen total 262144K, used 17912K [0x00000007c0000000, 0x00000007d0000000, 0x0000000800000000)
4.651: [GC 4.651: [ParNew
Desired survivor size 89456640 bytes, new threshold 5 (max 5)
- age   1:    2631040 bytes,    2631040 total
- age   2:    4217504 bytes,    6848544 total
- age   3:   15984192 bytes,   22832736 total
: 120606K->24843K(174784K), 0.0142516 secs] 120606K->24843K(436928K), 0.0143802 secs] [Times: user=0.05 sys=0.00, real=0.02 secs] 
Heap after GC invocations=3 (full 0):
 par new generation   total 174784K, used 24843K [0x000000060dc00000, 0x000000061dc00000, 0x00000006228c0000)
  eden space 87424K,   0% used [0x000000060dc00000, 0x000000060dc00000, 0x0000000613160000)
  from space 87360K,  28% used [0x00000006186b0000, 0x0000000619ef2d38, 0x000000061dc00000)
  to   space 87360K,   0% used [0x0000000613160000, 0x0000000613160000, 0x00000006186b0000)
 concurrent mark-sweep generation total 262144K, used 0K [0x00000006228c0000, 0x00000006328c0000, 0x00000007c0000000)
 concurrent-mark-sweep perm gen total 262144K, used 17912K [0x00000007c0000000, 0x00000007d0000000, 0x0000000800000000)
}
{Heap before GC invocations=3 (full 0):
 par new generation   total 174784K, used 112267K [0x000000060dc00000, 0x000000061dc00000, 0x00000006228c0000)
  eden space 87424K, 100% used [0x000000060dc00000, 0x0000000613160000, 0x0000000613160000)
  from space 87360K,  28% used [0x00000006186b0000, 0x0000000619ef2d38, 0x000000061dc00000)
  to   space 87360K,   0% used [0x0000000613160000, 0x0000000613160000, 0x00000006186b0000)
 concurrent mark-sweep generation total 262144K, used 0K [0x00000006228c0000, 0x00000006328c0000, 0x00000007c0000000)
 concurrent-mark-sweep perm gen total 262144K, used 18341K [0x00000007c0000000, 0x00000007d0000000, 0x0000000800000000)
5.463: [GC 5.463: [ParNew
Desired survivor size 89456640 bytes, new threshold 5 (max 5)
- age   1:    2077568 bytes,    2077568 total
- age   2:    1129880 bytes,    3207448 total
- age   3:    4160048 bytes,    7367496 total
- age   4:   15988208 bytes,   23355704 total
: 112267K->27021K(174784K), 0.0155819 secs] 112267K->27021K(436928K), 0.0156840 secs] [Times: user=0.06 sys=0.00, real=0.01 secs] 
Heap after GC invocations=4 (full 0):
 par new generation   total 174784K, used 27021K [0x000000060dc00000, 0x000000061dc00000, 0x00000006228c0000)
  eden space 87424K,   0% used [0x000000060dc00000, 0x000000060dc00000, 0x0000000613160000)
  from space 87360K,  30% used [0x0000000613160000, 0x0000000614bc35b8, 0x00000006186b0000)
  to   space 87360K,   0% used [0x00000006186b0000, 0x00000006186b0000, 0x000000061dc00000)
 concurrent mark-sweep generation total 262144K, used 0K [0x00000006228c0000, 0x00000006328c0000, 0x00000007c0000000)
 concurrent-mark-sweep perm gen total 262144K, used 18341K [0x00000007c0000000, 0x00000007d0000000, 0x0000000800000000)
}
{Heap before GC invocations=4 (full 0):
 par new generation   total 174784K, used 114445K [0x000000060dc00000, 0x000000061dc00000, 0x00000006228c0000)
  eden space 87424K, 100% used [0x000000060dc00000, 0x0000000613160000, 0x0000000613160000)
  from space 87360K,  30% used [0x0000000613160000, 0x0000000614bc35b8, 0x00000006186b0000)
  to   space 87360K,   0% used [0x00000006186b0000, 0x00000006186b0000, 0x000000061dc00000)
 concurrent mark-sweep generation total 262144K, used 0K [0x00000006228c0000, 0x00000006328c0000, 0x00000007c0000000)
 concurrent-mark-sweep perm gen total 262144K, used 19366K [0x00000007c0000000, 0x00000007d0000000, 0x0000000800000000)
6.461: [GC 6.461: [ParNew
Desired survivor size 89456640 bytes, new threshold 5 (max 5)
- age   1:   14823464 bytes,   14823464 total
- age   2:     743064 bytes,   15566528 total
- age   3:    1064672 bytes,   16631200 total
- age   4:    4149960 bytes,   20781160 total
- age   5:   15972240 bytes,   36753400 total
: 114445K->39819K(174784K), 0.0203119 secs] 114445K->39819K(436928K), 0.0203740 secs] [Times: user=0.11 sys=0.00, real=0.02 secs] 
Heap after GC invocations=5 (full 0):
 par new generation   total 174784K, used 39819K [0x000000060dc00000, 0x000000061dc00000, 0x00000006228c0000)
  eden space 87424K,   0% used [0x000000060dc00000, 0x000000060dc00000, 0x0000000613160000)
  from space 87360K,  45% used [0x00000006186b0000, 0x000000061ad92dd0, 0x000000061dc00000)
  to   space 87360K,   0% used [0x0000000613160000, 0x0000000613160000, 0x00000006186b0000)
 concurrent mark-sweep generation total 262144K, used 0K [0x00000006228c0000, 0x00000006328c0000, 0x00000007c0000000)
 concurrent-mark-sweep perm gen total 262144K, used 19366K [0x00000007c0000000, 0x00000007d0000000, 0x0000000800000000)
}
{Heap before GC invocations=5 (full 0):
 par new generation   total 174784K, used 127243K [0x000000060dc00000, 0x000000061dc00000, 0x00000006228c0000)
  eden space 87424K, 100% used [0x000000060dc00000, 0x0000000613160000, 0x0000000613160000)
  from space 87360K,  45% used [0x00000006186b0000, 0x000000061ad92dd0, 0x000000061dc00000)
  to   space 87360K,   0% used [0x0000000613160000, 0x0000000613160000, 0x00000006186b0000)
 concurrent mark-sweep generation total 262144K, used 0K [0x00000006228c0000, 0x00000006328c0000, 0x00000007c0000000)
 concurrent-mark-sweep perm gen total 262144K, used 20329K [0x00000007c0000000, 0x00000007d0000000, 0x0000000800000000)
7.206: [GC 7.207: [ParNew
Desired survivor size 89456640 bytes, new threshold 5 (max 5)
- age   1:    3576640 bytes,    3576640 total
- age   2:   12147504 bytes,   15724144 total
- age   3:     672480 bytes,   16396624 total
- age   4:     960192 bytes,   17356816 total
- age   5:    4146752 bytes,   21503568 total
: 127243K->25159K(174784K), 0.0538384 secs] 127243K->41518K(436928K), 0.0539005 secs] [Times: user=0.19 sys=0.00, real=0.05 secs] 
Heap after GC invocations=6 (full 0):
 par new generation   total 174784K, used 25159K [0x000000060dc00000, 0x000000061dc00000, 0x00000006228c0000)
  eden space 87424K,   0% used [0x000000060dc00000, 0x000000060dc00000, 0x0000000613160000)
  from space 87360K,  28% used [0x0000000613160000, 0x00000006149f1dc8, 0x00000006186b0000)
  to   space 87360K,   0% used [0x00000006186b0000, 0x00000006186b0000, 0x000000061dc00000)
 concurrent mark-sweep generation total 262144K, used 16359K [0x00000006228c0000, 0x00000006328c0000, 0x00000007c0000000)
 concurrent-mark-sweep perm gen total 262144K, used 20329K [0x00000007c0000000, 0x00000007d0000000, 0x0000000800000000)
}
{Heap before GC invocations=6 (full 0):
 par new generation   total 174784K, used 112583K [0x000000060dc00000, 0x000000061dc00000, 0x00000006228c0000)
  eden space 87424K, 100% used [0x000000060dc00000, 0x0000000613160000, 0x0000000613160000)
  from space 87360K,  28% used [0x0000000613160000, 0x00000006149f1dc8, 0x00000006186b0000)
  to   space 87360K,   0% used [0x00000006186b0000, 0x00000006186b0000, 0x000000061dc00000)
 concurrent mark-sweep generation total 262144K, used 16359K [0x00000006228c0000, 0x00000006328c0000, 0x00000007c0000000)
 concurrent-mark-sweep perm gen total 262144K, used 21307K [0x00000007c0000000, 0x00000007d0000000, 0x0000000800000000)
7.987: [GC 7.988: [ParNew
Desired survivor size 89456640 bytes, new threshold 5 (max 5)
- age   1:    3227808 bytes,    3227808 total
- age   2:    2280656 bytes,    5508464 total
- age   3:   11835392 bytes,   17343856 total
- age   4:     644136 bytes,   17987992 total
- age   5:     811072 bytes,   18799064 total
: 112583K->22221K(174784K), 0.0206619 secs] 128942K->42826K(436928K), 0.0207602 secs] [Times: user=0.09 sys=0.00, real=0.02 secs] 
Heap after GC invocations=7 (full 0):
 par new generation   total 174784K, used 22221K [0x000000060dc00000, 0x000000061dc00000, 0x00000006228c0000)
  eden space 87424K,   0% used [0x000000060dc00000, 0x000000060dc00000, 0x0000000613160000)
  from space 87360K,  25% used [0x00000006186b0000, 0x0000000619c635c0, 0x000000061dc00000)
  to   space 87360K,   0% used [0x0000000613160000, 0x0000000613160000, 0x00000006186b0000)
 concurrent mark-sweep generation total 262144K, used 20605K [0x00000006228c0000, 0x00000006328c0000, 0x00000007c0000000)
 concurrent-mark-sweep perm gen total 262144K, used 21307K [0x00000007c0000000, 0x00000007d0000000, 0x0000000800000000)
}
{Heap before GC invocations=7 (full 0):
 par new generation   total 174784K, used 109645K [0x000000060dc00000, 0x000000061dc00000, 0x00000006228c0000)
  eden space 87424K, 100% used [0x000000060dc00000, 0x0000000613160000, 0x0000000613160000)
  from space 87360K,  25% used [0x00000006186b0000, 0x0000000619c635c0, 0x000000061dc00000)
  to   space 87360K,   0% used [0x0000000613160000, 0x0000000613160000, 0x00000006186b0000)
 concurrent mark-sweep generation total 262144K, used 20605K [0x00000006228c0000, 0x00000006328c0000, 0x00000007c0000000)
 concurrent-mark-sweep perm gen total 262144K, used 22064K [0x00000007c0000000, 0x00000007d0000000, 0x0000000800000000)
8.784: [GC 8.784: [ParNew
Desired survivor size 89456640 bytes, new threshold 5 (max 5)
- age   1:    3298704 bytes,    3298704 total
- age   2:    2191520 bytes,    5490224 total
- age   3:    2071392 bytes,    7561616 total
- age   4:   11674072 bytes,   19235688 total
- age   5:     617688 bytes,   19853376 total
: 109645K->21008K(174784K), 0.0140878 secs] 130250K->42386K(436928K), 0.0141533 secs] [Times: user=0.06 sys=0.00, real=0.01 secs] 
Heap after GC invocations=8 (full 0):
 par new generation   total 174784K, used 21008K [0x000000060dc00000, 0x000000061dc00000, 0x00000006228c0000)
  eden space 87424K,   0% used [0x000000060dc00000, 0x000000060dc00000, 0x0000000613160000)
  from space 87360K,  24% used [0x0000000613160000, 0x00000006145e41e8, 0x00000006186b0000)
  to   space 87360K,   0% used [0x00000006186b0000, 0x00000006186b0000, 0x000000061dc00000)
 concurrent mark-sweep generation total 262144K, used 21377K [0x00000006228c0000, 0x00000006328c0000, 0x00000007c0000000)
 concurrent-mark-sweep perm gen total 262144K, used 22064K [0x00000007c0000000, 0x00000007d0000000, 0x0000000800000000)
}
{Heap before GC invocations=8 (full 0):
 par new generation   total 174784K, used 108432K [0x000000060dc00000, 0x000000061dc00000, 0x00000006228c0000)
  eden space 87424K, 100% used [0x000000060dc00000, 0x0000000613160000, 0x0000000613160000)
  from space 87360K,  24% used [0x0000000613160000, 0x00000006145e41e8, 0x00000006186b0000)
  to   space 87360K,   0% used [0x00000006186b0000, 0x00000006186b0000, 0x000000061dc00000)
 concurrent mark-sweep generation total 262144K, used 21377K [0x00000006228c0000, 0x00000006328c0000, 0x00000007c0000000)
 concurrent-mark-sweep perm gen total 262144K, used 24147K [0x00000007c0000000, 0x00000007d0000000, 0x0000000800000000)
9.973: [GC 9.973: [ParNew
Desired survivor size 89456640 bytes, new threshold 5 (max 5)
- age   1:    4546624 bytes,    4546624 total
- age   2:    1978384 bytes,    6525008 total
- age   3:    2189192 bytes,    8714200 total
- age   4:    2070936 bytes,   10785136 total
- age   5:   11647848 bytes,   22432984 total
: 108432K->26089K(174784K), 0.0158874 secs] 129810K->48073K(436928K), 0.0159529 secs] [Times: user=0.05 sys=0.00, real=0.02 secs] 
Heap after GC invocations=9 (full 0):
 par new generation   total 174784K, used 26089K [0x000000060dc00000, 0x000000061dc00000, 0x00000006228c0000)
  eden space 87424K,   0% used [0x000000060dc00000, 0x000000060dc00000, 0x0000000613160000)
  from space 87360K,  29% used [0x00000006186b0000, 0x000000061a02a6a8, 0x000000061dc00000)
  to   space 87360K,   0% used [0x0000000613160000, 0x0000000613160000, 0x00000006186b0000)
 concurrent mark-sweep generation total 262144K, used 21984K [0x00000006228c0000, 0x00000006328c0000, 0x00000007c0000000)
 concurrent-mark-sweep perm gen total 262144K, used 24147K [0x00000007c0000000, 0x00000007d0000000, 0x0000000800000000)
}
{Heap before GC invocations=9 (full 0):
 par new generation   total 174784K, used 112909K [0x000000060dc00000, 0x000000061dc00000, 0x00000006228c0000)
  eden space 87424K,  99% used [0x000000060dc00000, 0x00000006130c8dd0, 0x0000000613160000)
  from space 87360K,  29% used [0x00000006186b0000, 0x000000061a02a6a8, 0x000000061dc00000)
  to   space 87360K,   0% used [0x0000000613160000, 0x0000000613160000, 0x00000006186b0000)
 concurrent mark-sweep generation total 262144K, used 21984K [0x00000006228c0000, 0x00000006328c0000, 0x00000007c0000000)
 concurrent-mark-sweep perm gen total 262144K, used 25000K [0x00000007c0000000, 0x00000007d0000000, 0x0000000800000000)
11.540: [GC 11.540: [ParNew
Desired survivor size 89456640 bytes, new threshold 5 (max 5)
- age   1:    2600920 bytes,    2600920 total
- age   2:    3251608 bytes,    5852528 total
- age   3:    1927104 bytes,    7779632 total
- age   4:    2187928 bytes,    9967560 total
- age   5:    2044536 bytes,   12012096 total
: 112909K->13304K(174784K), 0.0185680 secs] 134893K->46683K(436928K), 0.0186335 secs] [Times: user=0.05 sys=0.02, real=0.02 secs] 
Heap after GC invocations=10 (full 0):
 par new generation   total 174784K, used 13304K [0x000000060dc00000, 0x000000061dc00000, 0x00000006228c0000)
  eden space 87424K,   0% used [0x000000060dc00000, 0x000000060dc00000, 0x0000000613160000)
  from space 87360K,  15% used [0x0000000613160000, 0x0000000613e5e3a0, 0x00000006186b0000)
  to   space 87360K,   0% used [0x00000006186b0000, 0x00000006186b0000, 0x000000061dc00000)
 concurrent mark-sweep generation total 262144K, used 33378K [0x00000006228c0000, 0x00000006328c0000, 0x00000007c0000000)
 concurrent-mark-sweep perm gen total 262144K, used 25000K [0x00000007c0000000, 0x00000007d0000000, 0x0000000800000000)
}
{Heap before GC invocations=10 (full 0):
 par new generation   total 174784K, used 100728K [0x000000060dc00000, 0x000000061dc00000, 0x00000006228c0000)
  eden space 87424K, 100% used [0x000000060dc00000, 0x0000000613160000, 0x0000000613160000)
  from space 87360K,  15% used [0x0000000613160000, 0x0000000613e5e3a0, 0x00000006186b0000)
  to   space 87360K,   0% used [0x00000006186b0000, 0x00000006186b0000, 0x000000061dc00000)
 concurrent mark-sweep generation total 262144K, used 33378K [0x00000006228c0000, 0x00000006328c0000, 0x00000007c0000000)
 concurrent-mark-sweep perm gen total 262144K, used 26205K [0x00000007c0000000, 0x00000007d0000000, 0x0000000800000000)
12.339: [GC 12.339: [ParNew
Desired survivor size 89456640 bytes, new threshold 5 (max 5)
- age   1:    6970304 bytes,    6970304 total
- age   2:    1000120 bytes,    7970424 total
- age   3:    3229288 bytes,   11199712 total
- age   4:    1910376 bytes,   13110088 total
- age   5:    2169616 bytes,   15279704 total
: 100728K->16599K(174784K), 0.0162922 secs] 134107K->51972K(436928K), 0.0163494 secs] [Times: user=0.06 sys=0.00, real=0.02 secs] 
Heap after GC invocations=11 (full 0):
 par new generation   total 174784K, used 16599K [0x000000060dc00000, 0x000000061dc00000, 0x00000006228c0000)
  eden space 87424K,   0% used [0x000000060dc00000, 0x000000060dc00000, 0x0000000613160000)
  from space 87360K,  19% used [0x00000006186b0000, 0x00000006196e5e70, 0x000000061dc00000)
  to   space 87360K,   0% used [0x0000000613160000, 0x0000000613160000, 0x00000006186b0000)
 concurrent mark-sweep generation total 262144K, used 35372K [0x00000006228c0000, 0x00000006328c0000, 0x00000007c0000000)
 concurrent-mark-sweep perm gen total 262144K, used 26205K [0x00000007c0000000, 0x00000007d0000000, 0x0000000800000000)
}
{Heap before GC invocations=11 (full 0):
 par new generation   total 174784K, used 104023K [0x000000060dc00000, 0x000000061dc00000, 0x00000006228c0000)
  eden space 87424K, 100% used [0x000000060dc00000, 0x0000000613160000, 0x0000000613160000)
  from space 87360K,  19% used [0x00000006186b0000, 0x00000006196e5e70, 0x000000061dc00000)
  to   space 87360K,   0% used [0x0000000613160000, 0x0000000613160000, 0x00000006186b0000)
 concurrent mark-sweep generation total 262144K, used 35372K [0x00000006228c0000, 0x00000006328c0000, 0x00000007c0000000)
 concurrent-mark-sweep perm gen total 262144K, used 26345K [0x00000007c0000000, 0x00000007d0000000, 0x0000000800000000)
13.095: [GC 13.095: [ParNew
Desired survivor size 89456640 bytes, new threshold 5 (max 5)
- age   1:   18747456 bytes,   18747456 total
- age   2:    4460600 bytes,   23208056 total
- age   3:     981904 bytes,   24189960 total
- age   4:    3228184 bytes,   27418144 total
- age   5:    1910280 bytes,   29328424 total
: 104023K->34616K(174784K), 0.0281302 secs] 139396K->72131K(436928K), 0.0281884 secs] [Times: user=0.06 sys=0.00, real=0.03 secs] 
Heap after GC invocations=12 (full 0):
 par new generation   total 174784K, used 34616K [0x000000060dc00000, 0x000000061dc00000, 0x00000006228c0000)
  eden space 87424K,   0% used [0x000000060dc00000, 0x000000060dc00000, 0x0000000613160000)
  from space 87360K,  39% used [0x0000000613160000, 0x000000061532e3b8, 0x00000006186b0000)
  to   space 87360K,   0% used [0x00000006186b0000, 0x00000006186b0000, 0x000000061dc00000)
 concurrent mark-sweep generation total 262144K, used 37515K [0x00000006228c0000, 0x00000006328c0000, 0x00000007c0000000)
 concurrent-mark-sweep perm gen total 262144K, used 26345K [0x00000007c0000000, 0x00000007d0000000, 0x0000000800000000)
}
{Heap before GC invocations=12 (full 0):
 par new generation   total 174784K, used 122040K [0x000000060dc00000, 0x000000061dc00000, 0x00000006228c0000)
  eden space 87424K, 100% used [0x000000060dc00000, 0x0000000613160000, 0x0000000613160000)
  from space 87360K,  39% used [0x0000000613160000, 0x000000061532e3b8, 0x00000006186b0000)
  to   space 87360K,   0% used [0x00000006186b0000, 0x00000006186b0000, 0x000000061dc00000)
 concurrent mark-sweep generation total 262144K, used 37515K [0x00000006228c0000, 0x00000006328c0000, 0x00000007c0000000)
 concurrent-mark-sweep perm gen total 262144K, used 26381K [0x00000007c0000000, 0x00000007d0000000, 0x0000000800000000)
13.858: [GC 13.858: [ParNew
Desired survivor size 89456640 bytes, new threshold 5 (max 5)
- age   1:   21728752 bytes,   21728752 total
- age   2:     799296 bytes,   22528048 total
- age   3:    1443848 bytes,   23971896 total
- age   4:     953104 bytes,   24925000 total
- age   5:    3228088 bytes,   28153088 total
: 122040K->29549K(174784K), 0.0217551 secs] 159555K->68941K(436928K), 0.0218137 secs] [Times: user=0.01 sys=0.00, real=0.02 secs] 
Heap after GC invocations=13 (full 0):
 par new generation   total 174784K, used 29549K [0x000000060dc00000, 0x000000061dc00000, 0x00000006228c0000)
  eden space 87424K,   0% used [0x000000060dc00000, 0x000000060dc00000, 0x0000000613160000)
  from space 87360K,  33% used [0x00000006186b0000, 0x000000061a38b4f8, 0x000000061dc00000)
  to   space 87360K,   0% used [0x0000000613160000, 0x0000000613160000, 0x00000006186b0000)
 concurrent mark-sweep generation total 262144K, used 39392K [0x00000006228c0000, 0x00000006328c0000, 0x00000007c0000000)
 concurrent-mark-sweep perm gen total 262144K, used 26381K [0x00000007c0000000, 0x00000007d0000000, 0x0000000800000000)
}
{Heap before GC invocations=13 (full 0):
 par new generation   total 174784K, used 116973K [0x000000060dc00000, 0x000000061dc00000, 0x00000006228c0000)
  eden space 87424K, 100% used [0x000000060dc00000, 0x0000000613160000, 0x0000000613160000)
  from space 87360K,  33% used [0x00000006186b0000, 0x000000061a38b4f8, 0x000000061dc00000)
  to   space 87360K,   0% used [0x0000000613160000, 0x0000000613160000, 0x00000006186b0000)
 concurrent mark-sweep generation total 262144K, used 39392K [0x00000006228c0000, 0x00000006328c0000, 0x00000007c0000000)
 concurrent-mark-sweep perm gen total 262144K, used 27348K [0x00000007c0000000, 0x00000007d0000000, 0x0000000800000000)
14.940: [GC 14.940: [ParNew
Desired survivor size 89456640 bytes, new threshold 5 (max 5)
- age   1:   10151352 bytes,   10151352 total
- age   2:    3884352 bytes,   14035704 total
- age   3:     576568 bytes,   14612272 total
- age   4:    1442720 bytes,   16054992 total
- age   5:     953064 bytes,   17008056 total
: 116973K->21121K(174784K), 0.0196030 secs] 156365K->63674K(436928K), 0.0196646 secs] [Times: user=0.06 sys=0.00, real=0.02 secs] 
Heap after GC invocations=14 (full 0):
 par new generation   total 174784K, used 21121K [0x000000060dc00000, 0x000000061dc00000, 0x00000006228c0000)
  eden space 87424K,   0% used [0x000000060dc00000, 0x000000060dc00000, 0x0000000613160000)
  from space 87360K,  24% used [0x0000000613160000, 0x00000006146005b8, 0x00000006186b0000)
  to   space 87360K,   0% used [0x00000006186b0000, 0x00000006186b0000, 0x000000061dc00000)
 concurrent mark-sweep generation total 262144K, used 42552K [0x00000006228c0000, 0x00000006328c0000, 0x00000007c0000000)
 concurrent-mark-sweep perm gen total 262144K, used 27348K [0x00000007c0000000, 0x00000007d0000000, 0x0000000800000000)
}
{Heap before GC invocations=14 (full 0):
 par new generation   total 174784K, used 108545K [0x000000060dc00000, 0x000000061dc00000, 0x00000006228c0000)
  eden space 87424K, 100% used [0x000000060dc00000, 0x0000000613160000, 0x0000000613160000)
  from space 87360K,  24% used [0x0000000613160000, 0x00000006146005b8, 0x00000006186b0000)
  to   space 87360K,   0% used [0x00000006186b0000, 0x00000006186b0000, 0x000000061dc00000)
 concurrent mark-sweep generation total 262144K, used 42552K [0x00000006228c0000, 0x00000006328c0000, 0x00000007c0000000)
 concurrent-mark-sweep perm gen total 262144K, used 28039K [0x00000007c0000000, 0x00000007d0000000, 0x0000000800000000)
15.356: [GC 15.356: [ParNew
Desired survivor size 89456640 bytes, new threshold 5 (max 5)
- age   1:    2662008 bytes,    2662008 total
- age   2:     930352 bytes,    3592360 total
- age   3:    1135880 bytes,    4728240 total
- age   4:     576568 bytes,    5304808 total
- age   5:    1442424 bytes,    6747232 total
: 108545K->8449K(174784K), 0.0096790 secs] 151098K->51932K(436928K), 0.0097426 secs] [Times: user=0.00 sys=0.00, real=0.01 secs] 
Heap after GC invocations=15 (full 0):
 par new generation   total 174784K, used 8449K [0x000000060dc00000, 0x000000061dc00000, 0x00000006228c0000)
  eden space 87424K,   0% used [0x000000060dc00000, 0x000000060dc00000, 0x0000000613160000)
  from space 87360K,   9% used [0x00000006186b0000, 0x0000000618ef0550, 0x000000061dc00000)
  to   space 87360K,   0% used [0x0000000613160000, 0x0000000613160000, 0x00000006186b0000)
 concurrent mark-sweep generation total 262144K, used 43483K [0x00000006228c0000, 0x00000006328c0000, 0x00000007c0000000)
 concurrent-mark-sweep perm gen total 262144K, used 28039K [0x00000007c0000000, 0x00000007d0000000, 0x0000000800000000)
}
{Heap before GC invocations=15 (full 0):
 par new generation   total 174784K, used 95873K [0x000000060dc00000, 0x000000061dc00000, 0x00000006228c0000)
  eden space 87424K, 100% used [0x000000060dc00000, 0x0000000613160000, 0x0000000613160000)
  from space 87360K,   9% used [0x00000006186b0000, 0x0000000618ef0550, 0x000000061dc00000)
  to   space 87360K,   0% used [0x0000000613160000, 0x0000000613160000, 0x00000006186b0000)
 concurrent mark-sweep generation total 262144K, used 43483K [0x00000006228c0000, 0x00000006328c0000, 0x00000007c0000000)
 concurrent-mark-sweep perm gen total 262144K, used 28675K [0x00000007c0000000, 0x00000007d0000000, 0x0000000800000000)
15.575: [GC 15.575: [ParNew
Desired survivor size 89456640 bytes, new threshold 5 (max 5)
- age   1:    4438416 bytes,    4438416 total
- age   2:     678248 bytes,    5116664 total
- age   3:     929688 bytes,    6046352 total
- age   4:    1135880 bytes,    7182232 total
- age   5:     576568 bytes,    7758800 total
: 95873K->9079K(174784K), 0.0107135 secs] 139356K->54001K(436928K), 0.0107741 secs] [Times: user=0.00 sys=0.00, real=0.01 secs] 
Heap after GC invocations=16 (full 0):
 par new generation   total 174784K, used 9079K [0x000000060dc00000, 0x000000061dc00000, 0x00000006228c0000)
  eden space 87424K,   0% used [0x000000060dc00000, 0x000000060dc00000, 0x0000000613160000)
  from space 87360K,  10% used [0x0000000613160000, 0x0000000613a3dcb8, 0x00000006186b0000)
  to   space 87360K,   0% used [0x00000006186b0000, 0x00000006186b0000, 0x000000061dc00000)
 concurrent mark-sweep generation total 262144K, used 44922K [0x00000006228c0000, 0x00000006328c0000, 0x00000007c0000000)
 concurrent-mark-sweep perm gen total 262144K, used 28675K [0x00000007c0000000, 0x00000007d0000000, 0x0000000800000000)
}
{Heap before GC invocations=16 (full 0):
 par new generation   total 174784K, used 96503K [0x000000060dc00000, 0x000000061dc00000, 0x00000006228c0000)
  eden space 87424K, 100% used [0x000000060dc00000, 0x0000000613160000, 0x0000000613160000)
  from space 87360K,  10% used [0x0000000613160000, 0x0000000613a3dcb8, 0x00000006186b0000)
  to   space 87360K,   0% used [0x00000006186b0000, 0x00000006186b0000, 0x000000061dc00000)
 concurrent mark-sweep generation total 262144K, used 44922K [0x00000006228c0000, 0x00000006328c0000, 0x00000007c0000000)
 concurrent-mark-sweep perm gen total 262144K, used 29243K [0x00000007c0000000, 0x00000007d0000000, 0x0000000800000000)
15.758: [GC 15.758: [ParNew
Desired survivor size 89456640 bytes, new threshold 5 (max 5)
- age   1:    2538800 bytes,    2538800 total
- age   2:    1441648 bytes,    3980448 total
- age   3:     660696 bytes,    4641144 total
- age   4:     926528 bytes,    5567672 total
- age   5:    1135880 bytes,    6703552 total
: 96503K->8322K(174784K), 0.0086299 secs] 141425K->53810K(436928K), 0.0086905 secs] [Times: user=0.06 sys=0.00, real=0.01 secs] 
Heap after GC invocations=17 (full 0):
 par new generation   total 174784K, used 8322K [0x000000060dc00000, 0x000000061dc00000, 0x00000006228c0000)
  eden space 87424K,   0% used [0x000000060dc00000, 0x000000060dc00000, 0x0000000613160000)
  from space 87360K,   9% used [0x00000006186b0000, 0x0000000618ed0be0, 0x000000061dc00000)
  to   space 87360K,   0% used [0x0000000613160000, 0x0000000613160000, 0x00000006186b0000)
 concurrent mark-sweep generation total 262144K, used 45487K [0x00000006228c0000, 0x00000006328c0000, 0x00000007c0000000)
 concurrent-mark-sweep perm gen total 262144K, used 29243K [0x00000007c0000000, 0x00000007d0000000, 0x0000000800000000)
}
{Heap before GC invocations=17 (full 0):
 par new generation   total 174784K, used 95746K [0x000000060dc00000, 0x000000061dc00000, 0x00000006228c0000)
  eden space 87424K, 100% used [0x000000060dc00000, 0x0000000613160000, 0x0000000613160000)
  from space 87360K,   9% used [0x00000006186b0000, 0x0000000618ed0be0, 0x000000061dc00000)
  to   space 87360K,   0% used [0x0000000613160000, 0x0000000613160000, 0x00000006186b0000)
 concurrent mark-sweep generation total 262144K, used 45487K [0x00000006228c0000, 0x00000006328c0000, 0x00000007c0000000)
 concurrent-mark-sweep perm gen total 262144K, used 29856K [0x00000007c0000000, 0x00000007d0000000, 0x0000000800000000)
15.976: [GC 15.976: [ParNew
Desired survivor size 89456640 bytes, new threshold 5 (max 5)
- age   1:    3115488 bytes,    3115488 total
- age   2:    1349768 bytes,    4465256 total
- age   3:    1435632 bytes,    5900888 total
- age   4:     659696 bytes,    6560584 total
- age   5:     922136 bytes,    7482720 total
: 95746K->8654K(174784K), 0.0109301 secs] 141234K->55256K(436928K), 0.0109834 secs] [Times: user=0.06 sys=0.00, real=0.01 secs] 
Heap after GC invocations=18 (full 0):
 par new generation   total 174784K, used 8654K [0x000000060dc00000, 0x000000061dc00000, 0x00000006228c0000)
  eden space 87424K,   0% used [0x000000060dc00000, 0x000000060dc00000, 0x0000000613160000)
  from space 87360K,   9% used [0x0000000613160000, 0x00000006139d3b10, 0x00000006186b0000)
  to   space 87360K,   0% used [0x00000006186b0000, 0x00000006186b0000, 0x000000061dc00000)
 concurrent mark-sweep generation total 262144K, used 46601K [0x00000006228c0000, 0x00000006328c0000, 0x00000007c0000000)
 concurrent-mark-sweep perm gen total 262144K, used 29856K [0x00000007c0000000, 0x00000007d0000000, 0x0000000800000000)
}
{Heap before GC invocations=18 (full 0):
 par new generation   total 174784K, used 96078K [0x000000060dc00000, 0x000000061dc00000, 0x00000006228c0000)
  eden space 87424K, 100% used [0x000000060dc00000, 0x0000000613160000, 0x0000000613160000)
  from space 87360K,   9% used [0x0000000613160000, 0x00000006139d3b10, 0x00000006186b0000)
  to   space 87360K,   0% used [0x00000006186b0000, 0x00000006186b0000, 0x000000061dc00000)
 concurrent mark-sweep generation total 262144K, used 46601K [0x00000006228c0000, 0x00000006328c0000, 0x00000007c0000000)
 concurrent-mark-sweep perm gen total 262144K, used 30644K [0x00000007c0000000, 0x00000007d0000000, 0x0000000800000000)
16.216: [GC 16.217: [ParNew
Desired survivor size 89456640 bytes, new threshold 5 (max 5)
- age   1:    2418768 bytes,    2418768 total
- age   2:    1497504 bytes,    3916272 total
- age   3:    1349768 bytes,    5266040 total
- age   4:    1434936 bytes,    6700976 total
- age   5:     659696 bytes,    7360672 total
: 96078K->8500K(174784K), 0.0104974 secs] 142680K->56019K(436928K), 0.0106206 secs] [Times: user=0.00 sys=0.00, real=0.01 secs] 
Heap after GC invocations=19 (full 0):
 par new generation   total 174784K, used 8500K [0x000000060dc00000, 0x000000061dc00000, 0x00000006228c0000)
  eden space 87424K,   0% used [0x000000060dc00000, 0x000000060dc00000, 0x0000000613160000)
  from space 87360K,   9% used [0x00000006186b0000, 0x0000000618efd070, 0x000000061dc00000)
  to   space 87360K,   0% used [0x0000000613160000, 0x0000000613160000, 0x00000006186b0000)
 concurrent mark-sweep generation total 262144K, used 47519K [0x00000006228c0000, 0x00000006328c0000, 0x00000007c0000000)
 concurrent-mark-sweep perm gen total 262144K, used 30644K [0x00000007c0000000, 0x00000007d0000000, 0x0000000800000000)
}
{Heap before GC invocations=19 (full 0):
 par new generation   total 174784K, used 95924K [0x000000060dc00000, 0x000000061dc00000, 0x00000006228c0000)
  eden space 87424K, 100% used [0x000000060dc00000, 0x0000000613160000, 0x0000000613160000)
  from space 87360K,   9% used [0x00000006186b0000, 0x0000000618efd070, 0x000000061dc00000)
  to   space 87360K,   0% used [0x0000000613160000, 0x0000000613160000, 0x00000006186b0000)
 concurrent mark-sweep generation total 262144K, used 47519K [0x00000006228c0000, 0x00000006328c0000, 0x00000007c0000000)
 concurrent-mark-sweep perm gen total 262144K, used 31141K [0x00000007c0000000, 0x00000007d0000000, 0x0000000800000000)
16.433: [GC 16.433: [ParNew
Desired survivor size 89456640 bytes, new threshold 5 (max 5)
- age   1:    4598624 bytes,    4598624 total
- age   2:     392552 bytes,    4991176 total
- age   3:    1494832 bytes,    6486008 total
- age   4:    1349768 bytes,    7835776 total
- age   5:    1434744 bytes,    9270520 total
: 95924K->12218K(174784K), 0.0111022 secs] 143443K->60388K(436928K), 0.0111687 secs] [Times: user=0.00 sys=0.00, real=0.01 secs] 
Heap after GC invocations=20 (full 0):
 par new generation   total 174784K, used 12218K [0x000000060dc00000, 0x000000061dc00000, 0x00000006228c0000)
  eden space 87424K,   0% used [0x000000060dc00000, 0x000000060dc00000, 0x0000000613160000)
  from space 87360K,  13% used [0x0000000613160000, 0x0000000613d4ea08, 0x00000006186b0000)
  to   space 87360K,   0% used [0x00000006186b0000, 0x00000006186b0000, 0x000000061dc00000)
 concurrent mark-sweep generation total 262144K, used 48170K [0x00000006228c0000, 0x00000006328c0000, 0x00000007c0000000)
 concurrent-mark-sweep perm gen total 262144K, used 31141K [0x00000007c0000000, 0x00000007d0000000, 0x0000000800000000)
}
{Heap before GC invocations=20 (full 0):
 par new generation   total 174784K, used 99642K [0x000000060dc00000, 0x000000061dc00000, 0x00000006228c0000)
  eden space 87424K, 100% used [0x000000060dc00000, 0x0000000613160000, 0x0000000613160000)
  from space 87360K,  13% used [0x0000000613160000, 0x0000000613d4ea08, 0x00000006186b0000)
  to   space 87360K,   0% used [0x00000006186b0000, 0x00000006186b0000, 0x000000061dc00000)
 concurrent mark-sweep generation total 262144K, used 48170K [0x00000006228c0000, 0x00000006328c0000, 0x00000007c0000000)
 concurrent-mark-sweep perm gen total 262144K, used 31525K [0x00000007c0000000, 0x00000007d0000000, 0x0000000800000000)
16.621: [GC 16.621: [ParNew
Desired survivor size 89456640 bytes, new threshold 5 (max 5)
- age   1:    6834496 bytes,    6834496 total
- age   2:    2612480 bytes,    9446976 total
- age   3:     383960 bytes,    9830936 total
- age   4:    1493440 bytes,   11324376 total
- age   5:    1349768 bytes,   12674144 total
: 99642K->14117K(174784K), 0.0156239 secs] 147812K->63707K(436928K), 0.0156855 secs] [Times: user=0.06 sys=0.00, real=0.02 secs] 
Heap after GC invocations=21 (full 0):
 par new generation   total 174784K, used 14117K [0x000000060dc00000, 0x000000061dc00000, 0x00000006228c0000)
  eden space 87424K,   0% used [0x000000060dc00000, 0x000000060dc00000, 0x0000000613160000)
  from space 87360K,  16% used [0x00000006186b0000, 0x00000006194797e0, 0x000000061dc00000)
  to   space 87360K,   0% used [0x0000000613160000, 0x0000000613160000, 0x00000006186b0000)
 concurrent mark-sweep generation total 262144K, used 49589K [0x00000006228c0000, 0x00000006328c0000, 0x00000007c0000000)
 concurrent-mark-sweep perm gen total 262144K, used 31525K [0x00000007c0000000, 0x00000007d0000000, 0x0000000800000000)
}
{Heap before GC invocations=21 (full 0):
 par new generation   total 174784K, used 101541K [0x000000060dc00000, 0x000000061dc00000, 0x00000006228c0000)
  eden space 87424K, 100% used [0x000000060dc00000, 0x0000000613160000, 0x0000000613160000)
  from space 87360K,  16% used [0x00000006186b0000, 0x00000006194797e0, 0x000000061dc00000)
  to   space 87360K,   0% used [0x0000000613160000, 0x0000000613160000, 0x00000006186b0000)
 concurrent mark-sweep generation total 262144K, used 49589K [0x00000006228c0000, 0x00000006328c0000, 0x00000007c0000000)
 concurrent-mark-sweep perm gen total 262144K, used 32303K [0x00000007c0000000, 0x00000007d0000000, 0x0000000800000000)
16.914: [GC 16.915: [ParNew
Desired survivor size 89456640 bytes, new threshold 5 (max 5)
- age   1:    3631672 bytes,    3631672 total
- age   2:    4875928 bytes,    8507600 total
- age   3:    2600072 bytes,   11107672 total
- age   4:     383960 bytes,   11491632 total
- age   5:    1493104 bytes,   12984736 total
: 101541K->17237K(174784K), 0.0147840 secs] 151131K->68185K(436928K), 0.0148515 secs] [Times: user=0.05 sys=0.00, real=0.01 secs] 
Heap after GC invocations=22 (full 0):
 par new generation   total 174784K, used 17237K [0x000000060dc00000, 0x000000061dc00000, 0x00000006228c0000)
  eden space 87424K,   0% used [0x000000060dc00000, 0x000000060dc00000, 0x0000000613160000)
  from space 87360K,  19% used [0x0000000613160000, 0x00000006142355a0, 0x00000006186b0000)
  to   space 87360K,   0% used [0x00000006186b0000, 0x00000006186b0000, 0x000000061dc00000)
 concurrent mark-sweep generation total 262144K, used 50948K [0x00000006228c0000, 0x00000006328c0000, 0x00000007c0000000)
 concurrent-mark-sweep perm gen total 262144K, used 32303K [0x00000007c0000000, 0x00000007d0000000, 0x0000000800000000)
}
{Heap before GC invocations=22 (full 0):
 par new generation   total 174784K, used 104661K [0x000000060dc00000, 0x000000061dc00000, 0x00000006228c0000)
  eden space 87424K, 100% used [0x000000060dc00000, 0x0000000613160000, 0x0000000613160000)
  from space 87360K,  19% used [0x0000000613160000, 0x00000006142355a0, 0x00000006186b0000)
  to   space 87360K,   0% used [0x00000006186b0000, 0x00000006186b0000, 0x000000061dc00000)
 concurrent mark-sweep generation total 262144K, used 50948K [0x00000006228c0000, 0x00000006328c0000, 0x00000007c0000000)
 concurrent-mark-sweep perm gen total 262144K, used 32909K [0x00000007c0000000, 0x00000007d0000000, 0x0000000800000000)
17.171: [GC 17.171: [ParNew
Desired survivor size 89456640 bytes, new threshold 5 (max 5)
- age   1:    3213536 bytes,    3213536 total
- age   2:    1618304 bytes,    4831840 total
- age   3:    4875928 bytes,    9707768 total
- age   4:    2599928 bytes,   12307696 total
- age   5:     383960 bytes,   12691656 total
: 104661K->14782K(174784K), 0.0150495 secs] 155609K->67227K(436928K), 0.0151130 secs] [Times: user=0.06 sys=0.00, real=0.02 secs] 
Heap after GC invocations=23 (full 0):
 par new generation   total 174784K, used 14782K [0x000000060dc00000, 0x000000061dc00000, 0x00000006228c0000)
  eden space 87424K,   0% used [0x000000060dc00000, 0x000000060dc00000, 0x0000000613160000)
  from space 87360K,  16% used [0x00000006186b0000, 0x000000061951f920, 0x000000061dc00000)
  to   space 87360K,   0% used [0x0000000613160000, 0x0000000613160000, 0x00000006186b0000)
 concurrent mark-sweep generation total 262144K, used 52445K [0x00000006228c0000, 0x00000006328c0000, 0x00000007c0000000)
 concurrent-mark-sweep perm gen total 262144K, used 32909K [0x00000007c0000000, 0x00000007d0000000, 0x0000000800000000)
}
{Heap before GC invocations=23 (full 0):
 par new generation   total 174784K, used 102206K [0x000000060dc00000, 0x000000061dc00000, 0x00000006228c0000)
  eden space 87424K, 100% used [0x000000060dc00000, 0x0000000613160000, 0x0000000613160000)
  from space 87360K,  16% used [0x00000006186b0000, 0x000000061951f920, 0x000000061dc00000)
  to   space 87360K,   0% used [0x0000000613160000, 0x0000000613160000, 0x00000006186b0000)
 concurrent mark-sweep generation total 262144K, used 52445K [0x00000006228c0000, 0x00000006328c0000, 0x00000007c0000000)
 concurrent-mark-sweep perm gen total 262144K, used 33592K [0x00000007c0000000, 0x00000007d0000000, 0x0000000800000000)
17.413: [GC 17.413: [ParNew
Desired survivor size 89456640 bytes, new threshold 5 (max 5)
- age   1:    2336520 bytes,    2336520 total
- age   2:    1007400 bytes,    3343920 total
- age   3:    1613520 bytes,    4957440 total
- age   4:    4875928 bytes,    9833368 total
- age   5:    2599080 bytes,   12432448 total
: 102206K->18046K(174784K), 0.0143034 secs] 154651K->70869K(436928K), 0.0143665 secs] [Times: user=0.06 sys=0.00, real=0.01 secs] 
Heap after GC invocations=24 (full 0):
 par new generation   total 174784K, used 18046K [0x000000060dc00000, 0x000000061dc00000, 0x00000006228c0000)
  eden space 87424K,   0% used [0x000000060dc00000, 0x000000060dc00000, 0x0000000613160000)
  from space 87360K,  20% used [0x0000000613160000, 0x00000006142ffae8, 0x00000006186b0000)
  to   space 87360K,   0% used [0x00000006186b0000, 0x00000006186b0000, 0x000000061dc00000)
 concurrent mark-sweep generation total 262144K, used 52823K [0x00000006228c0000, 0x00000006328c0000, 0x00000007c0000000)
 concurrent-mark-sweep perm gen total 262144K, used 33592K [0x00000007c0000000, 0x00000007d0000000, 0x0000000800000000)
}
{Heap before GC invocations=24 (full 0):
 par new generation   total 174784K, used 105470K [0x000000060dc00000, 0x000000061dc00000, 0x00000006228c0000)
  eden space 87424K, 100% used [0x000000060dc00000, 0x0000000613160000, 0x0000000613160000)
  from space 87360K,  20% used [0x0000000613160000, 0x00000006142ffae8, 0x00000006186b0000)
  to   space 87360K,   0% used [0x00000006186b0000, 0x00000006186b0000, 0x000000061dc00000)
 concurrent mark-sweep generation total 262144K, used 52823K [0x00000006228c0000, 0x00000006328c0000, 0x00000007c0000000)
 concurrent-mark-sweep perm gen total 262144K, used 34069K [0x00000007c0000000, 0x00000007d0000000, 0x0000000800000000)
17.642: [GC 17.642: [ParNew
Desired survivor size 89456640 bytes, new threshold 5 (max 5)
- age   1:    1716528 bytes,    1716528 total
- age   2:     595976 bytes,    2312504 total
- age   3:    1007528 bytes,    3320032 total
- age   4:    1613376 bytes,    4933408 total
- age   5:    4875952 bytes,    9809360 total
: 105470K->11226K(174784K), 0.0150847 secs] 158293K->66665K(436928K), 0.0151424 secs] [Times: user=0.06 sys=0.00, real=0.01 secs] 
Heap after GC invocations=25 (full 0):
 par new generation   total 174784K, used 11226K [0x000000060dc00000, 0x000000061dc00000, 0x00000006228c0000)
  eden space 87424K,   0% used [0x000000060dc00000, 0x000000060dc00000, 0x0000000613160000)
  from space 87360K,  12% used [0x00000006186b0000, 0x00000006191a6ab0, 0x000000061dc00000)
  to   space 87360K,   0% used [0x0000000613160000, 0x0000000613160000, 0x00000006186b0000)
 concurrent mark-sweep generation total 262144K, used 55438K [0x00000006228c0000, 0x00000006328c0000, 0x00000007c0000000)
 concurrent-mark-sweep perm gen total 262144K, used 34069K [0x00000007c0000000, 0x00000007d0000000, 0x0000000800000000)
}
{Heap before GC invocations=25 (full 0):
 par new generation   total 174784K, used 98650K [0x000000060dc00000, 0x000000061dc00000, 0x00000006228c0000)
  eden space 87424K, 100% used [0x000000060dc00000, 0x0000000613160000, 0x0000000613160000)
  from space 87360K,  12% used [0x00000006186b0000, 0x00000006191a6ab0, 0x000000061dc00000)
  to   space 87360K,   0% used [0x0000000613160000, 0x0000000613160000, 0x00000006186b0000)
 concurrent mark-sweep generation total 262144K, used 55438K [0x00000006228c0000, 0x00000006328c0000, 0x00000007c0000000)
 concurrent-mark-sweep perm gen total 262144K, used 34265K [0x00000007c0000000, 0x00000007d0000000, 0x0000000800000000)
17.822: [GC 17.822: [ParNew
Desired survivor size 89456640 bytes, new threshold 5 (max 5)
- age   1:    1812600 bytes,    1812600 total
- age   2:     262912 bytes,    2075512 total
- age   3:     595344 bytes,    2670856 total
- age   4:    1007360 bytes,    3678216 total
- age   5:    1611232 bytes,    5289448 total
: 98650K->8825K(174784K), 0.0155374 secs] 154089K->69251K(436928K), 0.0156039 secs] [Times: user=0.02 sys=0.00, real=0.02 secs] 
Heap after GC invocations=26 (full 0):
 par new generation   total 174784K, used 8825K [0x000000060dc00000, 0x000000061dc00000, 0x00000006228c0000)
  eden space 87424K,   0% used [0x000000060dc00000, 0x000000060dc00000, 0x0000000613160000)
  from space 87360K,  10% used [0x0000000613160000, 0x00000006139fe698, 0x00000006186b0000)
  to   space 87360K,   0% used [0x00000006186b0000, 0x00000006186b0000, 0x000000061dc00000)
 concurrent mark-sweep generation total 262144K, used 60425K [0x00000006228c0000, 0x00000006328c0000, 0x00000007c0000000)
 concurrent-mark-sweep perm gen total 262144K, used 34265K [0x00000007c0000000, 0x00000007d0000000, 0x0000000800000000)
}
{Heap before GC invocations=26 (full 0):
 par new generation   total 174784K, used 96249K [0x000000060dc00000, 0x000000061dc00000, 0x00000006228c0000)
  eden space 87424K, 100% used [0x000000060dc00000, 0x0000000613160000, 0x0000000613160000)
  from space 87360K,  10% used [0x0000000613160000, 0x00000006139fe698, 0x00000006186b0000)
  to   space 87360K,   0% used [0x00000006186b0000, 0x00000006186b0000, 0x000000061dc00000)
 concurrent mark-sweep generation total 262144K, used 60425K [0x00000006228c0000, 0x00000006328c0000, 0x00000007c0000000)
 concurrent-mark-sweep perm gen total 262144K, used 34692K [0x00000007c0000000, 0x00000007d0000000, 0x0000000800000000)
18.015: [GC 18.015: [ParNew
Desired survivor size 89456640 bytes, new threshold 5 (max 5)
- age   1:    2161584 bytes,    2161584 total
- age   2:      99520 bytes,    2261104 total
- age   3:     262912 bytes,    2524016 total
- age   4:     595344 bytes,    3119360 total
- age   5:    1007272 bytes,    4126632 total
: 96249K->4847K(174784K), 0.0087668 secs] 156675K->66883K(436928K), 0.0088347 secs] [Times: user=0.02 sys=0.00, real=0.01 secs] 
Heap after GC invocations=27 (full 0):
 par new generation   total 174784K, used 4847K [0x000000060dc00000, 0x000000061dc00000, 0x00000006228c0000)
  eden space 87424K,   0% used [0x000000060dc00000, 0x000000060dc00000, 0x0000000613160000)
  from space 87360K,   5% used [0x00000006186b0000, 0x0000000618b6be50, 0x000000061dc00000)
  to   space 87360K,   0% used [0x0000000613160000, 0x0000000613160000, 0x00000006186b0000)
 concurrent mark-sweep generation total 262144K, used 62036K [0x00000006228c0000, 0x00000006328c0000, 0x00000007c0000000)
 concurrent-mark-sweep perm gen total 262144K, used 34692K [0x00000007c0000000, 0x00000007d0000000, 0x0000000800000000)
}
{Heap before GC invocations=27 (full 0):
 par new generation   total 174784K, used 92271K [0x000000060dc00000, 0x000000061dc00000, 0x00000006228c0000)
  eden space 87424K, 100% used [0x000000060dc00000, 0x0000000613160000, 0x0000000613160000)
  from space 87360K,   5% used [0x00000006186b0000, 0x0000000618b6be50, 0x000000061dc00000)
  to   space 87360K,   0% used [0x0000000613160000, 0x0000000613160000, 0x00000006186b0000)
 concurrent mark-sweep generation total 262144K, used 62036K [0x00000006228c0000, 0x00000006328c0000, 0x00000007c0000000)
 concurrent-mark-sweep perm gen total 262144K, used 35126K [0x00000007c0000000, 0x00000007d0000000, 0x0000000800000000)
18.230: [GC 18.230: [ParNew
Desired survivor size 89456640 bytes, new threshold 5 (max 5)
- age   1:    1728496 bytes,    1728496 total
- age   2:     451816 bytes,    2180312 total
- age   3:      97688 bytes,    2278000 total
- age   4:     262952 bytes,    2540952 total
- age   5:     595072 bytes,    3136024 total
: 92271K->4041K(174784K), 0.0072703 secs] 154307K->67078K(436928K), 0.0073304 secs] [Times: user=0.00 sys=0.00, real=0.01 secs] 
Heap after GC invocations=28 (full 0):
 par new generation   total 174784K, used 4041K [0x000000060dc00000, 0x000000061dc00000, 0x00000006228c0000)
  eden space 87424K,   0% used [0x000000060dc00000, 0x000000060dc00000, 0x0000000613160000)
  from space 87360K,   4% used [0x0000000613160000, 0x0000000613552500, 0x00000006186b0000)
  to   space 87360K,   0% used [0x00000006186b0000, 0x00000006186b0000, 0x000000061dc00000)
 concurrent mark-sweep generation total 262144K, used 63037K [0x00000006228c0000, 0x00000006328c0000, 0x00000007c0000000)
 concurrent-mark-sweep perm gen total 262144K, used 35126K [0x00000007c0000000, 0x00000007d0000000, 0x0000000800000000)
}
{Heap before GC invocations=28 (full 0):
 par new generation   total 174784K, used 91465K [0x000000060dc00000, 0x000000061dc00000, 0x00000006228c0000)
  eden space 87424K, 100% used [0x000000060dc00000, 0x0000000613160000, 0x0000000613160000)
  from space 87360K,   4% used [0x0000000613160000, 0x0000000613552500, 0x00000006186b0000)
  to   space 87360K,   0% used [0x00000006186b0000, 0x00000006186b0000, 0x000000061dc00000)
 concurrent mark-sweep generation total 262144K, used 63037K [0x00000006228c0000, 0x00000006328c0000, 0x00000007c0000000)
 concurrent-mark-sweep perm gen total 262144K, used 35631K [0x00000007c0000000, 0x00000007d0000000, 0x0000000800000000)
18.456: [GC 18.456: [ParNew
Desired survivor size 89456640 bytes, new threshold 5 (max 5)
- age   1:    1936888 bytes,    1936888 total
- age   2:     279752 bytes,    2216640 total
- age   3:     450088 bytes,    2666728 total
- age   4:      97688 bytes,    2764416 total
- age   5:     262872 bytes,    3027288 total
: 91465K->3362K(174784K), 0.0062998 secs] 154502K->66984K(436928K), 0.0063541 secs] [Times: user=0.06 sys=0.00, real=0.01 secs] 
Heap after GC invocations=29 (full 0):
 par new generation   total 174784K, used 3362K [0x000000060dc00000, 0x000000061dc00000, 0x00000006228c0000)
  eden space 87424K,   0% used [0x000000060dc00000, 0x000000060dc00000, 0x0000000613160000)
  from space 87360K,   3% used [0x00000006186b0000, 0x00000006189f89d0, 0x000000061dc00000)
  to   space 87360K,   0% used [0x0000000613160000, 0x0000000613160000, 0x00000006186b0000)
 concurrent mark-sweep generation total 262144K, used 63622K [0x00000006228c0000, 0x00000006328c0000, 0x00000007c0000000)
 concurrent-mark-sweep perm gen total 262144K, used 35631K [0x00000007c0000000, 0x00000007d0000000, 0x0000000800000000)
}
{Heap before GC invocations=29 (full 0):
 par new generation   total 174784K, used 90786K [0x000000060dc00000, 0x000000061dc00000, 0x00000006228c0000)
  eden space 87424K, 100% used [0x000000060dc00000, 0x0000000613160000, 0x0000000613160000)
  from space 87360K,   3% used [0x00000006186b0000, 0x00000006189f89d0, 0x000000061dc00000)
  to   space 87360K,   0% used [0x0000000613160000, 0x0000000613160000, 0x00000006186b0000)
 concurrent mark-sweep generation total 262144K, used 63622K [0x00000006228c0000, 0x00000006328c0000, 0x00000007c0000000)
 concurrent-mark-sweep perm gen total 262144K, used 36113K [0x00000007c0000000, 0x00000007d0000000, 0x0000000800000000)
18.665: [GC 18.665: [ParNew
Desired survivor size 89456640 bytes, new threshold 5 (max 5)
- age   1:    3074680 bytes,    3074680 total
- age   2:     486720 bytes,    3561400 total
- age   3:     271816 bytes,    3833216 total
- age   4:     449992 bytes,    4283208 total
- age   5:      97608 bytes,    4380816 total
: 90786K->4978K(174784K), 0.0058584 secs] 154408K->68860K(436928K), 0.0059126 secs] [Times: user=0.00 sys=0.00, real=0.01 secs] 
Heap after GC invocations=30 (full 0):
 par new generation   total 174784K, used 4978K [0x000000060dc00000, 0x000000061dc00000, 0x00000006228c0000)
  eden space 87424K,   0% used [0x000000060dc00000, 0x000000060dc00000, 0x0000000613160000)
  from space 87360K,   5% used [0x0000000613160000, 0x000000061363cba0, 0x00000006186b0000)
  to   space 87360K,   0% used [0x00000006186b0000, 0x00000006186b0000, 0x000000061dc00000)
 concurrent mark-sweep generation total 262144K, used 63881K [0x00000006228c0000, 0x00000006328c0000, 0x00000007c0000000)
 concurrent-mark-sweep perm gen total 262144K, used 36113K [0x00000007c0000000, 0x00000007d0000000, 0x0000000800000000)
}
{Heap before GC invocations=30 (full 0):
 par new generation   total 174784K, used 92402K [0x000000060dc00000, 0x000000061dc00000, 0x00000006228c0000)
  eden space 87424K, 100% used [0x000000060dc00000, 0x0000000613160000, 0x0000000613160000)
  from space 87360K,   5% used [0x0000000613160000, 0x000000061363cba0, 0x00000006186b0000)
  to   space 87360K,   0% used [0x00000006186b0000, 0x00000006186b0000, 0x000000061dc00000)
 concurrent mark-sweep generation total 262144K, used 63881K [0x00000006228c0000, 0x00000006328c0000, 0x00000007c0000000)
 concurrent-mark-sweep perm gen total 262144K, used 36501K [0x00000007c0000000, 0x00000007d0000000, 0x0000000800000000)
18.926: [GC 18.926: [ParNew
Desired survivor size 89456640 bytes, new threshold 5 (max 5)
- age   1:    3094560 bytes,    3094560 total
- age   2:     489144 bytes,    3583704 total
- age   3:     481928 bytes,    4065632 total
- age   4:     271424 bytes,    4337056 total
- age   5:     449968 bytes,    4787024 total
: 92402K->5002K(174784K), 0.0059967 secs] 156284K->68980K(436928K), 0.0060925 secs] [Times: user=0.06 sys=0.00, real=0.01 secs] 
Heap after GC invocations=31 (full 0):
 par new generation   total 174784K, used 5002K [0x000000060dc00000, 0x000000061dc00000, 0x00000006228c0000)
  eden space 87424K,   0% used [0x000000060dc00000, 0x000000060dc00000, 0x0000000613160000)
  from space 87360K,   5% used [0x00000006186b0000, 0x0000000618b92ae8, 0x000000061dc00000)
  to   space 87360K,   0% used [0x0000000613160000, 0x0000000613160000, 0x00000006186b0000)
 concurrent mark-sweep generation total 262144K, used 63977K [0x00000006228c0000, 0x00000006328c0000, 0x00000007c0000000)
 concurrent-mark-sweep perm gen total 262144K, used 36501K [0x00000007c0000000, 0x00000007d0000000, 0x0000000800000000)
}
{Heap before GC invocations=31 (full 0):
 par new generation   total 174784K, used 92426K [0x000000060dc00000, 0x000000061dc00000, 0x00000006228c0000)
  eden space 87424K, 100% used [0x000000060dc00000, 0x0000000613160000, 0x0000000613160000)
  from space 87360K,   5% used [0x00000006186b0000, 0x0000000618b92ae8, 0x000000061dc00000)
  to   space 87360K,   0% used [0x0000000613160000, 0x0000000613160000, 0x00000006186b0000)
 concurrent mark-sweep generation total 262144K, used 63977K [0x00000006228c0000, 0x00000006328c0000, 0x00000007c0000000)
 concurrent-mark-sweep perm gen total 262144K, used 36749K [0x00000007c0000000, 0x00000007d0000000, 0x0000000800000000)
19.106: [GC 19.106: [ParNew
Desired survivor size 89456640 bytes, new threshold 5 (max 5)
- age   1:    4274224 bytes,    4274224 total
- age   2:    1284248 bytes,    5558472 total
- age   3:     482536 bytes,    6041008 total
- age   4:     481888 bytes,    6522896 total
- age   5:     271424 bytes,    6794320 total
: 92426K->7661K(174784K), 0.0089388 secs] 156404K->72079K(436928K), 0.0089921 secs] [Times: user=0.02 sys=0.00, real=0.01 secs] 
Heap after GC invocations=32 (full 0):
 par new generation   total 174784K, used 7661K [0x000000060dc00000, 0x000000061dc00000, 0x00000006228c0000)
  eden space 87424K,   0% used [0x000000060dc00000, 0x000000060dc00000, 0x0000000613160000)
  from space 87360K,   8% used [0x0000000613160000, 0x00000006138db4d8, 0x00000006186b0000)
  to   space 87360K,   0% used [0x00000006186b0000, 0x00000006186b0000, 0x000000061dc00000)
 concurrent mark-sweep generation total 262144K, used 64417K [0x00000006228c0000, 0x00000006328c0000, 0x00000007c0000000)
 concurrent-mark-sweep perm gen total 262144K, used 36749K [0x00000007c0000000, 0x00000007d0000000, 0x0000000800000000)
}
{Heap before GC invocations=32 (full 0):
 par new generation   total 174784K, used 95085K [0x000000060dc00000, 0x000000061dc00000, 0x00000006228c0000)
  eden space 87424K, 100% used [0x000000060dc00000, 0x0000000613160000, 0x0000000613160000)
  from space 87360K,   8% used [0x0000000613160000, 0x00000006138db4d8, 0x00000006186b0000)
  to   space 87360K,   0% used [0x00000006186b0000, 0x00000006186b0000, 0x000000061dc00000)
 concurrent mark-sweep generation total 262144K, used 64417K [0x00000006228c0000, 0x00000006328c0000, 0x00000007c0000000)
 concurrent-mark-sweep perm gen total 262144K, used 37180K [0x00000007c0000000, 0x00000007d0000000, 0x0000000800000000)
19.330: [GC 19.330: [ParNew
Desired survivor size 89456640 bytes, new threshold 5 (max 5)
- age   1:    2755736 bytes,    2755736 total
- age   2:    2693288 bytes,    5449024 total
- age   3:    1274792 bytes,    6723816 total
- age   4:     482456 bytes,    7206272 total
- age   5:     481792 bytes,    7688064 total
: 95085K->9293K(174784K), 0.0091447 secs] 159503K->73978K(436928K), 0.0092077 secs] [Times: user=0.05 sys=0.00, real=0.01 secs] 
Heap after GC invocations=33 (full 0):
 par new generation   total 174784K, used 9293K [0x000000060dc00000, 0x000000061dc00000, 0x00000006228c0000)
  eden space 87424K,   0% used [0x000000060dc00000, 0x000000060dc00000, 0x0000000613160000)
  from space 87360K,  10% used [0x00000006186b0000, 0x0000000618fc3650, 0x000000061dc00000)
  to   space 87360K,   0% used [0x0000000613160000, 0x0000000613160000, 0x00000006186b0000)
 concurrent mark-sweep generation total 262144K, used 64685K [0x00000006228c0000, 0x00000006328c0000, 0x00000007c0000000)
 concurrent-mark-sweep perm gen total 262144K, used 37180K [0x00000007c0000000, 0x00000007d0000000, 0x0000000800000000)
}
{Heap before GC invocations=33 (full 0):
 par new generation   total 174784K, used 96717K [0x000000060dc00000, 0x000000061dc00000, 0x00000006228c0000)
  eden space 87424K, 100% used [0x000000060dc00000, 0x0000000613160000, 0x0000000613160000)
  from space 87360K,  10% used [0x00000006186b0000, 0x0000000618fc3650, 0x000000061dc00000)
  to   space 87360K,   0% used [0x0000000613160000, 0x0000000613160000, 0x00000006186b0000)
 concurrent mark-sweep generation total 262144K, used 64685K [0x00000006228c0000, 0x00000006328c0000, 0x00000007c0000000)
 concurrent-mark-sweep perm gen total 262144K, used 38970K [0x00000007c0000000, 0x00000007d0000000, 0x0000000800000000)
19.674: [GC 19.674: [ParNew
Desired survivor size 89456640 bytes, new threshold 5 (max 5)
- age   1:    2825272 bytes,    2825272 total
- age   2:     487216 bytes,    3312488 total
- age   3:    2693336 bytes,    6005824 total
- age   4:    1274728 bytes,    7280552 total
- age   5:     482552 bytes,    7763104 total
: 96717K->8713K(174784K), 0.0121841 secs] 161402K->73872K(436928K), 0.0122491 secs] [Times: user=0.06 sys=0.00, real=0.01 secs] 
Heap after GC invocations=34 (full 0):
 par new generation   total 174784K, used 8713K [0x000000060dc00000, 0x000000061dc00000, 0x00000006228c0000)
  eden space 87424K,   0% used [0x000000060dc00000, 0x000000060dc00000, 0x0000000613160000)
  from space 87360K,   9% used [0x0000000613160000, 0x00000006139e2498, 0x00000006186b0000)
  to   space 87360K,   0% used [0x00000006186b0000, 0x00000006186b0000, 0x000000061dc00000)
 concurrent mark-sweep generation total 262144K, used 65159K [0x00000006228c0000, 0x00000006328c0000, 0x00000007c0000000)
 concurrent-mark-sweep perm gen total 262144K, used 38970K [0x00000007c0000000, 0x00000007d0000000, 0x0000000800000000)
}
{Heap before GC invocations=34 (full 0):
 par new generation   total 174784K, used 96137K [0x000000060dc00000, 0x000000061dc00000, 0x00000006228c0000)
  eden space 87424K, 100% used [0x000000060dc00000, 0x0000000613160000, 0x0000000613160000)
  from space 87360K,   9% used [0x0000000613160000, 0x00000006139e2498, 0x00000006186b0000)
  to   space 87360K,   0% used [0x00000006186b0000, 0x00000006186b0000, 0x000000061dc00000)
 concurrent mark-sweep generation total 262144K, used 65159K [0x00000006228c0000, 0x00000006328c0000, 0x00000007c0000000)
 concurrent-mark-sweep perm gen total 262144K, used 40150K [0x00000007c0000000, 0x00000007d0000000, 0x0000000800000000)
20.060: [GC 20.060: [ParNew
Desired survivor size 89456640 bytes, new threshold 5 (max 5)
- age   1:    2932008 bytes,    2932008 total
- age   2:    1737584 bytes,    4669592 total
- age   3:     486872 bytes,    5156464 total
- age   4:    2693336 bytes,    7849800 total
- age   5:    1274752 bytes,    9124552 total
: 96137K->12152K(174784K), 0.0117128 secs] 161296K->77785K(436928K), 0.0117979 secs] [Times: user=0.05 sys=0.00, real=0.01 secs] 
Heap after GC invocations=35 (full 0):
 par new generation   total 174784K, used 12152K [0x000000060dc00000, 0x000000061dc00000, 0x00000006228c0000)
  eden space 87424K,   0% used [0x000000060dc00000, 0x000000060dc00000, 0x0000000613160000)
  from space 87360K,  13% used [0x00000006186b0000, 0x000000061928e288, 0x000000061dc00000)
  to   space 87360K,   0% used [0x0000000613160000, 0x0000000613160000, 0x00000006186b0000)
 concurrent mark-sweep generation total 262144K, used 65632K [0x00000006228c0000, 0x00000006328c0000, 0x00000007c0000000)
 concurrent-mark-sweep perm gen total 262144K, used 40150K [0x00000007c0000000, 0x00000007d0000000, 0x0000000800000000)
}
{Heap before GC invocations=35 (full 0):
 par new generation   total 174784K, used 99576K [0x000000060dc00000, 0x000000061dc00000, 0x00000006228c0000)
  eden space 87424K, 100% used [0x000000060dc00000, 0x0000000613160000, 0x0000000613160000)
  from space 87360K,  13% used [0x00000006186b0000, 0x000000061928e288, 0x000000061dc00000)
  to   space 87360K,   0% used [0x0000000613160000, 0x0000000613160000, 0x00000006186b0000)
 concurrent mark-sweep generation total 262144K, used 65632K [0x00000006228c0000, 0x00000006328c0000, 0x00000007c0000000)
 concurrent-mark-sweep perm gen total 262144K, used 40998K [0x00000007c0000000, 0x00000007d0000000, 0x0000000800000000)
20.364: [GC 20.364: [ParNew
Desired survivor size 89456640 bytes, new threshold 5 (max 5)
- age   1:    1918376 bytes,    1918376 total
- age   2:     648208 bytes,    2566584 total
- age   3:    1719648 bytes,    4286232 total
- age   4:     486848 bytes,    4773080 total
- age   5:    2693288 bytes,    7466368 total
: 99576K->8921K(174784K), 0.0122423 secs] 165209K->75830K(436928K), 0.0123004 secs] [Times: user=0.00 sys=0.00, real=0.01 secs] 
Heap after GC invocations=36 (full 0):
 par new generation   total 174784K, used 8921K [0x000000060dc00000, 0x000000061dc00000, 0x00000006228c0000)
  eden space 87424K,   0% used [0x000000060dc00000, 0x000000060dc00000, 0x0000000613160000)
  from space 87360K,  10% used [0x0000000613160000, 0x0000000613a16690, 0x00000006186b0000)
  to   space 87360K,   0% used [0x00000006186b0000, 0x00000006186b0000, 0x000000061dc00000)
 concurrent mark-sweep generation total 262144K, used 66909K [0x00000006228c0000, 0x00000006328c0000, 0x00000007c0000000)
 concurrent-mark-sweep perm gen total 262144K, used 40998K [0x00000007c0000000, 0x00000007d0000000, 0x0000000800000000)
}
{Heap before GC invocations=36 (full 0):
 par new generation   total 174784K, used 96345K [0x000000060dc00000, 0x000000061dc00000, 0x00000006228c0000)
  eden space 87424K, 100% used [0x000000060dc00000, 0x0000000613160000, 0x0000000613160000)
  from space 87360K,  10% used [0x0000000613160000, 0x0000000613a16690, 0x00000006186b0000)
  to   space 87360K,   0% used [0x00000006186b0000, 0x00000006186b0000, 0x000000061dc00000)
 concurrent mark-sweep generation total 262144K, used 66909K [0x00000006228c0000, 0x00000006328c0000, 0x00000007c0000000)
 concurrent-mark-sweep perm gen total 262144K, used 41704K [0x00000007c0000000, 0x00000007d0000000, 0x0000000800000000)
20.681: [GC 20.681: [ParNew
Desired survivor size 89456640 bytes, new threshold 5 (max 5)
- age   1:    1941224 bytes,    1941224 total
- age   2:     963376 bytes,    2904600 total
- age   3:     602712 bytes,    3507312 total
- age   4:    1669040 bytes,    5176352 total
- age   5:     486808 bytes,    5663160 total
: 96345K->6549K(174784K), 0.0133706 secs] 163254K->76177K(436928K), 0.0135896 secs] [Times: user=0.06 sys=0.00, real=0.01 secs] 
Heap after GC invocations=37 (full 0):
 par new generation   total 174784K, used 6549K [0x000000060dc00000, 0x000000061dc00000, 0x00000006228c0000)
  eden space 87424K,   0% used [0x000000060dc00000, 0x000000060dc00000, 0x0000000613160000)
  from space 87360K,   7% used [0x00000006186b0000, 0x0000000618d15758, 0x000000061dc00000)
  to   space 87360K,   0% used [0x0000000613160000, 0x0000000613160000, 0x00000006186b0000)
 concurrent mark-sweep generation total 262144K, used 69627K [0x00000006228c0000, 0x00000006328c0000, 0x00000007c0000000)
 concurrent-mark-sweep perm gen total 262144K, used 41704K [0x00000007c0000000, 0x00000007d0000000, 0x0000000800000000)
}
{Heap before GC invocations=37 (full 0):
 par new generation   total 174784K, used 93973K [0x000000060dc00000, 0x000000061dc00000, 0x00000006228c0000)
  eden space 87424K, 100% used [0x000000060dc00000, 0x0000000613160000, 0x0000000613160000)
  from space 87360K,   7% used [0x00000006186b0000, 0x0000000618d15758, 0x000000061dc00000)
  to   space 87360K,   0% used [0x0000000613160000, 0x0000000613160000, 0x00000006186b0000)
 concurrent mark-sweep generation total 262144K, used 69627K [0x00000006228c0000, 0x00000006328c0000, 0x00000007c0000000)
 concurrent-mark-sweep perm gen total 262144K, used 42272K [0x00000007c0000000, 0x00000007d0000000, 0x0000000800000000)
21.040: [GC 21.040: [ParNew
Desired survivor size 89456640 bytes, new threshold 5 (max 5)
- age   1:    1784536 bytes,    1784536 total
- age   2:     760368 bytes,    2544904 total
- age   3:     952272 bytes,    3497176 total
- age   4:     602128 bytes,    4099304 total
- age   5:    1663920 bytes,    5763224 total
: 93973K->7503K(174784K), 0.0112963 secs] 163601K->77608K(436928K), 0.0113525 secs] [Times: user=0.05 sys=0.00, real=0.01 secs] 
Heap after GC invocations=38 (full 0):
 par new generation   total 174784K, used 7503K [0x000000060dc00000, 0x000000061dc00000, 0x00000006228c0000)
  eden space 87424K,   0% used [0x000000060dc00000, 0x000000060dc00000, 0x0000000613160000)
  from space 87360K,   8% used [0x0000000613160000, 0x00000006138b3ca8, 0x00000006186b0000)
  to   space 87360K,   0% used [0x00000006186b0000, 0x00000006186b0000, 0x000000061dc00000)
 concurrent mark-sweep generation total 262144K, used 70105K [0x00000006228c0000, 0x00000006328c0000, 0x00000007c0000000)
 concurrent-mark-sweep perm gen total 262144K, used 42272K [0x00000007c0000000, 0x00000007d0000000, 0x0000000800000000)
}
{Heap before GC invocations=38 (full 0):
 par new generation   total 174784K, used 94927K [0x000000060dc00000, 0x000000061dc00000, 0x00000006228c0000)
  eden space 87424K, 100% used [0x000000060dc00000, 0x0000000613160000, 0x0000000613160000)
  from space 87360K,   8% used [0x0000000613160000, 0x00000006138b3ca8, 0x00000006186b0000)
  to   space 87360K,   0% used [0x00000006186b0000, 0x00000006186b0000, 0x000000061dc00000)
 concurrent mark-sweep generation total 262144K, used 70105K [0x00000006228c0000, 0x00000006328c0000, 0x00000007c0000000)
 concurrent-mark-sweep perm gen total 262144K, used 42661K [0x00000007c0000000, 0x00000007d0000000, 0x0000000800000000)
21.443: [GC 21.443: [ParNew
Desired survivor size 89456640 bytes, new threshold 5 (max 5)
- age   1:    1474848 bytes,    1474848 total
- age   2:     579032 bytes,    2053880 total
- age   3:     643696 bytes,    2697576 total
- age   4:     917208 bytes,    3614784 total
- age   5:     601608 bytes,    4216392 total
: 94927K->5847K(174784K), 0.0103498 secs] 165032K->77588K(436928K), 0.0104143 secs] [Times: user=0.00 sys=0.00, real=0.01 secs] 
Heap after GC invocations=39 (full 0):
 par new generation   total 174784K, used 5847K [0x000000060dc00000, 0x000000061dc00000, 0x00000006228c0000)
  eden space 87424K,   0% used [0x000000060dc00000, 0x000000060dc00000, 0x0000000613160000)
  from space 87360K,   6% used [0x00000006186b0000, 0x0000000618c65e88, 0x000000061dc00000)
  to   space 87360K,   0% used [0x0000000613160000, 0x0000000613160000, 0x00000006186b0000)
 concurrent mark-sweep generation total 262144K, used 71740K [0x00000006228c0000, 0x00000006328c0000, 0x00000007c0000000)
 concurrent-mark-sweep perm gen total 262144K, used 42661K [0x00000007c0000000, 0x00000007d0000000, 0x0000000800000000)
}
{Heap before GC invocations=39 (full 0):
 par new generation   total 174784K, used 93271K [0x000000060dc00000, 0x000000061dc00000, 0x00000006228c0000)
  eden space 87424K, 100% used [0x000000060dc00000, 0x0000000613160000, 0x0000000613160000)
  from space 87360K,   6% used [0x00000006186b0000, 0x0000000618c65e88, 0x000000061dc00000)
  to   space 87360K,   0% used [0x0000000613160000, 0x0000000613160000, 0x00000006186b0000)
 concurrent mark-sweep generation total 262144K, used 71740K [0x00000006228c0000, 0x00000006328c0000, 0x00000007c0000000)
 concurrent-mark-sweep perm gen total 262144K, used 43272K [0x00000007c0000000, 0x00000007d0000000, 0x0000000800000000)
21.707: [GC 21.707: [ParNew
Desired survivor size 89456640 bytes, new threshold 5 (max 5)
- age   1:    1686064 bytes,    1686064 total
- age   2:     639816 bytes,    2325880 total
- age   3:     578992 bytes,    2904872 total
- age   4:     571120 bytes,    3475992 total
- age   5:     915168 bytes,    4391160 total
: 93271K->4821K(174784K), 0.0098394 secs] 165012K->77153K(436928K), 0.0099127 secs] [Times: user=0.00 sys=0.00, real=0.01 secs] 
Heap after GC invocations=40 (full 0):
 par new generation   total 174784K, used 4821K [0x000000060dc00000, 0x000000061dc00000, 0x00000006228c0000)
  eden space 87424K,   0% used [0x000000060dc00000, 0x000000060dc00000, 0x0000000613160000)
  from space 87360K,   5% used [0x0000000613160000, 0x0000000613615420, 0x00000006186b0000)
  to   space 87360K,   0% used [0x00000006186b0000, 0x00000006186b0000, 0x000000061dc00000)
 concurrent mark-sweep generation total 262144K, used 72332K [0x00000006228c0000, 0x00000006328c0000, 0x00000007c0000000)
 concurrent-mark-sweep perm gen total 262144K, used 43272K [0x00000007c0000000, 0x00000007d0000000, 0x0000000800000000)
}
{Heap before GC invocations=40 (full 0):
 par new generation   total 174784K, used 92245K [0x000000060dc00000, 0x000000061dc00000, 0x00000006228c0000)
  eden space 87424K, 100% used [0x000000060dc00000, 0x0000000613160000, 0x0000000613160000)
  from space 87360K,   5% used [0x0000000613160000, 0x0000000613615420, 0x00000006186b0000)
  to   space 87360K,   0% used [0x00000006186b0000, 0x00000006186b0000, 0x000000061dc00000)
 concurrent mark-sweep generation total 262144K, used 72332K [0x00000006228c0000, 0x00000006328c0000, 0x00000007c0000000)
 concurrent-mark-sweep perm gen total 262144K, used 43947K [0x00000007c0000000, 0x00000007d0000000, 0x0000000800000000)
21.988: [GC 21.988: [ParNew
Desired survivor size 89456640 bytes, new threshold 5 (max 5)
- age   1:    2407136 bytes,    2407136 total
- age   2:     816112 bytes,    3223248 total
- age   3:     639472 bytes,    3862720 total
- age   4:     578992 bytes,    4441712 total
- age   5:     570272 bytes,    5011984 total
: 92245K->6523K(174784K), 0.0103718 secs] 164577K->79755K(436928K), 0.0105668 secs] [Times: user=0.00 sys=0.00, real=0.01 secs] 
Heap after GC invocations=41 (full 0):
 par new generation   total 174784K, used 6523K [0x000000060dc00000, 0x000000061dc00000, 0x00000006228c0000)
  eden space 87424K,   0% used [0x000000060dc00000, 0x000000060dc00000, 0x0000000613160000)
  from space 87360K,   7% used [0x00000006186b0000, 0x0000000618d0ee90, 0x000000061dc00000)
  to   space 87360K,   0% used [0x0000000613160000, 0x0000000613160000, 0x00000006186b0000)
 concurrent mark-sweep generation total 262144K, used 73231K [0x00000006228c0000, 0x00000006328c0000, 0x00000007c0000000)
 concurrent-mark-sweep perm gen total 262144K, used 43947K [0x00000007c0000000, 0x00000007d0000000, 0x0000000800000000)
}
{Heap before GC invocations=41 (full 0):
 par new generation   total 174784K, used 93947K [0x000000060dc00000, 0x000000061dc00000, 0x00000006228c0000)
  eden space 87424K, 100% used [0x000000060dc00000, 0x0000000613160000, 0x0000000613160000)
  from space 87360K,   7% used [0x00000006186b0000, 0x0000000618d0ee90, 0x000000061dc00000)
  to   space 87360K,   0% used [0x0000000613160000, 0x0000000613160000, 0x00000006186b0000)
 concurrent mark-sweep generation total 262144K, used 73231K [0x00000006228c0000, 0x00000006328c0000, 0x00000007c0000000)
 concurrent-mark-sweep perm gen total 262144K, used 45999K [0x00000007c0000000, 0x00000007d0000000, 0x0000000800000000)
22.666: [GC 22.666: [ParNew
Desired survivor size 89456640 bytes, new threshold 5 (max 5)
- age   1:    2035536 bytes,    2035536 total
- age   2:    1084168 bytes,    3119704 total
- age   3:     815232 bytes,    3934936 total
- age   4:     638992 bytes,    4573928 total
- age   5:     578968 bytes,    5152896 total
: 93947K->5712K(174784K), 0.0100325 secs] 167179K->79514K(436928K), 0.0100990 secs] [Times: user=0.06 sys=0.00, real=0.01 secs] 
Heap after GC invocations=42 (full 0):
 par new generation   total 174784K, used 5712K [0x000000060dc00000, 0x000000061dc00000, 0x00000006228c0000)
  eden space 87424K,   0% used [0x000000060dc00000, 0x000000060dc00000, 0x0000000613160000)
  from space 87360K,   6% used [0x0000000613160000, 0x00000006136f4158, 0x00000006186b0000)
  to   space 87360K,   0% used [0x00000006186b0000, 0x00000006186b0000, 0x000000061dc00000)
 concurrent mark-sweep generation total 262144K, used 73802K [0x00000006228c0000, 0x00000006328c0000, 0x00000007c0000000)
 concurrent-mark-sweep perm gen total 262144K, used 45999K [0x00000007c0000000, 0x00000007d0000000, 0x0000000800000000)
}
{Heap before GC invocations=42 (full 0):
 par new generation   total 174784K, used 93136K [0x000000060dc00000, 0x000000061dc00000, 0x00000006228c0000)
  eden space 87424K, 100% used [0x000000060dc00000, 0x0000000613160000, 0x0000000613160000)
  from space 87360K,   6% used [0x0000000613160000, 0x00000006136f4158, 0x00000006186b0000)
  to   space 87360K,   0% used [0x00000006186b0000, 0x00000006186b0000, 0x000000061dc00000)
 concurrent mark-sweep generation total 262144K, used 73802K [0x00000006228c0000, 0x00000006328c0000, 0x00000007c0000000)
 concurrent-mark-sweep perm gen total 262144K, used 46498K [0x00000007c0000000, 0x00000007d0000000, 0x0000000800000000)
23.118: [GC 23.118: [ParNew
Desired survivor size 89456640 bytes, new threshold 5 (max 5)
- age   1:    2992504 bytes,    2992504 total
- age   2:     795488 bytes,    3787992 total
- age   3:    1083704 bytes,    4871696 total
- age   4:     815184 bytes,    5686880 total
- age   5:     638720 bytes,    6325600 total
: 93136K->7942K(174784K), 0.0100178 secs] 166938K->82324K(436928K), 0.0100887 secs] [Times: user=0.06 sys=0.00, real=0.01 secs] 
Heap after GC invocations=43 (full 0):
 par new generation   total 174784K, used 7942K [0x000000060dc00000, 0x000000061dc00000, 0x00000006228c0000)
  eden space 87424K,   0% used [0x000000060dc00000, 0x000000060dc00000, 0x0000000613160000)
  from space 87360K,   9% used [0x00000006186b0000, 0x0000000618e71a38, 0x000000061dc00000)
  to   space 87360K,   0% used [0x0000000613160000, 0x0000000613160000, 0x00000006186b0000)
 concurrent mark-sweep generation total 262144K, used 74382K [0x00000006228c0000, 0x00000006328c0000, 0x00000007c0000000)
 concurrent-mark-sweep perm gen total 262144K, used 46498K [0x00000007c0000000, 0x00000007d0000000, 0x0000000800000000)
}
{Heap before GC invocations=43 (full 0):
 par new generation   total 174784K, used 95366K [0x000000060dc00000, 0x000000061dc00000, 0x00000006228c0000)
  eden space 87424K, 100% used [0x000000060dc00000, 0x0000000613160000, 0x0000000613160000)
  from space 87360K,   9% used [0x00000006186b0000, 0x0000000618e71a38, 0x000000061dc00000)
  to   space 87360K,   0% used [0x0000000613160000, 0x0000000613160000, 0x00000006186b0000)
 concurrent mark-sweep generation total 262144K, used 74382K [0x00000006228c0000, 0x00000006328c0000, 0x00000007c0000000)
 concurrent-mark-sweep perm gen total 262144K, used 46769K [0x00000007c0000000, 0x00000007d0000000, 0x0000000800000000)
24.323: [GC 24.323: [ParNew
Desired survivor size 89456640 bytes, new threshold 5 (max 5)
- age   1:    3372376 bytes,    3372376 total
- age   2:    1341312 bytes,    4713688 total
- age   3:     795024 bytes,    5508712 total
- age   4:    1083704 bytes,    6592416 total
- age   5:     815184 bytes,    7407600 total
: 95366K->8799K(174784K), 0.0102153 secs] 169748K->83817K(436928K), 0.0102921 secs] [Times: user=0.06 sys=0.00, real=0.01 secs] 
Heap after GC invocations=44 (full 0):
 par new generation   total 174784K, used 8799K [0x000000060dc00000, 0x000000061dc00000, 0x00000006228c0000)
  eden space 87424K,   0% used [0x000000060dc00000, 0x000000060dc00000, 0x0000000613160000)
  from space 87360K,  10% used [0x0000000613160000, 0x00000006139f7f58, 0x00000006186b0000)
  to   space 87360K,   0% used [0x00000006186b0000, 0x00000006186b0000, 0x000000061dc00000)
 concurrent mark-sweep generation total 262144K, used 75018K [0x00000006228c0000, 0x00000006328c0000, 0x00000007c0000000)
 concurrent-mark-sweep perm gen total 262144K, used 46769K [0x00000007c0000000, 0x00000007d0000000, 0x0000000800000000)
}
{Heap before GC invocations=44 (full 0):
 par new generation   total 174784K, used 96223K [0x000000060dc00000, 0x000000061dc00000, 0x00000006228c0000)
  eden space 87424K, 100% used [0x000000060dc00000, 0x0000000613160000, 0x0000000613160000)
  from space 87360K,  10% used [0x0000000613160000, 0x00000006139f7f58, 0x00000006186b0000)
  to   space 87360K,   0% used [0x00000006186b0000, 0x00000006186b0000, 0x000000061dc00000)
 concurrent mark-sweep generation total 262144K, used 75018K [0x00000006228c0000, 0x00000006328c0000, 0x00000007c0000000)
 concurrent-mark-sweep perm gen total 262144K, used 47168K [0x00000007c0000000, 0x00000007d0000000, 0x0000000800000000)
25.974: [GC 25.974: [ParNew
Desired survivor size 89456640 bytes, new threshold 5 (max 5)
- age   1:    1796152 bytes,    1796152 total
- age   2:    2530912 bytes,    4327064 total
- age   3:    1340696 bytes,    5667760 total
- age   4:     795024 bytes,    6462784 total
- age   5:    1083568 bytes,    7546352 total
: 96223K->11794K(174784K), 0.0122589 secs] 171241K->87613K(436928K), 0.0123229 secs] [Times: user=0.06 sys=0.00, real=0.01 secs] 
Heap after GC invocations=45 (full 0):
 par new generation   total 174784K, used 11794K [0x000000060dc00000, 0x000000061dc00000, 0x00000006228c0000)
  eden space 87424K,   0% used [0x000000060dc00000, 0x000000060dc00000, 0x0000000613160000)
  from space 87360K,  13% used [0x00000006186b0000, 0x0000000619234868, 0x000000061dc00000)
  to   space 87360K,   0% used [0x0000000613160000, 0x0000000613160000, 0x00000006186b0000)
 concurrent mark-sweep generation total 262144K, used 75819K [0x00000006228c0000, 0x00000006328c0000, 0x00000007c0000000)
 concurrent-mark-sweep perm gen total 262144K, used 47168K [0x00000007c0000000, 0x00000007d0000000, 0x0000000800000000)
}
{Heap before GC invocations=45 (full 0):
 par new generation   total 174784K, used 99218K [0x000000060dc00000, 0x000000061dc00000, 0x00000006228c0000)
  eden space 87424K, 100% used [0x000000060dc00000, 0x0000000613160000, 0x0000000613160000)
  from space 87360K,  13% used [0x00000006186b0000, 0x0000000619234868, 0x000000061dc00000)
  to   space 87360K,   0% used [0x0000000613160000, 0x0000000613160000, 0x00000006186b0000)
 concurrent mark-sweep generation total 262144K, used 75819K [0x00000006228c0000, 0x00000006328c0000, 0x00000007c0000000)
 concurrent-mark-sweep perm gen total 262144K, used 47709K [0x00000007c0000000, 0x00000007d0000000, 0x0000000800000000)
26.291: [GC 26.291: [ParNew
Desired survivor size 89456640 bytes, new threshold 5 (max 5)
- age   1:    3586536 bytes,    3586536 total
- age   2:     849544 bytes,    4436080 total
- age   3:    2530680 bytes,    6966760 total
- age   4:    1340696 bytes,    8307456 total
- age   5:     795024 bytes,    9102480 total
: 99218K->10622K(174784K), 0.0135354 secs] 175037K->87502K(436928K), 0.0135975 secs] [Times: user=0.00 sys=0.00, real=0.01 secs] 
Heap after GC invocations=46 (full 0):
 par new generation   total 174784K, used 10622K [0x000000060dc00000, 0x000000061dc00000, 0x00000006228c0000)
  eden space 87424K,   0% used [0x000000060dc00000, 0x000000060dc00000, 0x0000000613160000)
  from space 87360K,  12% used [0x0000000613160000, 0x0000000613bbfbf8, 0x00000006186b0000)
  to   space 87360K,   0% used [0x00000006186b0000, 0x00000006186b0000, 0x000000061dc00000)
 concurrent mark-sweep generation total 262144K, used 76879K [0x00000006228c0000, 0x00000006328c0000, 0x00000007c0000000)
 concurrent-mark-sweep perm gen total 262144K, used 47709K [0x00000007c0000000, 0x00000007d0000000, 0x0000000800000000)
}
{Heap before GC invocations=46 (full 0):
 par new generation   total 174784K, used 98046K [0x000000060dc00000, 0x000000061dc00000, 0x00000006228c0000)
  eden space 87424K, 100% used [0x000000060dc00000, 0x0000000613160000, 0x0000000613160000)
  from space 87360K,  12% used [0x0000000613160000, 0x0000000613bbfbf8, 0x00000006186b0000)
  to   space 87360K,   0% used [0x00000006186b0000, 0x00000006186b0000, 0x000000061dc00000)
 concurrent mark-sweep generation total 262144K, used 76879K [0x00000006228c0000, 0x00000006328c0000, 0x00000007c0000000)
 concurrent-mark-sweep perm gen total 262144K, used 48184K [0x00000007c0000000, 0x00000007d0000000, 0x0000000800000000)
26.505: [GC 26.505: [ParNew
Desired survivor size 89456640 bytes, new threshold 5 (max 5)
- age   1:    2109912 bytes,    2109912 total
- age   2:    2602192 bytes,    4712104 total
- age   3:     822944 bytes,    5535048 total
- age   4:    2530680 bytes,    8065728 total
- age   5:    1340640 bytes,    9406368 total
: 98046K->14055K(174784K), 0.0123488 secs] 174926K->91716K(436928K), 0.0124109 secs] [Times: user=0.05 sys=0.00, real=0.01 secs] 
Heap after GC invocations=47 (full 0):
 par new generation   total 174784K, used 14055K [0x000000060dc00000, 0x000000061dc00000, 0x00000006228c0000)
  eden space 87424K,   0% used [0x000000060dc00000, 0x000000060dc00000, 0x0000000613160000)
  from space 87360K,  16% used [0x00000006186b0000, 0x0000000619469f20, 0x000000061dc00000)
  to   space 87360K,   0% used [0x0000000613160000, 0x0000000613160000, 0x00000006186b0000)
 concurrent mark-sweep generation total 262144K, used 77660K [0x00000006228c0000, 0x00000006328c0000, 0x00000007c0000000)
 concurrent-mark-sweep perm gen total 262144K, used 48184K [0x00000007c0000000, 0x00000007d0000000, 0x0000000800000000)
}
{Heap before GC invocations=47 (full 0):
 par new generation   total 174784K, used 101479K [0x000000060dc00000, 0x000000061dc00000, 0x00000006228c0000)
  eden space 87424K, 100% used [0x000000060dc00000, 0x0000000613160000, 0x0000000613160000)
  from space 87360K,  16% used [0x00000006186b0000, 0x0000000619469f20, 0x000000061dc00000)
  to   space 87360K,   0% used [0x0000000613160000, 0x0000000613160000, 0x00000006186b0000)
 concurrent mark-sweep generation total 262144K, used 77660K [0x00000006228c0000, 0x00000006328c0000, 0x00000007c0000000)
 concurrent-mark-sweep perm gen total 262144K, used 48620K [0x00000007c0000000, 0x00000007d0000000, 0x0000000800000000)
26.698: [GC 26.698: [ParNew
Desired survivor size 89456640 bytes, new threshold 5 (max 5)
- age   1:    1466360 bytes,    1466360 total
- age   2:    1285792 bytes,    2752152 total
- age   3:    2602192 bytes,    5354344 total
- age   4:     822920 bytes,    6177264 total
- age   5:    2530680 bytes,    8707944 total
: 101479K->11184K(174784K), 0.0126407 secs] 179140K->90188K(436928K), 0.0127013 secs] [Times: user=0.00 sys=0.00, real=0.01 secs] 
Heap after GC invocations=48 (full 0):
 par new generation   total 174784K, used 11184K [0x000000060dc00000, 0x000000061dc00000, 0x00000006228c0000)
  eden space 87424K,   0% used [0x000000060dc00000, 0x000000060dc00000, 0x0000000613160000)
  from space 87360K,  12% used [0x0000000613160000, 0x0000000613c4c1a8, 0x00000006186b0000)
  to   space 87360K,   0% used [0x00000006186b0000, 0x00000006186b0000, 0x000000061dc00000)
 concurrent mark-sweep generation total 262144K, used 79004K [0x00000006228c0000, 0x00000006328c0000, 0x00000007c0000000)
 concurrent-mark-sweep perm gen total 262144K, used 48620K [0x00000007c0000000, 0x00000007d0000000, 0x0000000800000000)
}
{Heap before GC invocations=48 (full 0):
 par new generation   total 174784K, used 98608K [0x000000060dc00000, 0x000000061dc00000, 0x00000006228c0000)
  eden space 87424K, 100% used [0x000000060dc00000, 0x0000000613160000, 0x0000000613160000)
  from space 87360K,  12% used [0x0000000613160000, 0x0000000613c4c1a8, 0x00000006186b0000)
  to   space 87360K,   0% used [0x00000006186b0000, 0x00000006186b0000, 0x000000061dc00000)
 concurrent mark-sweep generation total 262144K, used 79004K [0x00000006228c0000, 0x00000006328c0000, 0x00000007c0000000)
 concurrent-mark-sweep perm gen total 262144K, used 49095K [0x00000007c0000000, 0x00000007d0000000, 0x0000000800000000)
26.938: [GC 26.938: [ParNew
Desired survivor size 89456640 bytes, new threshold 5 (max 5)
- age   1:    2760472 bytes,    2760472 total
- age   2:     651048 bytes,    3411520 total
- age   3:    1285792 bytes,    4697312 total
- age   4:    2602192 bytes,    7299504 total
- age   5:     822392 bytes,    8121896 total
: 98608K->9518K(174784K), 0.0138771 secs] 177612K->91077K(436928K), 0.0139407 secs] [Times: user=0.06 sys=0.00, real=0.01 secs] 
Heap after GC invocations=49 (full 0):
 par new generation   total 174784K, used 9518K [0x000000060dc00000, 0x000000061dc00000, 0x00000006228c0000)
  eden space 87424K,   0% used [0x000000060dc00000, 0x000000060dc00000, 0x0000000613160000)
  from space 87360K,  10% used [0x00000006186b0000, 0x0000000618ffbb58, 0x000000061dc00000)
  to   space 87360K,   0% used [0x0000000613160000, 0x0000000613160000, 0x00000006186b0000)
 concurrent mark-sweep generation total 262144K, used 81558K [0x00000006228c0000, 0x00000006328c0000, 0x00000007c0000000)
 concurrent-mark-sweep perm gen total 262144K, used 49095K [0x00000007c0000000, 0x00000007d0000000, 0x0000000800000000)
}
{Heap before GC invocations=49 (full 0):
 par new generation   total 174784K, used 96942K [0x000000060dc00000, 0x000000061dc00000, 0x00000006228c0000)
  eden space 87424K, 100% used [0x000000060dc00000, 0x0000000613160000, 0x0000000613160000)
  from space 87360K,  10% used [0x00000006186b0000, 0x0000000618ffbb58, 0x000000061dc00000)
  to   space 87360K,   0% used [0x0000000613160000, 0x0000000613160000, 0x00000006186b0000)
 concurrent mark-sweep generation total 262144K, used 81558K [0x00000006228c0000, 0x00000006328c0000, 0x00000007c0000000)
 concurrent-mark-sweep perm gen total 262144K, used 49716K [0x00000007c0000000, 0x00000007d0000000, 0x0000000800000000)
27.263: [GC 27.263: [ParNew
Desired survivor size 89456640 bytes, new threshold 5 (max 5)
- age   1:    1739520 bytes,    1739520 total
- age   2:    1870688 bytes,    3610208 total
- age   3:     650936 bytes,    4261144 total
- age   4:    1285792 bytes,    5546936 total
- age   5:    2602160 bytes,    8149096 total
: 96942K->12249K(174784K), 0.0122447 secs] 178501K->94629K(436928K), 0.0123088 secs] [Times: user=0.02 sys=0.00, real=0.01 secs] 
Heap after GC invocations=50 (full 0):
 par new generation   total 174784K, used 12249K [0x000000060dc00000, 0x000000061dc00000, 0x00000006228c0000)
  eden space 87424K,   0% used [0x000000060dc00000, 0x000000060dc00000, 0x0000000613160000)
  from space 87360K,  14% used [0x0000000613160000, 0x0000000613d56580, 0x00000006186b0000)
  to   space 87360K,   0% used [0x00000006186b0000, 0x00000006186b0000, 0x000000061dc00000)
 concurrent mark-sweep generation total 262144K, used 82379K [0x00000006228c0000, 0x00000006328c0000, 0x00000007c0000000)
 concurrent-mark-sweep perm gen total 262144K, used 49716K [0x00000007c0000000, 0x00000007d0000000, 0x0000000800000000)
}
{Heap before GC invocations=50 (full 0):
 par new generation   total 174784K, used 99673K [0x000000060dc00000, 0x000000061dc00000, 0x00000006228c0000)
  eden space 87424K, 100% used [0x000000060dc00000, 0x0000000613160000, 0x0000000613160000)
  from space 87360K,  14% used [0x0000000613160000, 0x0000000613d56580, 0x00000006186b0000)
  to   space 87360K,   0% used [0x00000006186b0000, 0x00000006186b0000, 0x000000061dc00000)
 concurrent mark-sweep generation total 262144K, used 82379K [0x00000006228c0000, 0x00000006328c0000, 0x00000007c0000000)
 concurrent-mark-sweep perm gen total 262144K, used 50474K [0x00000007c0000000, 0x00000007d0000000, 0x0000000800000000)
27.638: [GC 27.638: [ParNew
Desired survivor size 89456640 bytes, new threshold 5 (max 5)
- age   1:    2519792 bytes,    2519792 total
- age   2:     385264 bytes,    2905056 total
- age   3:    1870688 bytes,    4775744 total
- age   4:     650912 bytes,    5426656 total
- age   5:    1285320 bytes,    6711976 total
: 99673K->8391K(174784K), 0.0141352 secs] 182053K->93331K(436928K), 0.0142144 secs] [Times: user=0.06 sys=0.00, real=0.01 secs] 
Heap after GC invocations=51 (full 0):
 par new generation   total 174784K, used 8391K [0x000000060dc00000, 0x000000061dc00000, 0x00000006228c0000)
  eden space 87424K,   0% used [0x000000060dc00000, 0x000000060dc00000, 0x0000000613160000)
  from space 87360K,   9% used [0x00000006186b0000, 0x0000000618ee1d90, 0x000000061dc00000)
  to   space 87360K,   0% used [0x0000000613160000, 0x0000000613160000, 0x00000006186b0000)
 concurrent mark-sweep generation total 262144K, used 84940K [0x00000006228c0000, 0x00000006328c0000, 0x00000007c0000000)
 concurrent-mark-sweep perm gen total 262144K, used 50474K [0x00000007c0000000, 0x00000007d0000000, 0x0000000800000000)
}
{Heap before GC invocations=51 (full 0):
 par new generation   total 174784K, used 95815K [0x000000060dc00000, 0x000000061dc00000, 0x00000006228c0000)
  eden space 87424K, 100% used [0x000000060dc00000, 0x0000000613160000, 0x0000000613160000)
  from space 87360K,   9% used [0x00000006186b0000, 0x0000000618ee1d90, 0x000000061dc00000)
  to   space 87360K,   0% used [0x0000000613160000, 0x0000000613160000, 0x00000006186b0000)
 concurrent mark-sweep generation total 262144K, used 84940K [0x00000006228c0000, 0x00000006328c0000, 0x00000007c0000000)
 concurrent-mark-sweep perm gen total 262144K, used 51109K [0x00000007c0000000, 0x00000007d0000000, 0x0000000800000000)
27.969: [GC 27.969: [ParNew
Desired survivor size 89456640 bytes, new threshold 5 (max 5)
- age   1:    1495216 bytes,    1495216 total
- age   2:    1326904 bytes,    2822120 total
- age   3:     368632 bytes,    3190752 total
- age   4:    1870688 bytes,    5061440 total
- age   5:     650912 bytes,    5712352 total
: 95815K->7445K(174784K), 0.0108929 secs] 180755K->93667K(436928K), 0.0109545 secs] [Times: user=0.06 sys=0.00, real=0.01 secs] 
Heap after GC invocations=52 (full 0):
 par new generation   total 174784K, used 7445K [0x000000060dc00000, 0x000000061dc00000, 0x00000006228c0000)
  eden space 87424K,   0% used [0x000000060dc00000, 0x000000060dc00000, 0x0000000613160000)
  from space 87360K,   8% used [0x0000000613160000, 0x00000006138a5650, 0x00000006186b0000)
  to   space 87360K,   0% used [0x00000006186b0000, 0x00000006186b0000, 0x000000061dc00000)
 concurrent mark-sweep generation total 262144K, used 86222K [0x00000006228c0000, 0x00000006328c0000, 0x00000007c0000000)
 concurrent-mark-sweep perm gen total 262144K, used 51109K [0x00000007c0000000, 0x00000007d0000000, 0x0000000800000000)
}
{Heap before GC invocations=52 (full 0):
 par new generation   total 174784K, used 94869K [0x000000060dc00000, 0x000000061dc00000, 0x00000006228c0000)
  eden space 87424K, 100% used [0x000000060dc00000, 0x0000000613160000, 0x0000000613160000)
  from space 87360K,   8% used [0x0000000613160000, 0x00000006138a5650, 0x00000006186b0000)
  to   space 87360K,   0% used [0x00000006186b0000, 0x00000006186b0000, 0x000000061dc00000)
 concurrent mark-sweep generation total 262144K, used 86222K [0x00000006228c0000, 0x00000006328c0000, 0x00000007c0000000)
 concurrent-mark-sweep perm gen total 262144K, used 51684K [0x00000007c0000000, 0x00000007d0000000, 0x0000000800000000)
28.267: [GC 28.267: [ParNew
Desired survivor size 89456640 bytes, new threshold 5 (max 5)
- age   1:    2638120 bytes,    2638120 total
- age   2:     361672 bytes,    2999792 total
- age   3:    1287704 bytes,    4287496 total
- age   4:     368632 bytes,    4656128 total
- age   5:    1870688 bytes,    6526816 total
: 94869K->8156K(174784K), 0.0104109 secs] 181091K->95028K(436928K), 0.0104749 secs] [Times: user=0.05 sys=0.00, real=0.01 secs] 
Heap after GC invocations=53 (full 0):
 par new generation   total 174784K, used 8156K [0x000000060dc00000, 0x000000061dc00000, 0x00000006228c0000)
  eden space 87424K,   0% used [0x000000060dc00000, 0x000000060dc00000, 0x0000000613160000)
  from space 87360K,   9% used [0x00000006186b0000, 0x0000000618ea7200, 0x000000061dc00000)
  to   space 87360K,   0% used [0x0000000613160000, 0x0000000613160000, 0x00000006186b0000)
 concurrent mark-sweep generation total 262144K, used 86871K [0x00000006228c0000, 0x00000006328c0000, 0x00000007c0000000)
 concurrent-mark-sweep perm gen total 262144K, used 51684K [0x00000007c0000000, 0x00000007d0000000, 0x0000000800000000)
}
{Heap before GC invocations=53 (full 0):
 par new generation   total 174784K, used 95580K [0x000000060dc00000, 0x000000061dc00000, 0x00000006228c0000)
  eden space 87424K, 100% used [0x000000060dc00000, 0x0000000613160000, 0x0000000613160000)
  from space 87360K,   9% used [0x00000006186b0000, 0x0000000618ea7200, 0x000000061dc00000)
  to   space 87360K,   0% used [0x0000000613160000, 0x0000000613160000, 0x00000006186b0000)
 concurrent mark-sweep generation total 262144K, used 86871K [0x00000006228c0000, 0x00000006328c0000, 0x00000007c0000000)
 concurrent-mark-sweep perm gen total 262144K, used 52659K [0x00000007c0000000, 0x00000007d0000000, 0x0000000800000000)
28.581: [GC 28.581: [ParNew
Desired survivor size 89456640 bytes, new threshold 5 (max 5)
- age   1:    4496552 bytes,    4496552 total
- age   2:    1773040 bytes,    6269592 total
- age   3:     359224 bytes,    6628816 total
- age   4:    1287664 bytes,    7916480 total
- age   5:     368592 bytes,    8285072 total
: 95580K->9903K(174784K), 0.0138253 secs] 182452K->98660K(436928K), 0.0138884 secs] [Times: user=0.06 sys=0.00, real=0.01 secs] 
Heap after GC invocations=54 (full 0):
 par new generation   total 174784K, used 9903K [0x000000060dc00000, 0x000000061dc00000, 0x00000006228c0000)
  eden space 87424K,   0% used [0x000000060dc00000, 0x000000060dc00000, 0x0000000613160000)
  from space 87360K,  11% used [0x0000000613160000, 0x0000000613b0bfc8, 0x00000006186b0000)
  to   space 87360K,   0% used [0x00000006186b0000, 0x00000006186b0000, 0x000000061dc00000)
 concurrent mark-sweep generation total 262144K, used 88756K [0x00000006228c0000, 0x00000006328c0000, 0x00000007c0000000)
 concurrent-mark-sweep perm gen total 262144K, used 52659K [0x00000007c0000000, 0x00000007d0000000, 0x0000000800000000)
}
{Heap before GC invocations=54 (full 0):
 par new generation   total 174784K, used 97327K [0x000000060dc00000, 0x000000061dc00000, 0x00000006228c0000)
  eden space 87424K, 100% used [0x000000060dc00000, 0x0000000613160000, 0x0000000613160000)
  from space 87360K,  11% used [0x0000000613160000, 0x0000000613b0bfc8, 0x00000006186b0000)
  to   space 87360K,   0% used [0x00000006186b0000, 0x00000006186b0000, 0x000000061dc00000)
 concurrent mark-sweep generation total 262144K, used 88756K [0x00000006228c0000, 0x00000006328c0000, 0x00000007c0000000)
 concurrent-mark-sweep perm gen total 262144K, used 54069K [0x00000007c0000000, 0x00000007d0000000, 0x0000000800000000)
28.924: [GC 28.924: [ParNew
Desired survivor size 89456640 bytes, new threshold 5 (max 5)
- age   1:    3229872 bytes,    3229872 total
- age   2:     363424 bytes,    3593296 total
- age   3:    1773040 bytes,    5366336 total
- age   4:     359224 bytes,    5725560 total
- age   5:    1287664 bytes,    7013224 total
: 97327K->7236K(174784K), 0.0089912 secs] 186084K->96355K(436928K), 0.0090547 secs] [Times: user=0.06 sys=0.00, real=0.01 secs] 
Heap after GC invocations=55 (full 0):
 par new generation   total 174784K, used 7236K [0x000000060dc00000, 0x000000061dc00000, 0x00000006228c0000)
  eden space 87424K,   0% used [0x000000060dc00000, 0x000000060dc00000, 0x0000000613160000)
  from space 87360K,   8% used [0x00000006186b0000, 0x0000000618dc1118, 0x000000061dc00000)
  to   space 87360K,   0% used [0x0000000613160000, 0x0000000613160000, 0x00000006186b0000)
 concurrent mark-sweep generation total 262144K, used 89119K [0x00000006228c0000, 0x00000006328c0000, 0x00000007c0000000)
 concurrent-mark-sweep perm gen total 262144K, used 54069K [0x00000007c0000000, 0x00000007d0000000, 0x0000000800000000)
}
{Heap before GC invocations=55 (full 0):
 par new generation   total 174784K, used 94660K [0x000000060dc00000, 0x000000061dc00000, 0x00000006228c0000)
  eden space 87424K, 100% used [0x000000060dc00000, 0x0000000613160000, 0x0000000613160000)
  from space 87360K,   8% used [0x00000006186b0000, 0x0000000618dc1118, 0x000000061dc00000)
  to   space 87360K,   0% used [0x0000000613160000, 0x0000000613160000, 0x00000006186b0000)
 concurrent mark-sweep generation total 262144K, used 89119K [0x00000006228c0000, 0x00000006328c0000, 0x00000007c0000000)
 concurrent-mark-sweep perm gen total 262144K, used 55168K [0x00000007c0000000, 0x00000007d0000000, 0x0000000800000000)
29.224: [GC 29.224: [ParNew
Desired survivor size 89456640 bytes, new threshold 5 (max 5)
- age   1:    3389608 bytes,    3389608 total
- age   2:     378944 bytes,    3768552 total
- age   3:     363168 bytes,    4131720 total
- age   4:    1773040 bytes,    5904760 total
- age   5:     359224 bytes,    6263984 total
: 94660K->7416K(174784K), 0.0108079 secs] 183779K->97808K(436928K), 0.0108631 secs] [Times: user=0.05 sys=0.00, real=0.01 secs] 
Heap after GC invocations=56 (full 0):
 par new generation   total 174784K, used 7416K [0x000000060dc00000, 0x000000061dc00000, 0x00000006228c0000)
  eden space 87424K,   0% used [0x000000060dc00000, 0x000000060dc00000, 0x0000000613160000)
  from space 87360K,   8% used [0x0000000613160000, 0x000000061389e318, 0x00000006186b0000)
  to   space 87360K,   0% used [0x00000006186b0000, 0x00000006186b0000, 0x000000061dc00000)
 concurrent mark-sweep generation total 262144K, used 90391K [0x00000006228c0000, 0x00000006328c0000, 0x00000007c0000000)
 concurrent-mark-sweep perm gen total 262144K, used 55168K [0x00000007c0000000, 0x00000007d0000000, 0x0000000800000000)
}
{Heap before GC invocations=56 (full 0):
 par new generation   total 174784K, used 94840K [0x000000060dc00000, 0x000000061dc00000, 0x00000006228c0000)
  eden space 87424K, 100% used [0x000000060dc00000, 0x0000000613160000, 0x0000000613160000)
  from space 87360K,   8% used [0x0000000613160000, 0x000000061389e318, 0x00000006186b0000)
  to   space 87360K,   0% used [0x00000006186b0000, 0x00000006186b0000, 0x000000061dc00000)
 concurrent mark-sweep generation total 262144K, used 90391K [0x00000006228c0000, 0x00000006328c0000, 0x00000007c0000000)
 concurrent-mark-sweep perm gen total 262144K, used 56472K [0x00000007c0000000, 0x00000007d0000000, 0x0000000800000000)
29.601: [GC 29.601: [ParNew
Desired survivor size 89456640 bytes, new threshold 5 (max 5)
- age   1:    2577280 bytes,    2577280 total
- age   2:     450600 bytes,    3027880 total
- age   3:     378944 bytes,    3406824 total
- age   4:     361736 bytes,    3768560 total
- age   5:    1772976 bytes,    5541536 total
: 94840K->6737K(174784K), 0.0094527 secs] 185232K->97483K(436928K), 0.0095250 secs] [Times: user=0.00 sys=0.00, real=0.01 secs] 
Heap after GC invocations=57 (full 0):
 par new generation   total 174784K, used 6737K [0x000000060dc00000, 0x000000061dc00000, 0x00000006228c0000)
  eden space 87424K,   0% used [0x000000060dc00000, 0x000000060dc00000, 0x0000000613160000)
  from space 87360K,   7% used [0x00000006186b0000, 0x0000000618d444b0, 0x000000061dc00000)
  to   space 87360K,   0% used [0x0000000613160000, 0x0000000613160000, 0x00000006186b0000)
 concurrent mark-sweep generation total 262144K, used 90746K [0x00000006228c0000, 0x00000006328c0000, 0x00000007c0000000)
 concurrent-mark-sweep perm gen total 262144K, used 56472K [0x00000007c0000000, 0x00000007d0000000, 0x0000000800000000)
}
{Heap before GC invocations=57 (full 0):
 par new generation   total 174784K, used 94161K [0x000000060dc00000, 0x000000061dc00000, 0x00000006228c0000)
  eden space 87424K, 100% used [0x000000060dc00000, 0x0000000613160000, 0x0000000613160000)
  from space 87360K,   7% used [0x00000006186b0000, 0x0000000618d444b0, 0x000000061dc00000)
  to   space 87360K,   0% used [0x0000000613160000, 0x0000000613160000, 0x00000006186b0000)
 concurrent mark-sweep generation total 262144K, used 90746K [0x00000006228c0000, 0x00000006328c0000, 0x00000007c0000000)
 concurrent-mark-sweep perm gen total 262144K, used 57297K [0x00000007c0000000, 0x00000007d0000000, 0x0000000800000000)
30.131: [GC 30.131: [ParNew
Desired survivor size 89456640 bytes, new threshold 5 (max 5)
- age   1:    2046952 bytes,    2046952 total
- age   2:     639864 bytes,    2686816 total
- age   3:     450600 bytes,    3137416 total
- age   4:     378944 bytes,    3516360 total
- age   5:     358600 bytes,    3874960 total
: 94161K->4665K(174784K), 0.0123019 secs] 184907K->97176K(436928K), 0.0123792 secs] [Times: user=0.00 sys=0.00, real=0.01 secs] 
Heap after GC invocations=58 (full 0):
 par new generation   total 174784K, used 4665K [0x000000060dc00000, 0x000000061dc00000, 0x00000006228c0000)
  eden space 87424K,   0% used [0x000000060dc00000, 0x000000060dc00000, 0x0000000613160000)
  from space 87360K,   5% used [0x0000000613160000, 0x00000006135ee4e8, 0x00000006186b0000)
  to   space 87360K,   0% used [0x00000006186b0000, 0x00000006186b0000, 0x000000061dc00000)
 concurrent mark-sweep generation total 262144K, used 92510K [0x00000006228c0000, 0x00000006328c0000, 0x00000007c0000000)
 concurrent-mark-sweep perm gen total 262144K, used 57297K [0x00000007c0000000, 0x00000007d0000000, 0x0000000800000000)
}
{Heap before GC invocations=58 (full 0):
 par new generation   total 174784K, used 92089K [0x000000060dc00000, 0x000000061dc00000, 0x00000006228c0000)
  eden space 87424K, 100% used [0x000000060dc00000, 0x0000000613160000, 0x0000000613160000)
  from space 87360K,   5% used [0x0000000613160000, 0x00000006135ee4e8, 0x00000006186b0000)
  to   space 87360K,   0% used [0x00000006186b0000, 0x00000006186b0000, 0x000000061dc00000)
 concurrent mark-sweep generation total 262144K, used 92510K [0x00000006228c0000, 0x00000006328c0000, 0x00000007c0000000)
 concurrent-mark-sweep perm gen total 262144K, used 57747K [0x00000007c0000000, 0x00000007d0000000, 0x0000000800000000)
30.372: [GC 30.372: [ParNew
Desired survivor size 89456640 bytes, new threshold 5 (max 5)
- age   1:     880352 bytes,     880352 total
- age   2:     543952 bytes,    1424304 total
- age   3:     638920 bytes,    2063224 total
- age   4:     450600 bytes,    2513824 total
- age   5:     378944 bytes,    2892768 total
: 92089K->3627K(174784K), 0.0071290 secs] 184600K->96491K(436928K), 0.0072096 secs] [Times: user=0.06 sys=0.00, real=0.01 secs] 
Heap after GC invocations=59 (full 0):
 par new generation   total 174784K, used 3627K [0x000000060dc00000, 0x000000061dc00000, 0x00000006228c0000)
  eden space 87424K,   0% used [0x000000060dc00000, 0x000000060dc00000, 0x0000000613160000)
  from space 87360K,   4% used [0x00000006186b0000, 0x0000000618a3afe0, 0x000000061dc00000)
  to   space 87360K,   0% used [0x0000000613160000, 0x0000000613160000, 0x00000006186b0000)
 concurrent mark-sweep generation total 262144K, used 92863K [0x00000006228c0000, 0x00000006328c0000, 0x00000007c0000000)
 concurrent-mark-sweep perm gen total 262144K, used 57747K [0x00000007c0000000, 0x00000007d0000000, 0x0000000800000000)
}
{Heap before GC invocations=59 (full 0):
 par new generation   total 174784K, used 91051K [0x000000060dc00000, 0x000000061dc00000, 0x00000006228c0000)
  eden space 87424K, 100% used [0x000000060dc00000, 0x0000000613160000, 0x0000000613160000)
  from space 87360K,   4% used [0x00000006186b0000, 0x0000000618a3afe0, 0x000000061dc00000)
  to   space 87360K,   0% used [0x0000000613160000, 0x0000000613160000, 0x00000006186b0000)
 concurrent mark-sweep generation total 262144K, used 92863K [0x00000006228c0000, 0x00000006328c0000, 0x00000007c0000000)
 concurrent-mark-sweep perm gen total 262144K, used 58335K [0x00000007c0000000, 0x00000007d0000000, 0x0000000800000000)
30.584: [GC 30.584: [ParNew
Desired survivor size 89456640 bytes, new threshold 5 (max 5)
- age   1:     764816 bytes,     764816 total
- age   2:     324992 bytes,    1089808 total
- age   3:     543976 bytes,    1633784 total
- age   4:     638920 bytes,    2272704 total
- age   5:     450600 bytes,    2723304 total
: 91051K->3332K(174784K), 0.0066870 secs] 183915K->96569K(436928K), 0.0067472 secs] [Times: user=0.00 sys=0.00, real=0.01 secs] 
Heap after GC invocations=60 (full 0):
 par new generation   total 174784K, used 3332K [0x000000060dc00000, 0x000000061dc00000, 0x00000006228c0000)
  eden space 87424K,   0% used [0x000000060dc00000, 0x000000060dc00000, 0x0000000613160000)
  from space 87360K,   3% used [0x0000000613160000, 0x00000006134a12f0, 0x00000006186b0000)
  to   space 87360K,   0% used [0x00000006186b0000, 0x00000006186b0000, 0x000000061dc00000)
 concurrent mark-sweep generation total 262144K, used 93236K [0x00000006228c0000, 0x00000006328c0000, 0x00000007c0000000)
 concurrent-mark-sweep perm gen total 262144K, used 58335K [0x00000007c0000000, 0x00000007d0000000, 0x0000000800000000)
}
{Heap before GC invocations=60 (full 0):
 par new generation   total 174784K, used 90756K [0x000000060dc00000, 0x000000061dc00000, 0x00000006228c0000)
  eden space 87424K, 100% used [0x000000060dc00000, 0x0000000613160000, 0x0000000613160000)
  from space 87360K,   3% used [0x0000000613160000, 0x00000006134a12f0, 0x00000006186b0000)
  to   space 87360K,   0% used [0x00000006186b0000, 0x00000006186b0000, 0x000000061dc00000)
 concurrent mark-sweep generation total 262144K, used 93236K [0x00000006228c0000, 0x00000006328c0000, 0x00000007c0000000)
 concurrent-mark-sweep perm gen total 262144K, used 58919K [0x00000007c0000000, 0x00000007d0000000, 0x0000000800000000)
30.888: [GC 30.888: [ParNew
Desired survivor size 89456640 bytes, new threshold 5 (max 5)
- age   1:    1227312 bytes,    1227312 total
- age   2:     213056 bytes,    1440368 total
- age   3:     324584 bytes,    1764952 total
- age   4:     543944 bytes,    2308896 total
- age   5:     638920 bytes,    2947816 total
: 90756K->3411K(174784K), 0.0079645 secs] 183993K->97090K(436928K), 0.0080168 secs] [Times: user=0.05 sys=0.00, real=0.01 secs] 
Heap after GC invocations=61 (full 0):
 par new generation   total 174784K, used 3411K [0x000000060dc00000, 0x000000061dc00000, 0x00000006228c0000)
  eden space 87424K,   0% used [0x000000060dc00000, 0x000000060dc00000, 0x0000000613160000)
  from space 87360K,   3% used [0x00000006186b0000, 0x0000000618a04c40, 0x000000061dc00000)
  to   space 87360K,   0% used [0x0000000613160000, 0x0000000613160000, 0x00000006186b0000)
 concurrent mark-sweep generation total 262144K, used 93679K [0x00000006228c0000, 0x00000006328c0000, 0x00000007c0000000)
 concurrent-mark-sweep perm gen total 262144K, used 58919K [0x00000007c0000000, 0x00000007d0000000, 0x0000000800000000)
}
{Heap before GC invocations=61 (full 0):
 par new generation   total 174784K, used 90835K [0x000000060dc00000, 0x000000061dc00000, 0x00000006228c0000)
  eden space 87424K, 100% used [0x000000060dc00000, 0x0000000613160000, 0x0000000613160000)
  from space 87360K,   3% used [0x00000006186b0000, 0x0000000618a04c40, 0x000000061dc00000)
  to   space 87360K,   0% used [0x0000000613160000, 0x0000000613160000, 0x00000006186b0000)
 concurrent mark-sweep generation total 262144K, used 93679K [0x00000006228c0000, 0x00000006328c0000, 0x00000007c0000000)
 concurrent-mark-sweep perm gen total 262144K, used 59376K [0x00000007c0000000, 0x00000007d0000000, 0x0000000800000000)
31.333: [GC 31.333: [ParNew
Desired survivor size 89456640 bytes, new threshold 5 (max 5)
- age   1:    2187688 bytes,    2187688 total
- age   2:     774600 bytes,    2962288 total
- age   3:     212824 bytes,    3175112 total
- age   4:     324584 bytes,    3499696 total
- age   5:     543848 bytes,    4043544 total
: 90835K->5153K(174784K), 0.0080520 secs] 184514K->99460K(436928K), 0.0081180 secs] [Times: user=0.00 sys=0.00, real=0.01 secs] 
Heap after GC invocations=62 (full 0):
 par new generation   total 174784K, used 5153K [0x000000060dc00000, 0x000000061dc00000, 0x00000006228c0000)
  eden space 87424K,   0% used [0x000000060dc00000, 0x000000060dc00000, 0x0000000613160000)
  from space 87360K,   5% used [0x0000000613160000, 0x0000000613668658, 0x00000006186b0000)
  to   space 87360K,   0% used [0x00000006186b0000, 0x00000006186b0000, 0x000000061dc00000)
 concurrent mark-sweep generation total 262144K, used 94307K [0x00000006228c0000, 0x00000006328c0000, 0x00000007c0000000)
 concurrent-mark-sweep perm gen total 262144K, used 59376K [0x00000007c0000000, 0x00000007d0000000, 0x0000000800000000)
}
{Heap before GC invocations=62 (full 0):
 par new generation   total 174784K, used 92577K [0x000000060dc00000, 0x000000061dc00000, 0x00000006228c0000)
  eden space 87424K, 100% used [0x000000060dc00000, 0x0000000613160000, 0x0000000613160000)
  from space 87360K,   5% used [0x0000000613160000, 0x0000000613668658, 0x00000006186b0000)
  to   space 87360K,   0% used [0x00000006186b0000, 0x00000006186b0000, 0x000000061dc00000)
 concurrent mark-sweep generation total 262144K, used 94307K [0x00000006228c0000, 0x00000006328c0000, 0x00000007c0000000)
 concurrent-mark-sweep perm gen total 262144K, used 59637K [0x00000007c0000000, 0x00000007d0000000, 0x0000000800000000)
31.602: [GC 31.602: [ParNew
Desired survivor size 89456640 bytes, new threshold 5 (max 5)
- age   1:     797168 bytes,     797168 total
- age   2:    1528192 bytes,    2325360 total
- age   3:     770376 bytes,    3095736 total
- age   4:     212824 bytes,    3308560 total
- age   5:     323992 bytes,    3632552 total
: 92577K->4218K(174784K), 0.0075924 secs] 186884K->99060K(436928K), 0.0076526 secs] [Times: user=0.00 sys=0.00, real=0.01 secs] 
Heap after GC invocations=63 (full 0):
 par new generation   total 174784K, used 4218K [0x000000060dc00000, 0x000000061dc00000, 0x00000006228c0000)
  eden space 87424K,   0% used [0x000000060dc00000, 0x000000060dc00000, 0x0000000613160000)
  from space 87360K,   4% used [0x00000006186b0000, 0x0000000618aceb60, 0x000000061dc00000)
  to   space 87360K,   0% used [0x0000000613160000, 0x0000000613160000, 0x00000006186b0000)
 concurrent mark-sweep generation total 262144K, used 94841K [0x00000006228c0000, 0x00000006328c0000, 0x00000007c0000000)
 concurrent-mark-sweep perm gen total 262144K, used 59637K [0x00000007c0000000, 0x00000007d0000000, 0x0000000800000000)
}
{Heap before GC invocations=63 (full 0):
 par new generation   total 174784K, used 91642K [0x000000060dc00000, 0x000000061dc00000, 0x00000006228c0000)
  eden space 87424K, 100% used [0x000000060dc00000, 0x0000000613160000, 0x0000000613160000)
  from space 87360K,   4% used [0x00000006186b0000, 0x0000000618aceb60, 0x000000061dc00000)
  to   space 87360K,   0% used [0x0000000613160000, 0x0000000613160000, 0x00000006186b0000)
 concurrent mark-sweep generation total 262144K, used 94841K [0x00000006228c0000, 0x00000006328c0000, 0x00000007c0000000)
 concurrent-mark-sweep perm gen total 262144K, used 60109K [0x00000007c0000000, 0x00000007d0000000, 0x0000000800000000)
31.877: [GC 31.877: [ParNew
Desired survivor size 89456640 bytes, new threshold 5 (max 5)
- age   1:     654376 bytes,     654376 total
- age   2:      62400 bytes,     716776 total
- age   3:    1528168 bytes,    2244944 total
- age   4:     770376 bytes,    3015320 total
- age   5:     212848 bytes,    3228168 total
: 91642K->3661K(174784K), 0.0061473 secs] 186484K->98820K(436928K), 0.0062187 secs] [Times: user=0.00 sys=0.00, real=0.01 secs] 
Heap after GC invocations=64 (full 0):
 par new generation   total 174784K, used 3661K [0x000000060dc00000, 0x000000061dc00000, 0x00000006228c0000)
  eden space 87424K,   0% used [0x000000060dc00000, 0x000000060dc00000, 0x0000000613160000)
  from space 87360K,   4% used [0x0000000613160000, 0x00000006134f3450, 0x00000006186b0000)
  to   space 87360K,   0% used [0x00000006186b0000, 0x00000006186b0000, 0x000000061dc00000)
 concurrent mark-sweep generation total 262144K, used 95159K [0x00000006228c0000, 0x00000006328c0000, 0x00000007c0000000)
 concurrent-mark-sweep perm gen total 262144K, used 60109K [0x00000007c0000000, 0x00000007d0000000, 0x0000000800000000)
}
{Heap before GC invocations=64 (full 0):
 par new generation   total 174784K, used 91085K [0x000000060dc00000, 0x000000061dc00000, 0x00000006228c0000)
  eden space 87424K, 100% used [0x000000060dc00000, 0x0000000613160000, 0x0000000613160000)
  from space 87360K,   4% used [0x0000000613160000, 0x00000006134f3450, 0x00000006186b0000)
  to   space 87360K,   0% used [0x00000006186b0000, 0x00000006186b0000, 0x000000061dc00000)
 concurrent mark-sweep generation total 262144K, used 95159K [0x00000006228c0000, 0x00000006328c0000, 0x00000007c0000000)
 concurrent-mark-sweep perm gen total 262144K, used 60522K [0x00000007c0000000, 0x00000007d0000000, 0x0000000800000000)
32.176: [GC 32.176: [ParNew
Desired survivor size 89456640 bytes, new threshold 5 (max 5)
- age   1:     793120 bytes,     793120 total
- age   2:     139752 bytes,     932872 total
- age   3:      61992 bytes,     994864 total
- age   4:    1528368 bytes,    2523232 total
- age   5:     770344 bytes,    3293576 total
: 91085K->4615K(174784K), 0.0063375 secs] 186244K->99984K(436928K), 0.0064040 secs] [Times: user=0.00 sys=0.00, real=0.01 secs] 
Heap after GC invocations=65 (full 0):
 par new generation   total 174784K, used 4615K [0x000000060dc00000, 0x000000061dc00000, 0x00000006228c0000)
  eden space 87424K,   0% used [0x000000060dc00000, 0x000000060dc00000, 0x0000000613160000)
  from space 87360K,   5% used [0x00000006186b0000, 0x0000000618b31d10, 0x000000061dc00000)
  to   space 87360K,   0% used [0x0000000613160000, 0x0000000613160000, 0x00000006186b0000)
 concurrent mark-sweep generation total 262144K, used 95368K [0x00000006228c0000, 0x00000006328c0000, 0x00000007c0000000)
 concurrent-mark-sweep perm gen total 262144K, used 60522K [0x00000007c0000000, 0x00000007d0000000, 0x0000000800000000)
}
{Heap before GC invocations=65 (full 0):
 par new generation   total 174784K, used 92039K [0x000000060dc00000, 0x000000061dc00000, 0x00000006228c0000)
  eden space 87424K, 100% used [0x000000060dc00000, 0x0000000613160000, 0x0000000613160000)
  from space 87360K,   5% used [0x00000006186b0000, 0x0000000618b31d10, 0x000000061dc00000)
  to   space 87360K,   0% used [0x0000000613160000, 0x0000000613160000, 0x00000006186b0000)
 concurrent mark-sweep generation total 262144K, used 95368K [0x00000006228c0000, 0x00000006328c0000, 0x00000007c0000000)
 concurrent-mark-sweep perm gen total 262144K, used 60820K [0x00000007c0000000, 0x00000007d0000000, 0x0000000800000000)
32.500: [GC 32.500: [ParNew
Desired survivor size 89456640 bytes, new threshold 5 (max 5)
- age   1:     706344 bytes,     706344 total
- age   2:     125336 bytes,     831680 total
- age   3:     139728 bytes,     971408 total
- age   4:      61992 bytes,    1033400 total
- age   5:    1528168 bytes,    2561568 total
: 92039K->2924K(174784K), 0.0081444 secs] 187408K->99057K(436928K), 0.0082148 secs] [Times: user=0.00 sys=0.00, real=0.01 secs] 
Heap after GC invocations=66 (full 0):
 par new generation   total 174784K, used 2924K [0x000000060dc00000, 0x000000061dc00000, 0x00000006228c0000)
  eden space 87424K,   0% used [0x000000060dc00000, 0x000000060dc00000, 0x0000000613160000)
  from space 87360K,   3% used [0x0000000613160000, 0x000000061343b360, 0x00000006186b0000)
  to   space 87360K,   0% used [0x00000006186b0000, 0x00000006186b0000, 0x000000061dc00000)
 concurrent mark-sweep generation total 262144K, used 96132K [0x00000006228c0000, 0x00000006328c0000, 0x00000007c0000000)
 concurrent-mark-sweep perm gen total 262144K, used 60820K [0x00000007c0000000, 0x00000007d0000000, 0x0000000800000000)
}
{Heap before GC invocations=66 (full 0):
 par new generation   total 174784K, used 90348K [0x000000060dc00000, 0x000000061dc00000, 0x00000006228c0000)
  eden space 87424K, 100% used [0x000000060dc00000, 0x0000000613160000, 0x0000000613160000)
  from space 87360K,   3% used [0x0000000613160000, 0x000000061343b360, 0x00000006186b0000)
  to   space 87360K,   0% used [0x00000006186b0000, 0x00000006186b0000, 0x000000061dc00000)
 concurrent mark-sweep generation total 262144K, used 96132K [0x00000006228c0000, 0x00000006328c0000, 0x00000007c0000000)
 concurrent-mark-sweep perm gen total 262144K, used 60820K [0x00000007c0000000, 0x00000007d0000000, 0x0000000800000000)
32.720: [GC 32.720: [ParNew
Desired survivor size 89456640 bytes, new threshold 5 (max 5)
- age   1:     244280 bytes,     244280 total
- age   2:     210656 bytes,     454936 total
- age   3:     125336 bytes,     580272 total
- age   4:     139728 bytes,     720000 total
- age   5:      61992 bytes,     781992 total
: 90348K->2056K(174784K), 0.0091320 secs] 186481K->99683K(436928K), 0.0092058 secs] [Times: user=0.00 sys=0.00, real=0.01 secs] 
Heap after GC invocations=67 (full 0):
 par new generation   total 174784K, used 2056K [0x000000060dc00000, 0x000000061dc00000, 0x00000006228c0000)
  eden space 87424K,   0% used [0x000000060dc00000, 0x000000060dc00000, 0x0000000613160000)
  from space 87360K,   2% used [0x00000006186b0000, 0x00000006188b21e0, 0x000000061dc00000)
  to   space 87360K,   0% used [0x0000000613160000, 0x0000000613160000, 0x00000006186b0000)
 concurrent mark-sweep generation total 262144K, used 97626K [0x00000006228c0000, 0x00000006328c0000, 0x00000007c0000000)
 concurrent-mark-sweep perm gen total 262144K, used 60820K [0x00000007c0000000, 0x00000007d0000000, 0x0000000800000000)
}
{Heap before GC invocations=67 (full 0):
 par new generation   total 174784K, used 89480K [0x000000060dc00000, 0x000000061dc00000, 0x00000006228c0000)
  eden space 87424K, 100% used [0x000000060dc00000, 0x0000000613160000, 0x0000000613160000)
  from space 87360K,   2% used [0x00000006186b0000, 0x00000006188b21e0, 0x000000061dc00000)
  to   space 87360K,   0% used [0x0000000613160000, 0x0000000613160000, 0x00000006186b0000)
 concurrent mark-sweep generation total 262144K, used 97626K [0x00000006228c0000, 0x00000006328c0000, 0x00000007c0000000)
 concurrent-mark-sweep perm gen total 262144K, used 61283K [0x00000007c0000000, 0x00000007d0000000, 0x0000000800000000)
33.043: [GC 33.044: [ParNew
Desired survivor size 89456640 bytes, new threshold 5 (max 5)
- age   1:    1413952 bytes,    1413952 total
- age   3:     112952 bytes,    1526904 total
- age   4:     125336 bytes,    1652240 total
- age   5:     139728 bytes,    1791968 total
: 89480K->2065K(174784K), 0.0051436 secs] 187107K->99753K(436928K), 0.0052003 secs] [Times: user=0.06 sys=0.00, real=0.00 secs] 
Heap after GC invocations=68 (full 0):
 par new generation   total 174784K, used 2065K [0x000000060dc00000, 0x000000061dc00000, 0x00000006228c0000)
  eden space 87424K,   0% used [0x000000060dc00000, 0x000000060dc00000, 0x0000000613160000)
  from space 87360K,   2% used [0x0000000613160000, 0x00000006133647e8, 0x00000006186b0000)
  to   space 87360K,   0% used [0x00000006186b0000, 0x00000006186b0000, 0x000000061dc00000)
 concurrent mark-sweep generation total 262144K, used 97687K [0x00000006228c0000, 0x00000006328c0000, 0x00000007c0000000)
 concurrent-mark-sweep perm gen total 262144K, used 61283K [0x00000007c0000000, 0x00000007d0000000, 0x0000000800000000)
}
{Heap before GC invocations=68 (full 0):
 par new generation   total 174784K, used 89489K [0x000000060dc00000, 0x000000061dc00000, 0x00000006228c0000)
  eden space 87424K, 100% used [0x000000060dc00000, 0x0000000613160000, 0x0000000613160000)
  from space 87360K,   2% used [0x0000000613160000, 0x00000006133647e8, 0x00000006186b0000)
  to   space 87360K,   0% used [0x00000006186b0000, 0x00000006186b0000, 0x000000061dc00000)
 concurrent mark-sweep generation total 262144K, used 97687K [0x00000006228c0000, 0x00000006328c0000, 0x00000007c0000000)
 concurrent-mark-sweep perm gen total 262144K, used 61853K [0x00000007c0000000, 0x00000007d0000000, 0x0000000800000000)
33.409: [GC 33.409: [ParNew
Desired survivor size 89456640 bytes, new threshold 5 (max 5)
- age   1:    1395464 bytes,    1395464 total
- age   2:     563960 bytes,    1959424 total
- age   4:     112792 bytes,    2072216 total
- age   5:     125336 bytes,    2197552 total
: 89489K->2522K(174784K), 0.0065892 secs] 187177K->100347K(436928K), 0.0066518 secs] [Times: user=0.00 sys=0.00, real=0.01 secs] 
Heap after GC invocations=69 (full 0):
 par new generation   total 174784K, used 2522K [0x000000060dc00000, 0x000000061dc00000, 0x00000006228c0000)
  eden space 87424K,   0% used [0x000000060dc00000, 0x000000060dc00000, 0x0000000613160000)
  from space 87360K,   2% used [0x00000006186b0000, 0x0000000618926a60, 0x000000061dc00000)
  to   space 87360K,   0% used [0x0000000613160000, 0x0000000613160000, 0x00000006186b0000)
 concurrent mark-sweep generation total 262144K, used 97824K [0x00000006228c0000, 0x00000006328c0000, 0x00000007c0000000)
 concurrent-mark-sweep perm gen total 262144K, used 61853K [0x00000007c0000000, 0x00000007d0000000, 0x0000000800000000)
}
{Heap before GC invocations=69 (full 0):
 par new generation   total 174784K, used 89946K [0x000000060dc00000, 0x000000061dc00000, 0x00000006228c0000)
  eden space 87424K, 100% used [0x000000060dc00000, 0x0000000613160000, 0x0000000613160000)
  from space 87360K,   2% used [0x00000006186b0000, 0x0000000618926a60, 0x000000061dc00000)
  to   space 87360K,   0% used [0x0000000613160000, 0x0000000613160000, 0x00000006186b0000)
 concurrent mark-sweep generation total 262144K, used 97824K [0x00000006228c0000, 0x00000006328c0000, 0x00000007c0000000)
 concurrent-mark-sweep perm gen total 262144K, used 62405K [0x00000007c0000000, 0x00000007d0000000, 0x0000000800000000)
33.645: [GC 33.645: [ParNew
Desired survivor size 89456640 bytes, new threshold 5 (max 5)
- age   1:     806568 bytes,     806568 total
- age   2:     464552 bytes,    1271120 total
- age   3:     563680 bytes,    1834800 total
- age   5:     112752 bytes,    1947552 total
: 89946K->2338K(174784K), 0.0057606 secs] 187771K->100286K(436928K), 0.0058236 secs] [Times: user=0.00 sys=0.00, real=0.01 secs] 
Heap after GC invocations=70 (full 0):
 par new generation   total 174784K, used 2338K [0x000000060dc00000, 0x000000061dc00000, 0x00000006228c0000)
  eden space 87424K,   0% used [0x000000060dc00000, 0x000000060dc00000, 0x0000000613160000)
  from space 87360K,   2% used [0x0000000613160000, 0x00000006133a8928, 0x00000006186b0000)
  to   space 87360K,   0% used [0x00000006186b0000, 0x00000006186b0000, 0x000000061dc00000)
 concurrent mark-sweep generation total 262144K, used 97948K [0x00000006228c0000, 0x00000006328c0000, 0x00000007c0000000)
 concurrent-mark-sweep perm gen total 262144K, used 62405K [0x00000007c0000000, 0x00000007d0000000, 0x0000000800000000)
}
{Heap before GC invocations=70 (full 0):
 par new generation   total 174784K, used 89762K [0x000000060dc00000, 0x000000061dc00000, 0x00000006228c0000)
  eden space 87424K, 100% used [0x000000060dc00000, 0x0000000613160000, 0x0000000613160000)
  from space 87360K,   2% used [0x0000000613160000, 0x00000006133a8928, 0x00000006186b0000)
  to   space 87360K,   0% used [0x00000006186b0000, 0x00000006186b0000, 0x000000061dc00000)
 concurrent mark-sweep generation total 262144K, used 97948K [0x00000006228c0000, 0x00000006328c0000, 0x00000007c0000000)
 concurrent-mark-sweep perm gen total 262144K, used 62810K [0x00000007c0000000, 0x00000007d0000000, 0x0000000800000000)
33.905: [GC 33.905: [ParNew
Desired survivor size 89456640 bytes, new threshold 5 (max 5)
- age   1:    3504992 bytes,    3504992 total
- age   2:     239256 bytes,    3744248 total
- age   3:     463696 bytes,    4207944 total
- age   4:     563560 bytes,    4771504 total
: 89762K->5014K(174784K), 0.0074536 secs] 187710K->103074K(436928K), 0.0075436 secs] [Times: user=0.00 sys=0.00, real=0.01 secs] 
Heap after GC invocations=71 (full 0):
 par new generation   total 174784K, used 5014K [0x000000060dc00000, 0x000000061dc00000, 0x00000006228c0000)
  eden space 87424K,   0% used [0x000000060dc00000, 0x000000060dc00000, 0x0000000613160000)
  from space 87360K,   5% used [0x00000006186b0000, 0x0000000618b95870, 0x000000061dc00000)
  to   space 87360K,   0% used [0x0000000613160000, 0x0000000613160000, 0x00000006186b0000)
 concurrent mark-sweep generation total 262144K, used 98060K [0x00000006228c0000, 0x00000006328c0000, 0x00000007c0000000)
 concurrent-mark-sweep perm gen total 262144K, used 62810K [0x00000007c0000000, 0x00000007d0000000, 0x0000000800000000)
}
{Heap before GC invocations=71 (full 0):
 par new generation   total 174784K, used 92438K [0x000000060dc00000, 0x000000061dc00000, 0x00000006228c0000)
  eden space 87424K, 100% used [0x000000060dc00000, 0x0000000613160000, 0x0000000613160000)
  from space 87360K,   5% used [0x00000006186b0000, 0x0000000618b95870, 0x000000061dc00000)
  to   space 87360K,   0% used [0x0000000613160000, 0x0000000613160000, 0x00000006186b0000)
 concurrent mark-sweep generation total 262144K, used 98060K [0x00000006228c0000, 0x00000006328c0000, 0x00000007c0000000)
 concurrent-mark-sweep perm gen total 262144K, used 63086K [0x00000007c0000000, 0x00000007d0000000, 0x0000000800000000)
34.086: [GC 34.086: [ParNew
Desired survivor size 89456640 bytes, new threshold 5 (max 5)
- age   1:    2370344 bytes,    2370344 total
- age   2:    2731936 bytes,    5102280 total
- age   3:     239024 bytes,    5341304 total
- age   4:     463696 bytes,    5805000 total
- age   5:     563560 bytes,    6368560 total
: 92438K->6948K(174784K), 0.0086480 secs] 190498K->105008K(436928K), 0.0087105 secs] [Times: user=0.06 sys=0.00, real=0.01 secs] 
Heap after GC invocations=72 (full 0):
 par new generation   total 174784K, used 6948K [0x000000060dc00000, 0x000000061dc00000, 0x00000006228c0000)
  eden space 87424K,   0% used [0x000000060dc00000, 0x000000060dc00000, 0x0000000613160000)
  from space 87360K,   7% used [0x0000000613160000, 0x0000000613829158, 0x00000006186b0000)
  to   space 87360K,   0% used [0x00000006186b0000, 0x00000006186b0000, 0x000000061dc00000)
 concurrent mark-sweep generation total 262144K, used 98060K [0x00000006228c0000, 0x00000006328c0000, 0x00000007c0000000)
 concurrent-mark-sweep perm gen total 262144K, used 63086K [0x00000007c0000000, 0x00000007d0000000, 0x0000000800000000)
}
{Heap before GC invocations=72 (full 0):
 par new generation   total 174784K, used 94372K [0x000000060dc00000, 0x000000061dc00000, 0x00000006228c0000)
  eden space 87424K, 100% used [0x000000060dc00000, 0x0000000613160000, 0x0000000613160000)
  from space 87360K,   7% used [0x0000000613160000, 0x0000000613829158, 0x00000006186b0000)
  to   space 87360K,   0% used [0x00000006186b0000, 0x00000006186b0000, 0x000000061dc00000)
 concurrent mark-sweep generation total 262144K, used 98060K [0x00000006228c0000, 0x00000006328c0000, 0x00000007c0000000)
 concurrent-mark-sweep perm gen total 262144K, used 63433K [0x00000007c0000000, 0x00000007d0000000, 0x0000000800000000)
34.328: [GC 34.328: [ParNew
Desired survivor size 89456640 bytes, new threshold 5 (max 5)
- age   1:    2273280 bytes,    2273280 total
- age   2:    1508552 bytes,    3781832 total
- age   3:    2731584 bytes,    6513416 total
- age   4:     239024 bytes,    6752440 total
- age   5:     463720 bytes,    7216160 total
: 94372K->9145K(174784K), 0.0110039 secs] 192432K->107757K(436928K), 0.0110733 secs] [Times: user=0.00 sys=0.00, real=0.01 secs] 
Heap after GC invocations=73 (full 0):
 par new generation   total 174784K, used 9145K [0x000000060dc00000, 0x000000061dc00000, 0x00000006228c0000)
  eden space 87424K,   0% used [0x000000060dc00000, 0x000000060dc00000, 0x0000000613160000)
  from space 87360K,  10% used [0x00000006186b0000, 0x0000000618f9e778, 0x000000061dc00000)
  to   space 87360K,   0% used [0x0000000613160000, 0x0000000613160000, 0x00000006186b0000)
 concurrent mark-sweep generation total 262144K, used 98612K [0x00000006228c0000, 0x00000006328c0000, 0x00000007c0000000)
 concurrent-mark-sweep perm gen total 262144K, used 63433K [0x00000007c0000000, 0x00000007d0000000, 0x0000000800000000)
}
{Heap before GC invocations=73 (full 0):
 par new generation   total 174784K, used 96569K [0x000000060dc00000, 0x000000061dc00000, 0x00000006228c0000)
  eden space 87424K, 100% used [0x000000060dc00000, 0x0000000613160000, 0x0000000613160000)
  from space 87360K,  10% used [0x00000006186b0000, 0x0000000618f9e778, 0x000000061dc00000)
  to   space 87360K,   0% used [0x0000000613160000, 0x0000000613160000, 0x00000006186b0000)
 concurrent mark-sweep generation total 262144K, used 98612K [0x00000006228c0000, 0x00000006328c0000, 0x00000007c0000000)
 concurrent-mark-sweep perm gen total 262144K, used 63860K [0x00000007c0000000, 0x00000007d0000000, 0x0000000800000000)
34.567: [GC 34.568: [ParNew
Desired survivor size 89456640 bytes, new threshold 5 (max 5)
- age   1:    2484728 bytes,    2484728 total
- age   2:    1562960 bytes,    4047688 total
- age   3:    1508552 bytes,    5556240 total
- age   4:    2731848 bytes,    8288088 total
- age   5:     239024 bytes,    8527112 total
: 96569K->10044K(174784K), 0.0114571 secs] 195181K->109114K(436928K), 0.0115275 secs] [Times: user=0.06 sys=0.00, real=0.01 secs] 
Heap after GC invocations=74 (full 0):
 par new generation   total 174784K, used 10044K [0x000000060dc00000, 0x000000061dc00000, 0x00000006228c0000)
  eden space 87424K,   0% used [0x000000060dc00000, 0x000000060dc00000, 0x0000000613160000)
  from space 87360K,  11% used [0x0000000613160000, 0x0000000613b2f3f0, 0x00000006186b0000)
  to   space 87360K,   0% used [0x00000006186b0000, 0x00000006186b0000, 0x000000061dc00000)
 concurrent mark-sweep generation total 262144K, used 99069K [0x00000006228c0000, 0x00000006328c0000, 0x00000007c0000000)
 concurrent-mark-sweep perm gen total 262144K, used 63860K [0x00000007c0000000, 0x00000007d0000000, 0x0000000800000000)
}
{Heap before GC invocations=74 (full 0):
 par new generation   total 174784K, used 97468K [0x000000060dc00000, 0x000000061dc00000, 0x00000006228c0000)
  eden space 87424K, 100% used [0x000000060dc00000, 0x0000000613160000, 0x0000000613160000)
  from space 87360K,  11% used [0x0000000613160000, 0x0000000613b2f3f0, 0x00000006186b0000)
  to   space 87360K,   0% used [0x00000006186b0000, 0x00000006186b0000, 0x000000061dc00000)
 concurrent mark-sweep generation total 262144K, used 99069K [0x00000006228c0000, 0x00000006328c0000, 0x00000007c0000000)
 concurrent-mark-sweep perm gen total 262144K, used 64249K [0x00000007c0000000, 0x00000007d0000000, 0x0000000800000000)
34.742: [GC 34.742: [ParNew
Desired survivor size 89456640 bytes, new threshold 5 (max 5)
- age   1:    1799760 bytes,    1799760 total
- age   2:    1532384 bytes,    3332144 total
- age   3:    1562960 bytes,    4895104 total
- age   4:    1508552 bytes,    6403656 total
- age   5:    2731448 bytes,    9135104 total
: 97468K->13740K(174784K), 0.0108010 secs] 196538K->113045K(436928K), 0.0108802 secs] [Times: user=0.06 sys=0.00, real=0.01 secs] 
Heap after GC invocations=75 (full 0):
 par new generation   total 174784K, used 13740K [0x000000060dc00000, 0x000000061dc00000, 0x00000006228c0000)
  eden space 87424K,   0% used [0x000000060dc00000, 0x000000060dc00000, 0x0000000613160000)
  from space 87360K,  15% used [0x00000006186b0000, 0x000000061941b2f0, 0x000000061dc00000)
  to   space 87360K,   0% used [0x0000000613160000, 0x0000000613160000, 0x00000006186b0000)
 concurrent mark-sweep generation total 262144K, used 99304K [0x00000006228c0000, 0x00000006328c0000, 0x00000007c0000000)
 concurrent-mark-sweep perm gen total 262144K, used 64249K [0x00000007c0000000, 0x00000007d0000000, 0x0000000800000000)
}
{Heap before GC invocations=75 (full 0):
 par new generation   total 174784K, used 101164K [0x000000060dc00000, 0x000000061dc00000, 0x00000006228c0000)
  eden space 87424K, 100% used [0x000000060dc00000, 0x0000000613160000, 0x0000000613160000)
  from space 87360K,  15% used [0x00000006186b0000, 0x000000061941b2f0, 0x000000061dc00000)
  to   space 87360K,   0% used [0x0000000613160000, 0x0000000613160000, 0x00000006186b0000)
 concurrent mark-sweep generation total 262144K, used 99304K [0x00000006228c0000, 0x00000006328c0000, 0x00000007c0000000)
 concurrent-mark-sweep perm gen total 262144K, used 64554K [0x00000007c0000000, 0x00000007d0000000, 0x0000000800000000)
34.963: [GC 34.963: [ParNew
Desired survivor size 89456640 bytes, new threshold 5 (max 5)
- age   1:    4628536 bytes,    4628536 total
- age   2:    1019160 bytes,    5647696 total
- age   3:    1532384 bytes,    7180080 total
- age   4:    1562960 bytes,    8743040 total
- age   5:    1508552 bytes,   10251592 total
: 101164K->13027K(174784K), 0.0183583 secs] 200469K->115078K(436928K), 0.0184238 secs] [Times: user=0.06 sys=0.00, real=0.02 secs] 
Heap after GC invocations=76 (full 0):
 par new generation   total 174784K, used 13027K [0x000000060dc00000, 0x000000061dc00000, 0x00000006228c0000)
  eden space 87424K,   0% used [0x000000060dc00000, 0x000000060dc00000, 0x0000000613160000)
  from space 87360K,  14% used [0x0000000613160000, 0x0000000613e18c50, 0x00000006186b0000)
  to   space 87360K,   0% used [0x00000006186b0000, 0x00000006186b0000, 0x000000061dc00000)
 concurrent mark-sweep generation total 262144K, used 102051K [0x00000006228c0000, 0x00000006328c0000, 0x00000007c0000000)
 concurrent-mark-sweep perm gen total 262144K, used 64554K [0x00000007c0000000, 0x00000007d0000000, 0x0000000800000000)
}
{Heap before GC invocations=76 (full 0):
 par new generation   total 174784K, used 100451K [0x000000060dc00000, 0x000000061dc00000, 0x00000006228c0000)
  eden space 87424K, 100% used [0x000000060dc00000, 0x0000000613160000, 0x0000000613160000)
  from space 87360K,  14% used [0x0000000613160000, 0x0000000613e18c50, 0x00000006186b0000)
  to   space 87360K,   0% used [0x00000006186b0000, 0x00000006186b0000, 0x000000061dc00000)
 concurrent mark-sweep generation total 262144K, used 102051K [0x00000006228c0000, 0x00000006328c0000, 0x00000007c0000000)
 concurrent-mark-sweep perm gen total 262144K, used 64967K [0x00000007c0000000, 0x00000007d0000000, 0x0000000800000000)
35.193: [GC 35.193: [ParNew
Desired survivor size 89456640 bytes, new threshold 5 (max 5)
- age   1:     575424 bytes,     575424 total
- age   2:    3519288 bytes,    4094712 total
- age   3:    1018704 bytes,    5113416 total
- age   4:    1532384 bytes,    6645800 total
- age   5:    1562960 bytes,    8208760 total
: 100451K->9978K(174784K), 0.0123146 secs] 202502K->113552K(436928K), 0.0123748 secs] [Times: user=0.06 sys=0.00, real=0.01 secs] 
Heap after GC invocations=77 (full 0):
 par new generation   total 174784K, used 9978K [0x000000060dc00000, 0x000000061dc00000, 0x00000006228c0000)
  eden space 87424K,   0% used [0x000000060dc00000, 0x000000060dc00000, 0x0000000613160000)
  from space 87360K,  11% used [0x00000006186b0000, 0x000000061906eb40, 0x000000061dc00000)
  to   space 87360K,   0% used [0x0000000613160000, 0x0000000613160000, 0x00000006186b0000)
 concurrent mark-sweep generation total 262144K, used 103573K [0x00000006228c0000, 0x00000006328c0000, 0x00000007c0000000)
 concurrent-mark-sweep perm gen total 262144K, used 64967K [0x00000007c0000000, 0x00000007d0000000, 0x0000000800000000)
}
{Heap before GC invocations=77 (full 0):
 par new generation   total 174784K, used 97402K [0x000000060dc00000, 0x000000061dc00000, 0x00000006228c0000)
  eden space 87424K, 100% used [0x000000060dc00000, 0x0000000613160000, 0x0000000613160000)
  from space 87360K,  11% used [0x00000006186b0000, 0x000000061906eb40, 0x000000061dc00000)
  to   space 87360K,   0% used [0x0000000613160000, 0x0000000613160000, 0x00000006186b0000)
 concurrent mark-sweep generation total 262144K, used 103573K [0x00000006228c0000, 0x00000006328c0000, 0x00000007c0000000)
 concurrent-mark-sweep perm gen total 262144K, used 65600K [0x00000007c0000000, 0x00000007d0000000, 0x0000000800000000)
35.782: [GC 35.782: [ParNew
Desired survivor size 89456640 bytes, new threshold 5 (max 5)
- age   1:    3115920 bytes,    3115920 total
- age   2:     178864 bytes,    3294784 total
- age   3:    3476920 bytes,    6771704 total
- age   4:    1017936 bytes,    7789640 total
- age   5:    1532384 bytes,    9322024 total
: 97402K->10795K(174784K), 0.0131995 secs] 200976K->115944K(436928K), 0.0132655 secs] [Times: user=0.03 sys=0.02, real=0.01 secs] 
Heap after GC invocations=78 (full 0):
 par new generation   total 174784K, used 10795K [0x000000060dc00000, 0x000000061dc00000, 0x00000006228c0000)
  eden space 87424K,   0% used [0x000000060dc00000, 0x000000060dc00000, 0x0000000613160000)
  from space 87360K,  12% used [0x0000000613160000, 0x0000000613beacb8, 0x00000006186b0000)
  to   space 87360K,   0% used [0x00000006186b0000, 0x00000006186b0000, 0x000000061dc00000)
 concurrent mark-sweep generation total 262144K, used 105149K [0x00000006228c0000, 0x00000006328c0000, 0x00000007c0000000)
 concurrent-mark-sweep perm gen total 262144K, used 65600K [0x00000007c0000000, 0x00000007d0000000, 0x0000000800000000)
}
{Heap before GC invocations=78 (full 0):
 par new generation   total 174784K, used 72823K [0x000000060dc00000, 0x000000061dc00000, 0x00000006228c0000)
  eden space 87424K,  70% used [0x000000060dc00000, 0x0000000611893330, 0x0000000613160000)
  from space 87360K,  12% used [0x0000000613160000, 0x0000000613beacb8, 0x00000006186b0000)
  to   space 87360K,   0% used [0x00000006186b0000, 0x00000006186b0000, 0x000000061dc00000)
 concurrent mark-sweep generation total 262144K, used 105149K [0x00000006228c0000, 0x00000006328c0000, 0x00000007c0000000)
 concurrent-mark-sweep perm gen total 262144K, used 65891K [0x00000007c0000000, 0x00000007d0000000, 0x0000000800000000)
36.800: [GC 36.800: [ParNew
Desired survivor size 89456640 bytes, new threshold 5 (max 5)
- age   1:   18211784 bytes,   18211784 total
- age   2:    2061096 bytes,   20272880 total
- age   3:     142776 bytes,   20415656 total
- age   4:    3476920 bytes,   23892576 total
- age   5:    1017648 bytes,   24910224 total
: 72823K->28341K(174784K), 0.0132499 secs] 177973K->135036K(436928K), 0.0133276 secs] [Times: user=0.06 sys=0.00, real=0.01 secs] 
Heap after GC invocations=79 (full 0):
 par new generation   total 174784K, used 28341K [0x000000060dc00000, 0x000000061dc00000, 0x00000006228c0000)
  eden space 87424K,   0% used [0x000000060dc00000, 0x000000060dc00000, 0x0000000613160000)
  from space 87360K,  32% used [0x00000006186b0000, 0x000000061a25d770, 0x000000061dc00000)
  to   space 87360K,   0% used [0x0000000613160000, 0x0000000613160000, 0x00000006186b0000)
 concurrent mark-sweep generation total 262144K, used 106694K [0x00000006228c0000, 0x00000006328c0000, 0x00000007c0000000)
 concurrent-mark-sweep perm gen total 262144K, used 65891K [0x00000007c0000000, 0x00000007d0000000, 0x0000000800000000)
}
{Heap before GC invocations=79 (full 0):
 par new generation   total 174784K, used 115554K [0x000000060dc00000, 0x000000061dc00000, 0x00000006228c0000)
  eden space 87424K,  99% used [0x000000060dc00000, 0x000000061312b458, 0x0000000613160000)
  from space 87360K,  32% used [0x00000006186b0000, 0x000000061a25d770, 0x000000061dc00000)
  to   space 87360K,   0% used [0x0000000613160000, 0x0000000613160000, 0x00000006186b0000)
 concurrent mark-sweep generation total 262144K, used 106694K [0x00000006228c0000, 0x00000006328c0000, 0x00000007c0000000)
 concurrent-mark-sweep perm gen total 262144K, used 65954K [0x00000007c0000000, 0x00000007d0000000, 0x0000000800000000)
37.558: [GC 37.558: [ParNew
Desired survivor size 89456640 bytes, new threshold 5 (max 5)
- age   1:    1304456 bytes,    1304456 total
- age   2:    3138072 bytes,    4442528 total
- age   3:    1996880 bytes,    6439408 total
- age   4:     141976 bytes,    6581384 total
- age   5:    3476920 bytes,   10058304 total
: 115554K->11435K(174784K), 0.0098110 secs] 222249K->119154K(436928K), 0.0098800 secs] [Times: user=0.00 sys=0.00, real=0.01 secs] 
Heap after GC invocations=80 (full 0):
 par new generation   total 174784K, used 11435K [0x000000060dc00000, 0x000000061dc00000, 0x00000006228c0000)
  eden space 87424K,   0% used [0x000000060dc00000, 0x000000060dc00000, 0x0000000613160000)
  from space 87360K,  13% used [0x0000000613160000, 0x0000000613c8ae00, 0x00000006186b0000)
  to   space 87360K,   0% used [0x00000006186b0000, 0x00000006186b0000, 0x000000061dc00000)
 concurrent mark-sweep generation total 262144K, used 107719K [0x00000006228c0000, 0x00000006328c0000, 0x00000007c0000000)
 concurrent-mark-sweep perm gen total 262144K, used 65954K [0x00000007c0000000, 0x00000007d0000000, 0x0000000800000000)
}
{Heap before GC invocations=80 (full 0):
 par new generation   total 174784K, used 98859K [0x000000060dc00000, 0x000000061dc00000, 0x00000006228c0000)
  eden space 87424K, 100% used [0x000000060dc00000, 0x0000000613160000, 0x0000000613160000)
  from space 87360K,  13% used [0x0000000613160000, 0x0000000613c8ae00, 0x00000006186b0000)
  to   space 87360K,   0% used [0x00000006186b0000, 0x00000006186b0000, 0x000000061dc00000)
 concurrent mark-sweep generation total 262144K, used 107719K [0x00000006228c0000, 0x00000006328c0000, 0x00000007c0000000)
 concurrent-mark-sweep perm gen total 262144K, used 66384K [0x00000007c0000000, 0x00000007d0000000, 0x0000000800000000)
38.161: [GC 38.162: [ParNew
Desired survivor size 89456640 bytes, new threshold 5 (max 5)
- age   1:    3502008 bytes,    3502008 total
- age   2:      67904 bytes,    3569912 total
- age   3:    3124048 bytes,    6693960 total
- age   4:    1996880 bytes,    8690840 total
- age   5:     141976 bytes,    8832816 total
: 98859K->10820K(174784K), 0.0163973 secs] 206578K->122012K(436928K), 0.0164580 secs] [Times: user=0.05 sys=0.00, real=0.02 secs] 
Heap after GC invocations=81 (full 0):
 par new generation   total 174784K, used 10820K [0x000000060dc00000, 0x000000061dc00000, 0x00000006228c0000)
  eden space 87424K,   0% used [0x000000060dc00000, 0x000000060dc00000, 0x0000000613160000)
  from space 87360K,  12% used [0x00000006186b0000, 0x0000000619141258, 0x000000061dc00000)
  to   space 87360K,   0% used [0x0000000613160000, 0x0000000613160000, 0x00000006186b0000)
 concurrent mark-sweep generation total 262144K, used 111191K [0x00000006228c0000, 0x00000006328c0000, 0x00000007c0000000)
 concurrent-mark-sweep perm gen total 262144K, used 66384K [0x00000007c0000000, 0x00000007d0000000, 0x0000000800000000)
}
{Heap before GC invocations=81 (full 0):
 par new generation   total 174784K, used 98244K [0x000000060dc00000, 0x000000061dc00000, 0x00000006228c0000)
  eden space 87424K, 100% used [0x000000060dc00000, 0x0000000613160000, 0x0000000613160000)
  from space 87360K,  12% used [0x00000006186b0000, 0x0000000619141258, 0x000000061dc00000)
  to   space 87360K,   0% used [0x0000000613160000, 0x0000000613160000, 0x00000006186b0000)
 concurrent mark-sweep generation total 262144K, used 111191K [0x00000006228c0000, 0x00000006328c0000, 0x00000007c0000000)
 concurrent-mark-sweep perm gen total 262144K, used 66393K [0x00000007c0000000, 0x00000007d0000000, 0x0000000800000000)
38.952: [GC 38.952: [ParNew
Desired survivor size 89456640 bytes, new threshold 5 (max 5)
- age   1:    5127280 bytes,    5127280 total
- age   2:    2836408 bytes,    7963688 total
- age   3:      50608 bytes,    8014296 total
- age   4:    3123856 bytes,   11138152 total
- age   5:    1996880 bytes,   13135032 total
: 98244K->15544K(174784K), 0.0098697 secs] 209436K->126875K(436928K), 0.0099220 secs] [Times: user=0.06 sys=0.00, real=0.01 secs] 
Heap after GC invocations=82 (full 0):
 par new generation   total 174784K, used 15544K [0x000000060dc00000, 0x000000061dc00000, 0x00000006228c0000)
  eden space 87424K,   0% used [0x000000060dc00000, 0x000000060dc00000, 0x0000000613160000)
  from space 87360K,  17% used [0x0000000613160000, 0x000000061408e1b0, 0x00000006186b0000)
  to   space 87360K,   0% used [0x00000006186b0000, 0x00000006186b0000, 0x000000061dc00000)
 concurrent mark-sweep generation total 262144K, used 111331K [0x00000006228c0000, 0x00000006328c0000, 0x00000007c0000000)
 concurrent-mark-sweep perm gen total 262144K, used 66393K [0x00000007c0000000, 0x00000007d0000000, 0x0000000800000000)
}
{Heap before GC invocations=82 (full 0):
 par new generation   total 174784K, used 102968K [0x000000060dc00000, 0x000000061dc00000, 0x00000006228c0000)
  eden space 87424K, 100% used [0x000000060dc00000, 0x0000000613160000, 0x0000000613160000)
  from space 87360K,  17% used [0x0000000613160000, 0x000000061408e1b0, 0x00000006186b0000)
  to   space 87360K,   0% used [0x00000006186b0000, 0x00000006186b0000, 0x000000061dc00000)
 concurrent mark-sweep generation total 262144K, used 111331K [0x00000006228c0000, 0x00000006328c0000, 0x00000007c0000000)
 concurrent-mark-sweep perm gen total 262144K, used 66393K [0x00000007c0000000, 0x00000007d0000000, 0x0000000800000000)
39.508: [GC 39.508: [ParNew
Desired survivor size 89456640 bytes, new threshold 5 (max 5)
- age   1:    4373160 bytes,    4373160 total
- age   2:    4596656 bytes,    8969816 total
- age   3:    2053672 bytes,   11023488 total
- age   4:      50320 bytes,   11073808 total
- age   5:    3123824 bytes,   14197632 total
: 102968K->17235K(174784K), 0.0115045 secs] 214299K->130529K(436928K), 0.0115686 secs] [Times: user=0.02 sys=0.00, real=0.01 secs] 
Heap after GC invocations=83 (full 0):
 par new generation   total 174784K, used 17235K [0x000000060dc00000, 0x000000061dc00000, 0x00000006228c0000)
  eden space 87424K,   0% used [0x000000060dc00000, 0x000000060dc00000, 0x0000000613160000)
  from space 87360K,  19% used [0x00000006186b0000, 0x0000000619784c98, 0x000000061dc00000)
  to   space 87360K,   0% used [0x0000000613160000, 0x0000000613160000, 0x00000006186b0000)
 concurrent mark-sweep generation total 262144K, used 113294K [0x00000006228c0000, 0x00000006328c0000, 0x00000007c0000000)
 concurrent-mark-sweep perm gen total 262144K, used 66393K [0x00000007c0000000, 0x00000007d0000000, 0x0000000800000000)
}
{Heap before GC invocations=83 (full 0):
 par new generation   total 174784K, used 104659K [0x000000060dc00000, 0x000000061dc00000, 0x00000006228c0000)
  eden space 87424K, 100% used [0x000000060dc00000, 0x0000000613160000, 0x0000000613160000)
  from space 87360K,  19% used [0x00000006186b0000, 0x0000000619784c98, 0x000000061dc00000)
  to   space 87360K,   0% used [0x0000000613160000, 0x0000000613160000, 0x00000006186b0000)
 concurrent mark-sweep generation total 262144K, used 113294K [0x00000006228c0000, 0x00000006328c0000, 0x00000007c0000000)
 concurrent-mark-sweep perm gen total 262144K, used 66393K [0x00000007c0000000, 0x00000007d0000000, 0x0000000800000000)
40.117: [GC 40.117: [ParNew
Desired survivor size 89456640 bytes, new threshold 5 (max 5)
- age   1:    4319040 bytes,    4319040 total
- age   2:    3803848 bytes,    8122888 total
- age   3:    2406200 bytes,   10529088 total
- age   4:    2053752 bytes,   12582840 total
- age   5:      50320 bytes,   12633160 total
: 104659K->15761K(174784K), 0.0114038 secs] 217953K->132107K(436928K), 0.0114684 secs] [Times: user=0.00 sys=0.00, real=0.01 secs] 
Heap after GC invocations=84 (full 0):
 par new generation   total 174784K, used 15761K [0x000000060dc00000, 0x000000061dc00000, 0x00000006228c0000)
  eden space 87424K,   0% used [0x000000060dc00000, 0x000000060dc00000, 0x0000000613160000)
  from space 87360K,  18% used [0x0000000613160000, 0x00000006140c4608, 0x00000006186b0000)
  to   space 87360K,   0% used [0x00000006186b0000, 0x00000006186b0000, 0x000000061dc00000)
 concurrent mark-sweep generation total 262144K, used 116345K [0x00000006228c0000, 0x00000006328c0000, 0x00000007c0000000)
 concurrent-mark-sweep perm gen total 262144K, used 66393K [0x00000007c0000000, 0x00000007d0000000, 0x0000000800000000)
}
{Heap before GC invocations=84 (full 0):
 par new generation   total 174784K, used 103185K [0x000000060dc00000, 0x000000061dc00000, 0x00000006228c0000)
  eden space 87424K, 100% used [0x000000060dc00000, 0x0000000613160000, 0x0000000613160000)
  from space 87360K,  18% used [0x0000000613160000, 0x00000006140c4608, 0x00000006186b0000)
  to   space 87360K,   0% used [0x00000006186b0000, 0x00000006186b0000, 0x000000061dc00000)
 concurrent mark-sweep generation total 262144K, used 116345K [0x00000006228c0000, 0x00000006328c0000, 0x00000007c0000000)
 concurrent-mark-sweep perm gen total 262144K, used 66396K [0x00000007c0000000, 0x00000007d0000000, 0x0000000800000000)
40.717: [GC 40.717: [ParNew
Desired survivor size 89456640 bytes, new threshold 5 (max 5)
- age   1:    3759576 bytes,    3759576 total
- age   2:    3730024 bytes,    7489600 total
- age   3:    1676136 bytes,    9165736 total
- age   4:    2406192 bytes,   11571928 total
- age   5:    2053816 bytes,   13625744 total
: 103185K->15516K(174784K), 0.0106236 secs] 219531K->131911K(436928K), 0.0106925 secs] [Times: user=0.06 sys=0.00, real=0.01 secs] 
Heap after GC invocations=85 (full 0):
 par new generation   total 174784K, used 15516K [0x000000060dc00000, 0x000000061dc00000, 0x00000006228c0000)
  eden space 87424K,   0% used [0x000000060dc00000, 0x000000060dc00000, 0x0000000613160000)
  from space 87360K,  17% used [0x00000006186b0000, 0x00000006195d7030, 0x000000061dc00000)
  to   space 87360K,   0% used [0x0000000613160000, 0x0000000613160000, 0x00000006186b0000)
 concurrent mark-sweep generation total 262144K, used 116395K [0x00000006228c0000, 0x00000006328c0000, 0x00000007c0000000)
 concurrent-mark-sweep perm gen total 262144K, used 66396K [0x00000007c0000000, 0x00000007d0000000, 0x0000000800000000)
}
{Heap before GC invocations=85 (full 0):
 par new generation   total 174784K, used 102940K [0x000000060dc00000, 0x000000061dc00000, 0x00000006228c0000)
  eden space 87424K, 100% used [0x000000060dc00000, 0x0000000613160000, 0x0000000613160000)
  from space 87360K,  17% used [0x00000006186b0000, 0x00000006195d7030, 0x000000061dc00000)
  to   space 87360K,   0% used [0x0000000613160000, 0x0000000613160000, 0x00000006186b0000)
 concurrent mark-sweep generation total 262144K, used 116395K [0x00000006228c0000, 0x00000006328c0000, 0x00000007c0000000)
 concurrent-mark-sweep perm gen total 262144K, used 66399K [0x00000007c0000000, 0x00000007d0000000, 0x0000000800000000)
41.398: [GC 41.398: [ParNew
Desired survivor size 89456640 bytes, new threshold 5 (max 5)
- age   1:    2874192 bytes,    2874192 total
- age   2:    3273560 bytes,    6147752 total
- age   3:    1520192 bytes,    7667944 total
- age   4:    1824048 bytes,    9491992 total
- age   5:    2406368 bytes,   11898360 total
: 102940K->18160K(174784K), 0.0142985 secs] 219335K->136564K(436928K), 0.0144232 secs] [Times: user=0.05 sys=0.00, real=0.01 secs] 
Heap after GC invocations=86 (full 0):
 par new generation   total 174784K, used 18160K [0x000000060dc00000, 0x000000061dc00000, 0x00000006228c0000)
  eden space 87424K,   0% used [0x000000060dc00000, 0x000000060dc00000, 0x0000000613160000)
  from space 87360K,  20% used [0x0000000613160000, 0x000000061431c148, 0x00000006186b0000)
  to   space 87360K,   0% used [0x00000006186b0000, 0x00000006186b0000, 0x000000061dc00000)
 concurrent mark-sweep generation total 262144K, used 118404K [0x00000006228c0000, 0x00000006328c0000, 0x00000007c0000000)
 concurrent-mark-sweep perm gen total 262144K, used 66399K [0x00000007c0000000, 0x00000007d0000000, 0x0000000800000000)
}
{Heap before GC invocations=86 (full 0):
 par new generation   total 174784K, used 105584K [0x000000060dc00000, 0x000000061dc00000, 0x00000006228c0000)
  eden space 87424K, 100% used [0x000000060dc00000, 0x0000000613160000, 0x0000000613160000)
  from space 87360K,  20% used [0x0000000613160000, 0x000000061431c148, 0x00000006186b0000)
  to   space 87360K,   0% used [0x00000006186b0000, 0x00000006186b0000, 0x000000061dc00000)
 concurrent mark-sweep generation total 262144K, used 118404K [0x00000006228c0000, 0x00000006328c0000, 0x00000007c0000000)
 concurrent-mark-sweep perm gen total 262144K, used 66399K [0x00000007c0000000, 0x00000007d0000000, 0x0000000800000000)
41.982: [GC 41.983: [ParNew
Desired survivor size 89456640 bytes, new threshold 5 (max 5)
- age   1:    3187912 bytes,    3187912 total
- age   2:    2434296 bytes,    5622208 total
- age   3:    1410352 bytes,    7032560 total
- age   4:    1519576 bytes,    8552136 total
- age   5:    1675096 bytes,   10227232 total
: 105584K->12207K(174784K), 0.0118873 secs] 223988K->132966K(436928K), 0.0119660 secs] [Times: user=0.05 sys=0.00, real=0.01 secs] 
Heap after GC invocations=87 (full 0):
 par new generation   total 174784K, used 12207K [0x000000060dc00000, 0x000000061dc00000, 0x00000006228c0000)
  eden space 87424K,   0% used [0x000000060dc00000, 0x000000060dc00000, 0x0000000613160000)
  from space 87360K,  13% used [0x00000006186b0000, 0x000000061929be00, 0x000000061dc00000)
  to   space 87360K,   0% used [0x0000000613160000, 0x0000000613160000, 0x00000006186b0000)
 concurrent mark-sweep generation total 262144K, used 120758K [0x00000006228c0000, 0x00000006328c0000, 0x00000007c0000000)
 concurrent-mark-sweep perm gen total 262144K, used 66399K [0x00000007c0000000, 0x00000007d0000000, 0x0000000800000000)
}
{Heap before GC invocations=87 (full 0):
 par new generation   total 174784K, used 99631K [0x000000060dc00000, 0x000000061dc00000, 0x00000006228c0000)
  eden space 87424K, 100% used [0x000000060dc00000, 0x0000000613160000, 0x0000000613160000)
  from space 87360K,  13% used [0x00000006186b0000, 0x000000061929be00, 0x000000061dc00000)
  to   space 87360K,   0% used [0x0000000613160000, 0x0000000613160000, 0x00000006186b0000)
 concurrent mark-sweep generation total 262144K, used 120758K [0x00000006228c0000, 0x00000006328c0000, 0x00000007c0000000)
 concurrent-mark-sweep perm gen total 262144K, used 66404K [0x00000007c0000000, 0x00000007d0000000, 0x0000000800000000)
42.725: [GC 42.725: [ParNew
Desired survivor size 89456640 bytes, new threshold 5 (max 5)
- age   1:    2301088 bytes,    2301088 total
- age   2:    2568680 bytes,    4869768 total
- age   3:     903976 bytes,    5773744 total
- age   4:    1393688 bytes,    7167432 total
- age   5:    1519312 bytes,    8686744 total
: 99631K->9248K(174784K), 0.0090381 secs] 220390K->131650K(436928K), 0.0091334 secs] [Times: user=0.02 sys=0.00, real=0.01 secs] 
Heap after GC invocations=88 (full 0):
 par new generation   total 174784K, used 9248K [0x000000060dc00000, 0x000000061dc00000, 0x00000006228c0000)
  eden space 87424K,   0% used [0x000000060dc00000, 0x000000060dc00000, 0x0000000613160000)
  from space 87360K,  10% used [0x0000000613160000, 0x0000000613a68210, 0x00000006186b0000)
  to   space 87360K,   0% used [0x00000006186b0000, 0x00000006186b0000, 0x000000061dc00000)
 concurrent mark-sweep generation total 262144K, used 122401K [0x00000006228c0000, 0x00000006328c0000, 0x00000007c0000000)
 concurrent-mark-sweep perm gen total 262144K, used 66404K [0x00000007c0000000, 0x00000007d0000000, 0x0000000800000000)
}
{Heap before GC invocations=88 (full 0):
 par new generation   total 174784K, used 93761K [0x000000060dc00000, 0x000000061dc00000, 0x00000006228c0000)
  eden space 87424K,  96% used [0x000000060dc00000, 0x0000000612e88498, 0x0000000613160000)
  from space 87360K,  10% used [0x0000000613160000, 0x0000000613a68210, 0x00000006186b0000)
  to   space 87360K,   0% used [0x00000006186b0000, 0x00000006186b0000, 0x000000061dc00000)
 concurrent mark-sweep generation total 262144K, used 122401K [0x00000006228c0000, 0x00000006328c0000, 0x00000007c0000000)
 concurrent-mark-sweep perm gen total 262144K, used 66443K [0x00000007c0000000, 0x00000007d0000000, 0x0000000800000000)
43.972: [GC 43.972: [ParNew
Desired survivor size 89456640 bytes, new threshold 5 (max 5)
- age   1:    1873816 bytes,    1873816 total
- age   2:    1931368 bytes,    3805184 total
- age   3:     608984 bytes,    4414168 total
- age   4:     961888 bytes,    5376056 total
- age   5:    1386080 bytes,    6762136 total
: 93761K->10098K(174784K), 0.0104647 secs] 216163K->133980K(436928K), 0.0105341 secs] [Times: user=0.02 sys=0.00, real=0.01 secs] 
Heap after GC invocations=89 (full 0):
 par new generation   total 174784K, used 10098K [0x000000060dc00000, 0x000000061dc00000, 0x00000006228c0000)
  eden space 87424K,   0% used [0x000000060dc00000, 0x000000060dc00000, 0x0000000613160000)
  from space 87360K,  11% used [0x00000006186b0000, 0x000000061908cab8, 0x000000061dc00000)
  to   space 87360K,   0% used [0x0000000613160000, 0x0000000613160000, 0x00000006186b0000)
 concurrent mark-sweep generation total 262144K, used 123881K [0x00000006228c0000, 0x00000006328c0000, 0x00000007c0000000)
 concurrent-mark-sweep perm gen total 262144K, used 66443K [0x00000007c0000000, 0x00000007d0000000, 0x0000000800000000)
}
{Heap before GC invocations=89 (full 0):
 par new generation   total 174784K, used 76783K [0x000000060dc00000, 0x000000061dc00000, 0x00000006228c0000)
  eden space 87424K,  76% used [0x000000060dc00000, 0x0000000611d1f150, 0x0000000613160000)
  from space 87360K,  11% used [0x00000006186b0000, 0x000000061908cab8, 0x000000061dc00000)
  to   space 87360K,   0% used [0x0000000613160000, 0x0000000613160000, 0x00000006186b0000)
 concurrent mark-sweep generation total 262144K, used 123881K [0x00000006228c0000, 0x00000006328c0000, 0x00000007c0000000)
 concurrent-mark-sweep perm gen total 262144K, used 66443K [0x00000007c0000000, 0x00000007d0000000, 0x0000000800000000)
43.997: [GC 43.997: [ParNew
Desired survivor size 89456640 bytes, new threshold 5 (max 5)
- age   1:   67109176 bytes,   67109176 total
- age   2:    1586160 bytes,   68695336 total
- age   3:     439680 bytes,   69135016 total
- age   4:     580704 bytes,   69715720 total
- age   5:     845752 bytes,   70561472 total
: 76783K->70354K(174784K), 0.0578977 secs] 200664K->261100K(436928K), 0.0579734 secs] [Times: user=0.11 sys=0.01, real=0.06 secs] 
Heap after GC invocations=90 (full 0):
 par new generation   total 174784K, used 70354K [0x000000060dc00000, 0x000000061dc00000, 0x00000006228c0000)
  eden space 87424K,   0% used [0x000000060dc00000, 0x000000060dc00000, 0x0000000613160000)
  from space 87360K,  80% used [0x0000000613160000, 0x0000000617614b50, 0x00000006186b0000)
  to   space 87360K,   0% used [0x00000006186b0000, 0x00000006186b0000, 0x000000061dc00000)
 concurrent mark-sweep generation total 262144K, used 190745K [0x00000006228c0000, 0x00000006328c0000, 0x00000007c0000000)
 concurrent-mark-sweep perm gen total 262144K, used 66443K [0x00000007c0000000, 0x00000007d0000000, 0x0000000800000000)
}
44.098: [GC [1 CMS-initial-mark: 190745K(262144K)] 326659K(436928K), 0.0047877 secs] [Times: user=0.00 sys=0.00, real=0.00 secs] 
44.103: [CMS-concurrent-mark-start]
44.400: [CMS-concurrent-mark: 0.298/0.298 secs] [Times: user=0.51 sys=0.02, real=0.30 secs] 
44.401: [CMS-concurrent-preclean-start]
{Heap before GC invocations=90 (full 1):
 par new generation   total 174784K, used 157778K [0x000000060dc00000, 0x000000061dc00000, 0x00000006228c0000)
  eden space 87424K, 100% used [0x000000060dc00000, 0x0000000613160000, 0x0000000613160000)
  from space 87360K,  80% used [0x0000000613160000, 0x0000000617614b50, 0x00000006186b0000)
  to   space 87360K,   0% used [0x00000006186b0000, 0x00000006186b0000, 0x000000061dc00000)
 concurrent mark-sweep generation total 262144K, used 190745K [0x00000006228c0000, 0x00000006328c0000, 0x00000007c0000000)
 concurrent-mark-sweep perm gen total 262144K, used 66446K [0x00000007c0000000, 0x00000007d0000000, 0x0000000800000000)
44.402: [GC 44.402: [ParNew
Desired survivor size 89456640 bytes, new threshold 5 (max 5)
- age   1:   67108912 bytes,   67108912 total
- age   2:        296 bytes,   67109208 total
- age   3:    1549616 bytes,   68658824 total
- age   4:     439680 bytes,   69098504 total
- age   5:     564304 bytes,   69662808 total
: 157778K->68644K(174784K), 0.0313133 secs] 348524K->260221K(436928K), 0.0313886 secs] [Times: user=0.08 sys=0.02, real=0.03 secs] 
Heap after GC invocations=91 (full 1):
 par new generation   total 174784K, used 68644K [0x000000060dc00000, 0x000000061dc00000, 0x00000006228c0000)
  eden space 87424K,   0% used [0x000000060dc00000, 0x000000060dc00000, 0x0000000613160000)
  from space 87360K,  78% used [0x00000006186b0000, 0x000000061c9b9070, 0x000000061dc00000)
  to   space 87360K,   0% used [0x0000000613160000, 0x0000000613160000, 0x00000006186b0000)
 concurrent mark-sweep generation total 262144K, used 191577K [0x00000006228c0000, 0x00000006328c0000, 0x00000007c0000000)
 concurrent-mark-sweep perm gen total 262144K, used 66446K [0x00000007c0000000, 0x00000007d0000000, 0x0000000800000000)
}
44.434: [CMS-concurrent-preclean: 0.002/0.033 secs] [Times: user=0.11 sys=0.02, real=0.03 secs] 
44.434: [GC[YG occupancy: 69289 K (174784 K)]44.434: [Rescan (parallel) , 0.0017893 secs]44.436: [weak refs processing, 0.0002625 secs]44.436: [class unloading, 0.0076076 secs]44.444: [scrub symbol table, 0.0087594 secs]44.453: [scrub string table, 0.0011142 secs] [1 CMS-remark: 191577K(262144K)] 260867K(436928K), 0.0290415 secs] [Times: user=0.02 sys=0.00, real=0.03 secs] 
44.464: [CMS-concurrent-sweep-start]
44.521: [CMS-concurrent-sweep: 0.057/0.057 secs] [Times: user=0.13 sys=0.01, real=0.06 secs] 
44.521: [CMS-concurrent-reset-start]
44.538: [CMS-concurrent-reset: 0.017/0.017 secs] [Times: user=0.03 sys=0.00, real=0.02 secs] 
{Heap before GC invocations=91 (full 1):
 par new generation   total 174784K, used 156068K [0x000000060dc00000, 0x000000061dc00000, 0x00000006228c0000)
  eden space 87424K, 100% used [0x000000060dc00000, 0x0000000613160000, 0x0000000613160000)
  from space 87360K,  78% used [0x00000006186b0000, 0x000000061c9b9070, 0x000000061dc00000)
  to   space 87360K,   0% used [0x0000000613160000, 0x0000000613160000, 0x00000006186b0000)
 concurrent mark-sweep generation total 269988K, used 188991K [0x00000006228c0000, 0x0000000633069000, 0x00000007c0000000)
 concurrent-mark-sweep perm gen total 262144K, used 65906K [0x00000007c0000000, 0x00000007d0000000, 0x0000000800000000)
44.921: [GC 44.922: [ParNew
Desired survivor size 89456640 bytes, new threshold 5 (max 5)
- age   2:   67108912 bytes,   67108912 total
- age   3:        296 bytes,   67109208 total
- age   4:    1072352 bytes,   68181560 total
- age   5:     432960 bytes,   68614520 total
: 156068K->68305K(174784K), 0.0168618 secs] 345059K->257815K(444772K), 0.0169190 secs] [Times: user=0.03 sys=0.00, real=0.02 secs] 
Heap after GC invocations=92 (full 1):
 par new generation   total 174784K, used 68305K [0x000000060dc00000, 0x000000061dc00000, 0x00000006228c0000)
  eden space 87424K,   0% used [0x000000060dc00000, 0x000000060dc00000, 0x0000000613160000)
  from space 87360K,  78% used [0x0000000613160000, 0x0000000617414630, 0x00000006186b0000)
  to   space 87360K,   0% used [0x00000006186b0000, 0x00000006186b0000, 0x000000061dc00000)
 concurrent mark-sweep generation total 269988K, used 189510K [0x00000006228c0000, 0x0000000633069000, 0x00000007c0000000)
 concurrent-mark-sweep perm gen total 262144K, used 65906K [0x00000007c0000000, 0x00000007d0000000, 0x0000000800000000)
}
{Heap before GC invocations=92 (full 1):
 par new generation   total 174784K, used 155729K [0x000000060dc00000, 0x000000061dc00000, 0x00000006228c0000)
  eden space 87424K, 100% used [0x000000060dc00000, 0x0000000613160000, 0x0000000613160000)
  from space 87360K,  78% used [0x0000000613160000, 0x0000000617414630, 0x00000006186b0000)
  to   space 87360K,   0% used [0x00000006186b0000, 0x00000006186b0000, 0x000000061dc00000)
 concurrent mark-sweep generation total 269988K, used 189510K [0x00000006228c0000, 0x0000000633069000, 0x00000007c0000000)
 concurrent-mark-sweep perm gen total 262144K, used 65906K [0x00000007c0000000, 0x00000007d0000000, 0x0000000800000000)
45.411: [GC 45.411: [ParNew
Desired survivor size 89456640 bytes, new threshold 5 (max 5)
- age   3:   67108912 bytes,   67108912 total
- age   4:        296 bytes,   67109208 total
- age   5:    1072960 bytes,   68182168 total
: 155729K->67195K(174784K), 0.0170671 secs] 345239K->257134K(444772K), 0.0171268 secs] [Times: user=0.06 sys=0.00, real=0.02 secs] 
Heap after GC invocations=93 (full 1):
 par new generation   total 174784K, used 67195K [0x000000060dc00000, 0x000000061dc00000, 0x00000006228c0000)
  eden space 87424K,   0% used [0x000000060dc00000, 0x000000060dc00000, 0x0000000613160000)
  from space 87360K,  76% used [0x00000006186b0000, 0x000000061c84ecd0, 0x000000061dc00000)
  to   space 87360K,   0% used [0x0000000613160000, 0x0000000613160000, 0x00000006186b0000)
 concurrent mark-sweep generation total 269988K, used 189939K [0x00000006228c0000, 0x0000000633069000, 0x00000007c0000000)
 concurrent-mark-sweep perm gen total 262144K, used 65906K [0x00000007c0000000, 0x00000007d0000000, 0x0000000800000000)
}
{Heap before GC invocations=93 (full 1):
 par new generation   total 174784K, used 154619K [0x000000060dc00000, 0x000000061dc00000, 0x00000006228c0000)
  eden space 87424K, 100% used [0x000000060dc00000, 0x0000000613160000, 0x0000000613160000)
  from space 87360K,  76% used [0x00000006186b0000, 0x000000061c84ecd0, 0x000000061dc00000)
  to   space 87360K,   0% used [0x0000000613160000, 0x0000000613160000, 0x00000006186b0000)
 concurrent mark-sweep generation total 269988K, used 189939K [0x00000006228c0000, 0x0000000633069000, 0x00000007c0000000)
 concurrent-mark-sweep perm gen total 262144K, used 65906K [0x00000007c0000000, 0x00000007d0000000, 0x0000000800000000)
45.874: [GC 45.874: [ParNew
Desired survivor size 89456640 bytes, new threshold 5 (max 5)
- age   4:   67108912 bytes,   67108912 total
- age   5:        296 bytes,   67109208 total
: 154619K->65887K(174784K), 0.0148417 secs] 344558K->256901K(444772K), 0.0149028 secs] [Times: user=0.03 sys=0.00, real=0.01 secs] 
Heap after GC invocations=94 (full 1):
 par new generation   total 174784K, used 65887K [0x000000060dc00000, 0x000000061dc00000, 0x00000006228c0000)
  eden space 87424K,   0% used [0x000000060dc00000, 0x000000060dc00000, 0x0000000613160000)
  from space 87360K,  75% used [0x0000000613160000, 0x00000006171b7fe8, 0x00000006186b0000)
  to   space 87360K,   0% used [0x00000006186b0000, 0x00000006186b0000, 0x000000061dc00000)
 concurrent mark-sweep generation total 269988K, used 191013K [0x00000006228c0000, 0x0000000633069000, 0x00000007c0000000)
 concurrent-mark-sweep perm gen total 262144K, used 65906K [0x00000007c0000000, 0x00000007d0000000, 0x0000000800000000)
}
{Heap before GC invocations=94 (full 1):
 par new generation   total 174784K, used 153311K [0x000000060dc00000, 0x000000061dc00000, 0x00000006228c0000)
  eden space 87424K, 100% used [0x000000060dc00000, 0x0000000613160000, 0x0000000613160000)
  from space 87360K,  75% used [0x0000000613160000, 0x00000006171b7fe8, 0x00000006186b0000)
  to   space 87360K,   0% used [0x00000006186b0000, 0x00000006186b0000, 0x000000061dc00000)
 concurrent mark-sweep generation total 269988K, used 191013K [0x00000006228c0000, 0x0000000633069000, 0x00000007c0000000)
 concurrent-mark-sweep perm gen total 262144K, used 65906K [0x00000007c0000000, 0x00000007d0000000, 0x0000000800000000)
46.349: [GC 46.349: [ParNew
Desired survivor size 89456640 bytes, new threshold 5 (max 5)
- age   5:   67108912 bytes,   67108912 total
: 153311K->65565K(174784K), 0.0166956 secs] 344325K->256578K(444772K), 0.0167557 secs] [Times: user=0.06 sys=0.00, real=0.02 secs] 
Heap after GC invocations=95 (full 1):
 par new generation   total 174784K, used 65565K [0x000000060dc00000, 0x000000061dc00000, 0x00000006228c0000)
  eden space 87424K,   0% used [0x000000060dc00000, 0x000000060dc00000, 0x0000000613160000)
  from space 87360K,  75% used [0x00000006186b0000, 0x000000061c6b7568, 0x000000061dc00000)
  to   space 87360K,   0% used [0x0000000613160000, 0x0000000613160000, 0x00000006186b0000)
 concurrent mark-sweep generation total 269988K, used 191013K [0x00000006228c0000, 0x0000000633069000, 0x00000007c0000000)
 concurrent-mark-sweep perm gen total 262144K, used 65906K [0x00000007c0000000, 0x00000007d0000000, 0x0000000800000000)
}
{Heap before GC invocations=95 (full 1):
 par new generation   total 174784K, used 152989K [0x000000060dc00000, 0x000000061dc00000, 0x00000006228c0000)
  eden space 87424K, 100% used [0x000000060dc00000, 0x0000000613160000, 0x0000000613160000)
  from space 87360K,  75% used [0x00000006186b0000, 0x000000061c6b7568, 0x000000061dc00000)
  to   space 87360K,   0% used [0x0000000613160000, 0x0000000613160000, 0x00000006186b0000)
 concurrent mark-sweep generation total 269988K, used 191013K [0x00000006228c0000, 0x0000000633069000, 0x00000007c0000000)
 concurrent-mark-sweep perm gen total 262144K, used 66016K [0x00000007c0000000, 0x00000007d0000000, 0x0000000800000000)
47.763: [GC 47.763: [ParNew
Desired survivor size 89456640 bytes, new threshold 5 (max 5)
- age   1:     224552 bytes,     224552 total
: 152989K->237K(174784K), 0.0031216 secs] 344002K->191251K(444772K), 0.0031695 secs] [Times: user=0.00 sys=0.00, real=0.00 secs] 
Heap after GC invocations=96 (full 1):
 par new generation   total 174784K, used 237K [0x000000060dc00000, 0x000000061dc00000, 0x00000006228c0000)
  eden space 87424K,   0% used [0x000000060dc00000, 0x000000060dc00000, 0x0000000613160000)
  from space 87360K,   0% used [0x0000000613160000, 0x000000061319b628, 0x00000006186b0000)
  to   space 87360K,   0% used [0x00000006186b0000, 0x00000006186b0000, 0x000000061dc00000)
 concurrent mark-sweep generation total 269988K, used 191013K [0x00000006228c0000, 0x0000000633069000, 0x00000007c0000000)
 concurrent-mark-sweep perm gen total 262144K, used 66016K [0x00000007c0000000, 0x00000007d0000000, 0x0000000800000000)
}
{Heap before GC invocations=96 (full 1):
 par new generation   total 174784K, used 87661K [0x000000060dc00000, 0x000000061dc00000, 0x00000006228c0000)
  eden space 87424K, 100% used [0x000000060dc00000, 0x0000000613160000, 0x0000000613160000)
  from space 87360K,   0% used [0x0000000613160000, 0x000000061319b628, 0x00000006186b0000)
  to   space 87360K,   0% used [0x00000006186b0000, 0x00000006186b0000, 0x000000061dc00000)
 concurrent mark-sweep generation total 269988K, used 191013K [0x00000006228c0000, 0x0000000633069000, 0x00000007c0000000)
 concurrent-mark-sweep perm gen total 262144K, used 66119K [0x00000007c0000000, 0x00000007d0000000, 0x0000000800000000)
49.344: [GC 49.344: [ParNew
Desired survivor size 89456640 bytes, new threshold 5 (max 5)
- age   1:     289792 bytes,     289792 total
- age   2:       6768 bytes,     296560 total
: 87661K->297K(174784K), 0.0033719 secs] 278675K->191311K(444772K), 0.0034281 secs] [Times: user=0.00 sys=0.00, real=0.00 secs] 
Heap after GC invocations=97 (full 1):
 par new generation   total 174784K, used 297K [0x000000060dc00000, 0x000000061dc00000, 0x00000006228c0000)
  eden space 87424K,   0% used [0x000000060dc00000, 0x000000060dc00000, 0x0000000613160000)
  from space 87360K,   0% used [0x00000006186b0000, 0x00000006186fa760, 0x000000061dc00000)
  to   space 87360K,   0% used [0x0000000613160000, 0x0000000613160000, 0x00000006186b0000)
 concurrent mark-sweep generation total 269988K, used 191013K [0x00000006228c0000, 0x0000000633069000, 0x00000007c0000000)
 concurrent-mark-sweep perm gen total 262144K, used 66119K [0x00000007c0000000, 0x00000007d0000000, 0x0000000800000000)
}
{Heap before GC invocations=97 (full 1):
 par new generation   total 174784K, used 87721K [0x000000060dc00000, 0x000000061dc00000, 0x00000006228c0000)
  eden space 87424K, 100% used [0x000000060dc00000, 0x0000000613160000, 0x0000000613160000)
  from space 87360K,   0% used [0x00000006186b0000, 0x00000006186fa760, 0x000000061dc00000)
  to   space 87360K,   0% used [0x0000000613160000, 0x0000000613160000, 0x00000006186b0000)
 concurrent mark-sweep generation total 269988K, used 191013K [0x00000006228c0000, 0x0000000633069000, 0x00000007c0000000)
 concurrent-mark-sweep perm gen total 262144K, used 66185K [0x00000007c0000000, 0x00000007d0000000, 0x0000000800000000)
50.044: [GC 50.044: [ParNew
Desired survivor size 89456640 bytes, new threshold 5 (max 5)
- age   1:    2912392 bytes,    2912392 total
- age   2:      90424 bytes,    3002816 total
- age   3:       6568 bytes,    3009384 total
: 87721K->3012K(174784K), 0.0049446 secs] 278735K->194025K(444772K), 0.0050082 secs] [Times: user=0.00 sys=0.00, real=0.00 secs] 
Heap after GC invocations=98 (full 1):
 par new generation   total 174784K, used 3012K [0x000000060dc00000, 0x000000061dc00000, 0x00000006228c0000)
  eden space 87424K,   0% used [0x000000060dc00000, 0x000000060dc00000, 0x0000000613160000)
  from space 87360K,   3% used [0x0000000613160000, 0x00000006134510e8, 0x00000006186b0000)
  to   space 87360K,   0% used [0x00000006186b0000, 0x00000006186b0000, 0x000000061dc00000)
 concurrent mark-sweep generation total 269988K, used 191013K [0x00000006228c0000, 0x0000000633069000, 0x00000007c0000000)
 concurrent-mark-sweep perm gen total 262144K, used 66185K [0x00000007c0000000, 0x00000007d0000000, 0x0000000800000000)
}
{Heap before GC invocations=98 (full 1):
 par new generation   total 174784K, used 90436K [0x000000060dc00000, 0x000000061dc00000, 0x00000006228c0000)
  eden space 87424K, 100% used [0x000000060dc00000, 0x0000000613160000, 0x0000000613160000)
  from space 87360K,   3% used [0x0000000613160000, 0x00000006134510e8, 0x00000006186b0000)
  to   space 87360K,   0% used [0x00000006186b0000, 0x00000006186b0000, 0x000000061dc00000)
 concurrent mark-sweep generation total 269988K, used 191013K [0x00000006228c0000, 0x0000000633069000, 0x00000007c0000000)
 concurrent-mark-sweep perm gen total 262144K, used 66186K [0x00000007c0000000, 0x00000007d0000000, 0x0000000800000000)
50.455: [GC 50.455: [ParNew
Desired survivor size 89456640 bytes, new threshold 5 (max 5)
- age   1:    3266584 bytes,    3266584 total
- age   2:    2404288 bytes,    5670872 total
- age   3:      90424 bytes,    5761296 total
- age   4:       6568 bytes,    5767864 total
: 90436K->6262K(174784K), 0.0077215 secs] 281449K->197276K(444772K), 0.0077870 secs] [Times: user=0.05 sys=0.00, real=0.01 secs] 
Heap after GC invocations=99 (full 1):
 par new generation   total 174784K, used 6262K [0x000000060dc00000, 0x000000061dc00000, 0x00000006228c0000)
  eden space 87424K,   0% used [0x000000060dc00000, 0x000000060dc00000, 0x0000000613160000)
  from space 87360K,   7% used [0x00000006186b0000, 0x0000000618ccdb40, 0x000000061dc00000)
  to   space 87360K,   0% used [0x0000000613160000, 0x0000000613160000, 0x00000006186b0000)
 concurrent mark-sweep generation total 269988K, used 191013K [0x00000006228c0000, 0x0000000633069000, 0x00000007c0000000)
 concurrent-mark-sweep perm gen total 262144K, used 66186K [0x00000007c0000000, 0x00000007d0000000, 0x0000000800000000)
}
{Heap before GC invocations=99 (full 1):
 par new generation   total 174784K, used 93686K [0x000000060dc00000, 0x000000061dc00000, 0x00000006228c0000)
  eden space 87424K, 100% used [0x000000060dc00000, 0x0000000613160000, 0x0000000613160000)
  from space 87360K,   7% used [0x00000006186b0000, 0x0000000618ccdb40, 0x000000061dc00000)
  to   space 87360K,   0% used [0x0000000613160000, 0x0000000613160000, 0x00000006186b0000)
 concurrent mark-sweep generation total 269988K, used 191013K [0x00000006228c0000, 0x0000000633069000, 0x00000007c0000000)
 concurrent-mark-sweep perm gen total 262144K, used 66191K [0x00000007c0000000, 0x00000007d0000000, 0x0000000800000000)
50.976: [GC 50.976: [ParNew
Desired survivor size 89456640 bytes, new threshold 5 (max 5)
- age   1:    2834200 bytes,    2834200 total
- age   2:    2495904 bytes,    5330104 total
- age   3:    1185136 bytes,    6515240 total
- age   4:      90328 bytes,    6605568 total
- age   5:       6568 bytes,    6612136 total
: 93686K->8176K(174784K), 0.0076149 secs] 284700K->199189K(444772K), 0.0076800 secs] [Times: user=0.00 sys=0.00, real=0.01 secs] 
Heap after GC invocations=100 (full 1):
 par new generation   total 174784K, used 8176K [0x000000060dc00000, 0x000000061dc00000, 0x00000006228c0000)
  eden space 87424K,   0% used [0x000000060dc00000, 0x000000060dc00000, 0x0000000613160000)
  from space 87360K,   9% used [0x0000000613160000, 0x000000061395c080, 0x00000006186b0000)
  to   space 87360K,   0% used [0x00000006186b0000, 0x00000006186b0000, 0x000000061dc00000)
 concurrent mark-sweep generation total 269988K, used 191013K [0x00000006228c0000, 0x0000000633069000, 0x00000007c0000000)
 concurrent-mark-sweep perm gen total 262144K, used 66191K [0x00000007c0000000, 0x00000007d0000000, 0x0000000800000000)
}
{Heap before GC invocations=100 (full 1):
 par new generation   total 174784K, used 95600K [0x000000060dc00000, 0x000000061dc00000, 0x00000006228c0000)
  eden space 87424K, 100% used [0x000000060dc00000, 0x0000000613160000, 0x0000000613160000)
  from space 87360K,   9% used [0x0000000613160000, 0x000000061395c080, 0x00000006186b0000)
  to   space 87360K,   0% used [0x00000006186b0000, 0x00000006186b0000, 0x000000061dc00000)
 concurrent mark-sweep generation total 269988K, used 191013K [0x00000006228c0000, 0x0000000633069000, 0x00000007c0000000)
 concurrent-mark-sweep perm gen total 262144K, used 66191K [0x00000007c0000000, 0x00000007d0000000, 0x0000000800000000)
51.370: [GC 51.370: [ParNew
Desired survivor size 89456640 bytes, new threshold 5 (max 5)
- age   1:    3396160 bytes,    3396160 total
- age   2:    2232368 bytes,    5628528 total
- age   3:     401248 bytes,    6029776 total
- age   4:    1185000 bytes,    7214776 total
- age   5:      90232 bytes,    7305008 total
: 95600K->8125K(174784K), 0.0078633 secs] 286613K->199145K(444772K), 0.0079264 secs] [Times: user=0.06 sys=0.00, real=0.01 secs] 
Heap after GC invocations=101 (full 1):
 par new generation   total 174784K, used 8125K [0x000000060dc00000, 0x000000061dc00000, 0x00000006228c0000)
  eden space 87424K,   0% used [0x000000060dc00000, 0x000000060dc00000, 0x0000000613160000)
  from space 87360K,   9% used [0x00000006186b0000, 0x0000000618e9f4c8, 0x000000061dc00000)
  to   space 87360K,   0% used [0x0000000613160000, 0x0000000613160000, 0x00000006186b0000)
 concurrent mark-sweep generation total 269988K, used 191020K [0x00000006228c0000, 0x0000000633069000, 0x00000007c0000000)
 concurrent-mark-sweep perm gen total 262144K, used 66191K [0x00000007c0000000, 0x00000007d0000000, 0x0000000800000000)
}
{Heap before GC invocations=101 (full 1):
 par new generation   total 174784K, used 95549K [0x000000060dc00000, 0x000000061dc00000, 0x00000006228c0000)
  eden space 87424K, 100% used [0x000000060dc00000, 0x0000000613160000, 0x0000000613160000)
  from space 87360K,   9% used [0x00000006186b0000, 0x0000000618e9f4c8, 0x000000061dc00000)
  to   space 87360K,   0% used [0x0000000613160000, 0x0000000613160000, 0x00000006186b0000)
 concurrent mark-sweep generation total 269988K, used 191020K [0x00000006228c0000, 0x0000000633069000, 0x00000007c0000000)
 concurrent-mark-sweep perm gen total 262144K, used 66213K [0x00000007c0000000, 0x00000007d0000000, 0x0000000800000000)
51.923: [GC 51.923: [ParNew
Desired survivor size 89456640 bytes, new threshold 5 (max 5)
- age   1:    3023064 bytes,    3023064 total
- age   2:    2654480 bytes,    5677544 total
- age   3:     377488 bytes,    6055032 total
- age   4:     402080 bytes,    6457112 total
- age   5:    1184960 bytes,    7642072 total
: 95549K->8985K(174784K), 0.0106768 secs] 286569K->200100K(444772K), 0.0107448 secs] [Times: user=0.00 sys=0.00, real=0.01 secs] 
Heap after GC invocations=102 (full 1):
 par new generation   total 174784K, used 8985K [0x000000060dc00000, 0x000000061dc00000, 0x00000006228c0000)
  eden space 87424K,   0% used [0x000000060dc00000, 0x000000060dc00000, 0x0000000613160000)
  from space 87360K,  10% used [0x0000000613160000, 0x0000000613a267d8, 0x00000006186b0000)
  to   space 87360K,   0% used [0x00000006186b0000, 0x00000006186b0000, 0x000000061dc00000)
 concurrent mark-sweep generation total 269988K, used 191114K [0x00000006228c0000, 0x0000000633069000, 0x00000007c0000000)
 concurrent-mark-sweep perm gen total 262144K, used 66213K [0x00000007c0000000, 0x00000007d0000000, 0x0000000800000000)
}
{Heap before GC invocations=102 (full 1):
 par new generation   total 174784K, used 77008K [0x000000060dc00000, 0x000000061dc00000, 0x00000006228c0000)
  eden space 87424K,  77% used [0x000000060dc00000, 0x0000000611e6d958, 0x0000000613160000)
  from space 87360K,  10% used [0x0000000613160000, 0x0000000613a267d8, 0x00000006186b0000)
  to   space 87360K,   0% used [0x00000006186b0000, 0x00000006186b0000, 0x000000061dc00000)
 concurrent mark-sweep generation total 269988K, used 191114K [0x00000006228c0000, 0x0000000633069000, 0x00000007c0000000)
 concurrent-mark-sweep perm gen total 262144K, used 66216K [0x00000007c0000000, 0x00000007d0000000, 0x0000000800000000)
52.949: [GC 52.949: [ParNew
Desired survivor size 89456640 bytes, new threshold 5 (max 5)
- age   1:    2693040 bytes,    2693040 total
- age   2:    2315576 bytes,    5008616 total
- age   3:     346808 bytes,    5355424 total
- age   4:     377872 bytes,    5733296 total
- age   5:     402480 bytes,    6135776 total
: 77008K->7086K(174784K), 0.0127297 secs] 268122K->199367K(444772K), 0.0127918 secs] [Times: user=0.06 sys=0.00, real=0.01 secs] 
Heap after GC invocations=103 (full 1):
 par new generation   total 174784K, used 7086K [0x000000060dc00000, 0x000000061dc00000, 0x00000006228c0000)
  eden space 87424K,   0% used [0x000000060dc00000, 0x000000060dc00000, 0x0000000613160000)
  from space 87360K,   8% used [0x00000006186b0000, 0x0000000618d9bb40, 0x000000061dc00000)
  to   space 87360K,   0% used [0x0000000613160000, 0x0000000613160000, 0x00000006186b0000)
 concurrent mark-sweep generation total 269988K, used 192280K [0x00000006228c0000, 0x0000000633069000, 0x00000007c0000000)
 concurrent-mark-sweep perm gen total 262144K, used 66216K [0x00000007c0000000, 0x00000007d0000000, 0x0000000800000000)
}
{Heap before GC invocations=103 (full 1):
 par new generation   total 174784K, used 82511K [0x000000060dc00000, 0x000000061dc00000, 0x00000006228c0000)
  eden space 87424K,  86% used [0x000000060dc00000, 0x00000006125a80d8, 0x0000000613160000)
  from space 87360K,   8% used [0x00000006186b0000, 0x0000000618d9bb40, 0x000000061dc00000)
  to   space 87360K,   0% used [0x0000000613160000, 0x0000000613160000, 0x00000006186b0000)
 concurrent mark-sweep generation total 269988K, used 192280K [0x00000006228c0000, 0x0000000633069000, 0x00000007c0000000)
 concurrent-mark-sweep perm gen total 262144K, used 66218K [0x00000007c0000000, 0x00000007d0000000, 0x0000000800000000)
53.134: [GC 53.134: [ParNew
Desired survivor size 89456640 bytes, new threshold 5 (max 5)
- age   1:   67491680 bytes,   67491680 total
- age   2:    2271120 bytes,   69762800 total
- age   3:     425296 bytes,   70188096 total
- age   4:     346808 bytes,   70534904 total
- age   5:     376880 bytes,   70911784 total
: 82511K->69849K(174784K), 0.0173199 secs] 274791K->262528K(444772K), 0.0173805 secs] [Times: user=0.05 sys=0.01, real=0.02 secs] 
Heap after GC invocations=104 (full 1):
 par new generation   total 174784K, used 69849K [0x000000060dc00000, 0x000000061dc00000, 0x00000006228c0000)
  eden space 87424K,   0% used [0x000000060dc00000, 0x000000060dc00000, 0x0000000613160000)
  from space 87360K,  79% used [0x0000000613160000, 0x0000000617596520, 0x00000006186b0000)
  to   space 87360K,   0% used [0x00000006186b0000, 0x00000006186b0000, 0x000000061dc00000)
 concurrent mark-sweep generation total 269988K, used 192679K [0x00000006228c0000, 0x0000000633069000, 0x00000007c0000000)
 concurrent-mark-sweep perm gen total 262144K, used 66218K [0x00000007c0000000, 0x00000007d0000000, 0x0000000800000000)
}
{Heap before GC invocations=104 (full 1):
 par new generation   total 174784K, used 157273K [0x000000060dc00000, 0x000000061dc00000, 0x00000006228c0000)
  eden space 87424K, 100% used [0x000000060dc00000, 0x0000000613160000, 0x0000000613160000)
  from space 87360K,  79% used [0x0000000613160000, 0x0000000617596520, 0x00000006186b0000)
  to   space 87360K,   0% used [0x00000006186b0000, 0x00000006186b0000, 0x000000061dc00000)
 concurrent mark-sweep generation total 269988K, used 192679K [0x00000006228c0000, 0x0000000633069000, 0x00000007c0000000)
 concurrent-mark-sweep perm gen total 262144K, used 66218K [0x00000007c0000000, 0x00000007d0000000, 0x0000000800000000)
53.368: [GC 53.368: [ParNew
Desired survivor size 89456640 bytes, new threshold 5 (max 5)
- age   1:   33554480 bytes,   33554480 total
- age   2:   33907368 bytes,   67461848 total
- age   3:    1181056 bytes,   68642904 total
- age   4:     416992 bytes,   69059896 total
- age   5:     346808 bytes,   69406704 total
: 157273K->69315K(174784K), 0.0366828 secs] 349952K->295136K(444772K), 0.0367444 secs] [Times: user=0.14 sys=0.02, real=0.04 secs] 
Heap after GC invocations=105 (full 1):
 par new generation   total 174784K, used 69315K [0x000000060dc00000, 0x000000061dc00000, 0x00000006228c0000)
  eden space 87424K,   0% used [0x000000060dc00000, 0x000000060dc00000, 0x0000000613160000)
  from space 87360K,  79% used [0x00000006186b0000, 0x000000061ca60c10, 0x000000061dc00000)
  to   space 87360K,   0% used [0x0000000613160000, 0x0000000613160000, 0x00000006186b0000)
 concurrent mark-sweep generation total 269988K, used 225821K [0x00000006228c0000, 0x0000000633069000, 0x00000007c0000000)
 concurrent-mark-sweep perm gen total 262144K, used 66218K [0x00000007c0000000, 0x00000007d0000000, 0x0000000800000000)
}
53.405: [GC [1 CMS-initial-mark: 225821K(269988K)] 296263K(444772K), 0.0031010 secs] [Times: user=0.00 sys=0.00, real=0.00 secs] 
53.408: [CMS-concurrent-mark-start]
53.631: [CMS-concurrent-mark: 0.223/0.223 secs] [Times: user=0.38 sys=0.00, real=0.22 secs] 
53.631: [CMS-concurrent-preclean-start]
53.633: [CMS-concurrent-preclean: 0.002/0.002 secs] [Times: user=0.00 sys=0.00, real=0.00 secs] 
53.633: [CMS-concurrent-abortable-preclean-start]
{Heap before GC invocations=105 (full 2):
 par new generation   total 174784K, used 156739K [0x000000060dc00000, 0x000000061dc00000, 0x00000006228c0000)
  eden space 87424K, 100% used [0x000000060dc00000, 0x0000000613160000, 0x0000000613160000)
  from space 87360K,  79% used [0x00000006186b0000, 0x000000061ca60c10, 0x000000061dc00000)
  to   space 87360K,   0% used [0x0000000613160000, 0x0000000613160000, 0x00000006186b0000)
 concurrent mark-sweep generation total 269988K, used 225821K [0x00000006228c0000, 0x0000000633069000, 0x00000007c0000000)
 concurrent-mark-sweep perm gen total 262144K, used 66218K [0x00000007c0000000, 0x00000007d0000000, 0x0000000800000000)
53.729: [GC 53.729: [ParNew
Desired survivor size 89456640 bytes, new threshold 5 (max 5)
- age   2:   33554480 bytes,   33554480 total
- age   3:     344600 bytes,   33899080 total
- age   4:    1181088 bytes,   35080168 total
- age   5:     417120 bytes,   35497288 total
: 156739K->35388K(174784K), 0.0096815 secs] 382560K->261555K(444772K), 0.0097352 secs] [Times: user=0.06 sys=0.00, real=0.01 secs] 
Heap after GC invocations=106 (full 2):
 par new generation   total 174784K, used 35388K [0x000000060dc00000, 0x000000061dc00000, 0x00000006228c0000)
  eden space 87424K,   0% used [0x000000060dc00000, 0x000000060dc00000, 0x0000000613160000)
  from space 87360K,  40% used [0x0000000613160000, 0x00000006153ef1f0, 0x00000006186b0000)
  to   space 87360K,   0% used [0x00000006186b0000, 0x00000006186b0000, 0x000000061dc00000)
 concurrent mark-sweep generation total 269988K, used 226167K [0x00000006228c0000, 0x0000000633069000, 0x00000007c0000000)
 concurrent-mark-sweep perm gen total 262144K, used 66218K [0x00000007c0000000, 0x00000007d0000000, 0x0000000800000000)
}
54.037: [CMS-concurrent-abortable-preclean: 0.134/0.404 secs] [Times: user=0.69 sys=0.00, real=0.40 secs] 
54.037: [GC[YG occupancy: 96127 K (174784 K)]54.037: [Rescan (parallel) , 0.0217761 secs]54.059: [weak refs processing, 0.0001095 secs]54.059: [class unloading, 0.0054223 secs]54.065: [scrub symbol table, 0.0092366 secs]54.074: [scrub string table, 0.0013723 secs] [1 CMS-remark: 226167K(269988K)] 322294K(444772K), 0.0403778 secs] [Times: user=0.08 sys=0.00, real=0.04 secs] 
54.078: [CMS-concurrent-sweep-start]
54.134: [CMS-concurrent-sweep: 0.056/0.056 secs] [Times: user=0.09 sys=0.00, real=0.06 secs] 
54.134: [CMS-concurrent-reset-start]
54.149: [CMS-concurrent-reset: 0.015/0.015 secs] [Times: user=0.03 sys=0.00, real=0.02 secs] 
{Heap before GC invocations=106 (full 2):
 par new generation   total 174784K, used 122812K [0x000000060dc00000, 0x000000061dc00000, 0x00000006228c0000)
  eden space 87424K, 100% used [0x000000060dc00000, 0x0000000613160000, 0x0000000613160000)
  from space 87360K,  40% used [0x0000000613160000, 0x00000006153ef1f0, 0x00000006186b0000)
  to   space 87360K,   0% used [0x00000006186b0000, 0x00000006186b0000, 0x000000061dc00000)
 concurrent mark-sweep generation total 269988K, used 159188K [0x00000006228c0000, 0x0000000633069000, 0x00000007c0000000)
 concurrent-mark-sweep perm gen total 262144K, used 66217K [0x00000007c0000000, 0x00000007d0000000, 0x0000000800000000)
54.557: [GC 54.557: [ParNew
Desired survivor size 89456640 bytes, new threshold 5 (max 5)
- age   1:     201480 bytes,     201480 total
- age   3:         32 bytes,     201512 total
- age   4:     344096 bytes,     545608 total
- age   5:     681792 bytes,    1227400 total
: 122812K->1460K(174784K), 0.0043232 secs] 282000K->161063K(444772K), 0.0043824 secs] [Times: user=0.06 sys=0.00, real=0.00 secs] 
Heap after GC invocations=107 (full 2):
 par new generation   total 174784K, used 1460K [0x000000060dc00000, 0x000000061dc00000, 0x00000006228c0000)
  eden space 87424K,   0% used [0x000000060dc00000, 0x000000060dc00000, 0x0000000613160000)
  from space 87360K,   1% used [0x00000006186b0000, 0x000000061881d0d0, 0x000000061dc00000)
  to   space 87360K,   0% used [0x0000000613160000, 0x0000000613160000, 0x00000006186b0000)
 concurrent mark-sweep generation total 269988K, used 159603K [0x00000006228c0000, 0x0000000633069000, 0x00000007c0000000)
 concurrent-mark-sweep perm gen total 262144K, used 66217K [0x00000007c0000000, 0x00000007d0000000, 0x0000000800000000)
}
{Heap before GC invocations=107 (full 2):
 par new generation   total 174784K, used 88884K [0x000000060dc00000, 0x000000061dc00000, 0x00000006228c0000)
  eden space 87424K, 100% used [0x000000060dc00000, 0x0000000613160000, 0x0000000613160000)
  from space 87360K,   1% used [0x00000006186b0000, 0x000000061881d0d0, 0x000000061dc00000)
  to   space 87360K,   0% used [0x0000000613160000, 0x0000000613160000, 0x00000006186b0000)
 concurrent mark-sweep generation total 269988K, used 159603K [0x00000006228c0000, 0x0000000633069000, 0x00000007c0000000)
 concurrent-mark-sweep perm gen total 262144K, used 66547K [0x00000007c0000000, 0x00000007d0000000, 0x0000000800000000)
55.301: [GC 55.301: [ParNew
Desired survivor size 89456640 bytes, new threshold 5 (max 5)
- age   1:    1328680 bytes,    1328680 total
- age   2:        200 bytes,    1328880 total
- age   5:     343560 bytes,    1672440 total
: 88884K->2355K(174784K), 0.0056701 secs] 248487K->162612K(444772K), 0.0058364 secs] [Times: user=0.00 sys=0.00, real=0.01 secs] 
Heap after GC invocations=108 (full 2):
 par new generation   total 174784K, used 2355K [0x000000060dc00000, 0x000000061dc00000, 0x00000006228c0000)
  eden space 87424K,   0% used [0x000000060dc00000, 0x000000060dc00000, 0x0000000613160000)
  from space 87360K,   2% used [0x0000000613160000, 0x00000006133acf20, 0x00000006186b0000)
  to   space 87360K,   0% used [0x00000006186b0000, 0x00000006186b0000, 0x000000061dc00000)
 concurrent mark-sweep generation total 269988K, used 160257K [0x00000006228c0000, 0x0000000633069000, 0x00000007c0000000)
 concurrent-mark-sweep perm gen total 262144K, used 66547K [0x00000007c0000000, 0x00000007d0000000, 0x0000000800000000)
}
{Heap before GC invocations=108 (full 2):
 par new generation   total 174784K, used 89779K [0x000000060dc00000, 0x000000061dc00000, 0x00000006228c0000)
  eden space 87424K, 100% used [0x000000060dc00000, 0x0000000613160000, 0x0000000613160000)
  from space 87360K,   2% used [0x0000000613160000, 0x00000006133acf20, 0x00000006186b0000)
  to   space 87360K,   0% used [0x00000006186b0000, 0x00000006186b0000, 0x000000061dc00000)
 concurrent mark-sweep generation total 269988K, used 160257K [0x00000006228c0000, 0x0000000633069000, 0x00000007c0000000)
 concurrent-mark-sweep perm gen total 262144K, used 67111K [0x00000007c0000000, 0x00000007d0000000, 0x0000000800000000)
55.581: [GC 55.581: [ParNew
Desired survivor size 89456640 bytes, new threshold 5 (max 5)
- age   1:    1942848 bytes,    1942848 total
- age   2:     320080 bytes,    2262928 total
: 89779K->2385K(174784K), 0.0061541 secs] 250036K->162989K(444772K), 0.0062221 secs] [Times: user=0.02 sys=0.00, real=0.01 secs] 
Heap after GC invocations=109 (full 2):
 par new generation   total 174784K, used 2385K [0x000000060dc00000, 0x000000061dc00000, 0x00000006228c0000)
  eden space 87424K,   0% used [0x000000060dc00000, 0x000000060dc00000, 0x0000000613160000)
  from space 87360K,   2% used [0x00000006186b0000, 0x0000000618904668, 0x000000061dc00000)
  to   space 87360K,   0% used [0x0000000613160000, 0x0000000613160000, 0x00000006186b0000)
 concurrent mark-sweep generation total 269988K, used 160604K [0x00000006228c0000, 0x0000000633069000, 0x00000007c0000000)
 concurrent-mark-sweep perm gen total 262144K, used 67111K [0x00000007c0000000, 0x00000007d0000000, 0x0000000800000000)
}
{Heap before GC invocations=109 (full 2):
 par new generation   total 174784K, used 89809K [0x000000060dc00000, 0x000000061dc00000, 0x00000006228c0000)
  eden space 87424K, 100% used [0x000000060dc00000, 0x0000000613160000, 0x0000000613160000)
  from space 87360K,   2% used [0x00000006186b0000, 0x0000000618904668, 0x000000061dc00000)
  to   space 87360K,   0% used [0x0000000613160000, 0x0000000613160000, 0x00000006186b0000)
 concurrent mark-sweep generation total 269988K, used 160604K [0x00000006228c0000, 0x0000000633069000, 0x00000007c0000000)
 concurrent-mark-sweep perm gen total 262144K, used 67368K [0x00000007c0000000, 0x00000007d0000000, 0x0000000800000000)
55.791: [GC 55.791: [ParNew
Desired survivor size 89456640 bytes, new threshold 5 (max 5)
- age   1:    1054992 bytes,    1054992 total
- age   2:     877600 bytes,    1932592 total
- age   3:     319520 bytes,    2252112 total
: 89809K->2720K(174784K), 0.0051099 secs] 250413K->163324K(444772K), 0.0051676 secs] [Times: user=0.00 sys=0.00, real=0.01 secs] 
Heap after GC invocations=110 (full 2):
 par new generation   total 174784K, used 2720K [0x000000060dc00000, 0x000000061dc00000, 0x00000006228c0000)
  eden space 87424K,   0% used [0x000000060dc00000, 0x000000060dc00000, 0x0000000613160000)
  from space 87360K,   3% used [0x0000000613160000, 0x00000006134082f0, 0x00000006186b0000)
  to   space 87360K,   0% used [0x00000006186b0000, 0x00000006186b0000, 0x000000061dc00000)
 concurrent mark-sweep generation total 269988K, used 160604K [0x00000006228c0000, 0x0000000633069000, 0x00000007c0000000)
 concurrent-mark-sweep perm gen total 262144K, used 67368K [0x00000007c0000000, 0x00000007d0000000, 0x0000000800000000)
}
{Heap before GC invocations=110 (full 2):
 par new generation   total 174784K, used 90144K [0x000000060dc00000, 0x000000061dc00000, 0x00000006228c0000)
  eden space 87424K, 100% used [0x000000060dc00000, 0x0000000613160000, 0x0000000613160000)
  from space 87360K,   3% used [0x0000000613160000, 0x00000006134082f0, 0x00000006186b0000)
  to   space 87360K,   0% used [0x00000006186b0000, 0x00000006186b0000, 0x000000061dc00000)
 concurrent mark-sweep generation total 269988K, used 160604K [0x00000006228c0000, 0x0000000633069000, 0x00000007c0000000)
 concurrent-mark-sweep perm gen total 262144K, used 67607K [0x00000007c0000000, 0x00000007d0000000, 0x0000000800000000)
56.040: [GC 56.040: [ParNew
Desired survivor size 89456640 bytes, new threshold 5 (max 5)
- age   1:     860576 bytes,     860576 total
- age   2:     307640 bytes,    1168216 total
- age   3:     876720 bytes,    2044936 total
- age   4:     316448 bytes,    2361384 total
: 90144K->2958K(174784K), 0.0055411 secs] 250748K->163562K(444772K), 0.0056007 secs] [Times: user=0.00 sys=0.02, real=0.01 secs] 
Heap after GC invocations=111 (full 2):
 par new generation   total 174784K, used 2958K [0x000000060dc00000, 0x000000061dc00000, 0x00000006228c0000)
  eden space 87424K,   0% used [0x000000060dc00000, 0x000000060dc00000, 0x0000000613160000)
  from space 87360K,   3% used [0x00000006186b0000, 0x0000000618993a00, 0x000000061dc00000)
  to   space 87360K,   0% used [0x0000000613160000, 0x0000000613160000, 0x00000006186b0000)
 concurrent mark-sweep generation total 269988K, used 160604K [0x00000006228c0000, 0x0000000633069000, 0x00000007c0000000)
 concurrent-mark-sweep perm gen total 262144K, used 67607K [0x00000007c0000000, 0x00000007d0000000, 0x0000000800000000)
}
{Heap before GC invocations=111 (full 2):
 par new generation   total 174784K, used 90382K [0x000000060dc00000, 0x000000061dc00000, 0x00000006228c0000)
  eden space 87424K, 100% used [0x000000060dc00000, 0x0000000613160000, 0x0000000613160000)
  from space 87360K,   3% used [0x00000006186b0000, 0x0000000618993a00, 0x000000061dc00000)
  to   space 87360K,   0% used [0x0000000613160000, 0x0000000613160000, 0x00000006186b0000)
 concurrent mark-sweep generation total 269988K, used 160604K [0x00000006228c0000, 0x0000000633069000, 0x00000007c0000000)
 concurrent-mark-sweep perm gen total 262144K, used 68212K [0x00000007c0000000, 0x00000007d0000000, 0x0000000800000000)
56.240: [GC 56.240: [ParNew
Desired survivor size 89456640 bytes, new threshold 5 (max 5)
- age   1:    1250328 bytes,    1250328 total
- age   2:     197280 bytes,    1447608 total
- age   3:     307640 bytes,    1755248 total
- age   4:     876616 bytes,    2631864 total
- age   5:     316496 bytes,    2948360 total
: 90382K->3319K(174784K), 0.0061517 secs] 250986K->163923K(444772K), 0.0062084 secs] [Times: user=0.05 sys=0.00, real=0.01 secs] 
Heap after GC invocations=112 (full 2):
 par new generation   total 174784K, used 3319K [0x000000060dc00000, 0x000000061dc00000, 0x00000006228c0000)
  eden space 87424K,   0% used [0x000000060dc00000, 0x000000060dc00000, 0x0000000613160000)
  from space 87360K,   3% used [0x0000000613160000, 0x000000061349de10, 0x00000006186b0000)
  to   space 87360K,   0% used [0x00000006186b0000, 0x00000006186b0000, 0x000000061dc00000)
 concurrent mark-sweep generation total 269988K, used 160604K [0x00000006228c0000, 0x0000000633069000, 0x00000007c0000000)
 concurrent-mark-sweep perm gen total 262144K, used 68212K [0x00000007c0000000, 0x00000007d0000000, 0x0000000800000000)
}
{Heap before GC invocations=112 (full 2):
 par new generation   total 174784K, used 90743K [0x000000060dc00000, 0x000000061dc00000, 0x00000006228c0000)
  eden space 87424K, 100% used [0x000000060dc00000, 0x0000000613160000, 0x0000000613160000)
  from space 87360K,   3% used [0x0000000613160000, 0x000000061349de10, 0x00000006186b0000)
  to   space 87360K,   0% used [0x00000006186b0000, 0x00000006186b0000, 0x000000061dc00000)
 concurrent mark-sweep generation total 269988K, used 160604K [0x00000006228c0000, 0x0000000633069000, 0x00000007c0000000)
 concurrent-mark-sweep perm gen total 262144K, used 68823K [0x00000007c0000000, 0x00000007d0000000, 0x0000000800000000)
56.487: [GC 56.487: [ParNew
Desired survivor size 89456640 bytes, new threshold 5 (max 5)
- age   1:    1851456 bytes,    1851456 total
- age   2:     190248 bytes,    2041704 total
- age   3:     196368 bytes,    2238072 total
- age   4:     307600 bytes,    2545672 total
- age   5:     876576 bytes,    3422248 total
: 90743K->4393K(174784K), 0.0067320 secs] 251347K->165296K(444772K), 0.0067926 secs] [Times: user=0.05 sys=0.00, real=0.01 secs] 
Heap after GC invocations=113 (full 2):
 par new generation   total 174784K, used 4393K [0x000000060dc00000, 0x000000061dc00000, 0x00000006228c0000)
  eden space 87424K,   0% used [0x000000060dc00000, 0x000000060dc00000, 0x0000000613160000)
  from space 87360K,   5% used [0x00000006186b0000, 0x0000000618afa700, 0x000000061dc00000)
  to   space 87360K,   0% used [0x0000000613160000, 0x0000000613160000, 0x00000006186b0000)
 concurrent mark-sweep generation total 269988K, used 160902K [0x00000006228c0000, 0x0000000633069000, 0x00000007c0000000)
 concurrent-mark-sweep perm gen total 262144K, used 68823K [0x00000007c0000000, 0x00000007d0000000, 0x0000000800000000)
}
{Heap before GC invocations=113 (full 2):
 par new generation   total 174784K, used 91817K [0x000000060dc00000, 0x000000061dc00000, 0x00000006228c0000)
  eden space 87424K, 100% used [0x000000060dc00000, 0x0000000613160000, 0x0000000613160000)
  from space 87360K,   5% used [0x00000006186b0000, 0x0000000618afa700, 0x000000061dc00000)
  to   space 87360K,   0% used [0x0000000613160000, 0x0000000613160000, 0x00000006186b0000)
 concurrent mark-sweep generation total 269988K, used 160902K [0x00000006228c0000, 0x0000000633069000, 0x00000007c0000000)
 concurrent-mark-sweep perm gen total 262144K, used 69225K [0x00000007c0000000, 0x00000007d0000000, 0x0000000800000000)
56.709: [GC 56.709: [ParNew
Desired survivor size 89456640 bytes, new threshold 5 (max 5)
- age   1:     693216 bytes,     693216 total
- age   2:     780928 bytes,    1474144 total
- age   3:     190248 bytes,    1664392 total
- age   4:     196368 bytes,    1860760 total
- age   5:     307600 bytes,    2168360 total
: 91817K->2572K(174784K), 0.0074736 secs] 252720K->164366K(444772K), 0.0075392 secs] [Times: user=0.05 sys=0.00, real=0.01 secs] 
Heap after GC invocations=114 (full 2):
 par new generation   total 174784K, used 2572K [0x000000060dc00000, 0x000000061dc00000, 0x00000006228c0000)
  eden space 87424K,   0% used [0x000000060dc00000, 0x000000060dc00000, 0x0000000613160000)
  from space 87360K,   2% used [0x0000000613160000, 0x00000006133e32e8, 0x00000006186b0000)
  to   space 87360K,   0% used [0x00000006186b0000, 0x00000006186b0000, 0x000000061dc00000)
 concurrent mark-sweep generation total 269988K, used 161793K [0x00000006228c0000, 0x0000000633069000, 0x00000007c0000000)
 concurrent-mark-sweep perm gen total 262144K, used 69225K [0x00000007c0000000, 0x00000007d0000000, 0x0000000800000000)
}
{Heap before GC invocations=114 (full 2):
 par new generation   total 174784K, used 89996K [0x000000060dc00000, 0x000000061dc00000, 0x00000006228c0000)
  eden space 87424K, 100% used [0x000000060dc00000, 0x0000000613160000, 0x0000000613160000)
  from space 87360K,   2% used [0x0000000613160000, 0x00000006133e32e8, 0x00000006186b0000)
  to   space 87360K,   0% used [0x00000006186b0000, 0x00000006186b0000, 0x000000061dc00000)
 concurrent mark-sweep generation total 269988K, used 161793K [0x00000006228c0000, 0x0000000633069000, 0x00000007c0000000)
 concurrent-mark-sweep perm gen total 262144K, used 69659K [0x00000007c0000000, 0x00000007d0000000, 0x0000000800000000)
57.079: [GC 57.079: [ParNew
Desired survivor size 89456640 bytes, new threshold 5 (max 5)
- age   1:    2643648 bytes,    2643648 total
- age   2:     336848 bytes,    2980496 total
- age   3:     780504 bytes,    3761000 total
- age   4:     190376 bytes,    3951376 total
- age   5:     196256 bytes,    4147632 total
: 89996K->4867K(174784K), 0.0084025 secs] 251790K->166967K(444772K), 0.0084666 secs] [Times: user=0.06 sys=0.00, real=0.01 secs] 
Heap after GC invocations=115 (full 2):
 par new generation   total 174784K, used 4867K [0x000000060dc00000, 0x000000061dc00000, 0x00000006228c0000)
  eden space 87424K,   0% used [0x000000060dc00000, 0x000000060dc00000, 0x0000000613160000)
  from space 87360K,   5% used [0x00000006186b0000, 0x0000000618b70cd8, 0x000000061dc00000)
  to   space 87360K,   0% used [0x0000000613160000, 0x0000000613160000, 0x00000006186b0000)
 concurrent mark-sweep generation total 269988K, used 162099K [0x00000006228c0000, 0x0000000633069000, 0x00000007c0000000)
 concurrent-mark-sweep perm gen total 262144K, used 69659K [0x00000007c0000000, 0x00000007d0000000, 0x0000000800000000)
}
{Heap before GC invocations=115 (full 2):
 par new generation   total 174784K, used 92291K [0x000000060dc00000, 0x000000061dc00000, 0x00000006228c0000)
  eden space 87424K, 100% used [0x000000060dc00000, 0x0000000613160000, 0x0000000613160000)
  from space 87360K,   5% used [0x00000006186b0000, 0x0000000618b70cd8, 0x000000061dc00000)
  to   space 87360K,   0% used [0x0000000613160000, 0x0000000613160000, 0x00000006186b0000)
 concurrent mark-sweep generation total 269988K, used 162099K [0x00000006228c0000, 0x0000000633069000, 0x00000007c0000000)
 concurrent-mark-sweep perm gen total 262144K, used 70261K [0x00000007c0000000, 0x00000007d0000000, 0x0000000800000000)
57.401: [GC 57.402: [ParNew
Desired survivor size 89456640 bytes, new threshold 5 (max 5)
- age   1:    2259352 bytes,    2259352 total
- age   2:    1723224 bytes,    3982576 total
- age   3:     336848 bytes,    4319424 total
- age   4:     780112 bytes,    5099536 total
- age   5:     190248 bytes,    5289784 total
: 92291K->6554K(174784K), 0.0091280 secs] 254391K->168847K(444772K), 0.0091926 secs] [Times: user=0.00 sys=0.00, real=0.01 secs] 
Heap after GC invocations=116 (full 2):
 par new generation   total 174784K, used 6554K [0x000000060dc00000, 0x000000061dc00000, 0x00000006228c0000)
  eden space 87424K,   0% used [0x000000060dc00000, 0x000000060dc00000, 0x0000000613160000)
  from space 87360K,   7% used [0x0000000613160000, 0x00000006137c6af0, 0x00000006186b0000)
  to   space 87360K,   0% used [0x00000006186b0000, 0x00000006186b0000, 0x000000061dc00000)
 concurrent mark-sweep generation total 269988K, used 162292K [0x00000006228c0000, 0x0000000633069000, 0x00000007c0000000)
 concurrent-mark-sweep perm gen total 262144K, used 70261K [0x00000007c0000000, 0x00000007d0000000, 0x0000000800000000)
}
{Heap before GC invocations=116 (full 2):
 par new generation   total 174784K, used 93978K [0x000000060dc00000, 0x000000061dc00000, 0x00000006228c0000)
  eden space 87424K, 100% used [0x000000060dc00000, 0x0000000613160000, 0x0000000613160000)
  from space 87360K,   7% used [0x0000000613160000, 0x00000006137c6af0, 0x00000006186b0000)
  to   space 87360K,   0% used [0x00000006186b0000, 0x00000006186b0000, 0x000000061dc00000)
 concurrent mark-sweep generation total 269988K, used 162292K [0x00000006228c0000, 0x0000000633069000, 0x00000007c0000000)
 concurrent-mark-sweep perm gen total 262144K, used 70710K [0x00000007c0000000, 0x00000007d0000000, 0x0000000800000000)
57.749: [GC 57.749: [ParNew
Desired survivor size 89456640 bytes, new threshold 5 (max 5)
- age   1:    2307128 bytes,    2307128 total
- age   2:    1255784 bytes,    3562912 total
- age   3:    1719984 bytes,    5282896 total
- age   4:     336848 bytes,    5619744 total
- age   5:     780112 bytes,    6399856 total
: 93978K->7513K(174784K), 0.0105096 secs] 256271K->169992K(444772K), 0.0105747 secs] [Times: user=0.06 sys=0.00, real=0.01 secs] 
Heap after GC invocations=117 (full 2):
 par new generation   total 174784K, used 7513K [0x000000060dc00000, 0x000000061dc00000, 0x00000006228c0000)
  eden space 87424K,   0% used [0x000000060dc00000, 0x000000060dc00000, 0x0000000613160000)
  from space 87360K,   8% used [0x00000006186b0000, 0x0000000618e06450, 0x000000061dc00000)
  to   space 87360K,   0% used [0x0000000613160000, 0x0000000613160000, 0x00000006186b0000)
 concurrent mark-sweep generation total 269988K, used 162479K [0x00000006228c0000, 0x0000000633069000, 0x00000007c0000000)
 concurrent-mark-sweep perm gen total 262144K, used 70710K [0x00000007c0000000, 0x00000007d0000000, 0x0000000800000000)
}
{Heap before GC invocations=117 (full 2):
 par new generation   total 174784K, used 94937K [0x000000060dc00000, 0x000000061dc00000, 0x00000006228c0000)
  eden space 87424K, 100% used [0x000000060dc00000, 0x0000000613160000, 0x0000000613160000)
  from space 87360K,   8% used [0x00000006186b0000, 0x0000000618e064a8, 0x000000061dc00000)
  to   space 87360K,   0% used [0x0000000613160000, 0x0000000613160000, 0x00000006186b0000)
 concurrent mark-sweep generation total 269988K, used 162479K [0x00000006228c0000, 0x0000000633069000, 0x00000007c0000000)
 concurrent-mark-sweep perm gen total 262144K, used 71233K [0x00000007c0000000, 0x00000007d0000000, 0x0000000800000000)
58.130: [GC 58.130: [ParNew
Desired survivor size 89456640 bytes, new threshold 5 (max 5)
- age   1:   11137056 bytes,   11137056 total
- age   2:    1454496 bytes,   12591552 total
- age   3:    1254848 bytes,   13846400 total
- age   4:    1719864 bytes,   15566264 total
- age   5:     336848 bytes,   15903112 total
: 94937K->17972K(174784K), 0.0142369 secs] 257416K->181216K(444772K), 0.0143005 secs] [Times: user=0.05 sys=0.00, real=0.02 secs] 
Heap after GC invocations=118 (full 2):
 par new generation   total 174784K, used 17972K [0x000000060dc00000, 0x000000061dc00000, 0x00000006228c0000)
  eden space 87424K,   0% used [0x000000060dc00000, 0x000000060dc00000, 0x0000000613160000)
  from space 87360K,  20% used [0x0000000613160000, 0x00000006142ed1a8, 0x00000006186b0000)
  to   space 87360K,   0% used [0x00000006186b0000, 0x00000006186b0000, 0x000000061dc00000)
 concurrent mark-sweep generation total 269988K, used 163243K [0x00000006228c0000, 0x0000000633069000, 0x00000007c0000000)
 concurrent-mark-sweep perm gen total 262144K, used 71233K [0x00000007c0000000, 0x00000007d0000000, 0x0000000800000000)
}
{Heap before GC invocations=118 (full 2):
 par new generation   total 174784K, used 105396K [0x000000060dc00000, 0x000000061dc00000, 0x00000006228c0000)
  eden space 87424K, 100% used [0x000000060dc00000, 0x0000000613160000, 0x0000000613160000)
  from space 87360K,  20% used [0x0000000613160000, 0x00000006142ed1a8, 0x00000006186b0000)
  to   space 87360K,   0% used [0x00000006186b0000, 0x00000006186b0000, 0x000000061dc00000)
 concurrent mark-sweep generation total 269988K, used 163243K [0x00000006228c0000, 0x0000000633069000, 0x00000007c0000000)
 concurrent-mark-sweep perm gen total 262144K, used 71572K [0x00000007c0000000, 0x00000007d0000000, 0x0000000800000000)
58.402: [GC 58.402: [ParNew
Desired survivor size 89456640 bytes, new threshold 5 (max 5)
- age   1:    3371792 bytes,    3371792 total
- age   2:   10091800 bytes,   13463592 total
- age   3:    1419784 bytes,   14883376 total
- age   4:    1254840 bytes,   16138216 total
- age   5:    1707928 bytes,   17846144 total
: 105396K->18611K(174784K), 0.0133618 secs] 268640K->182184K(444772K), 0.0134254 secs] [Times: user=0.06 sys=0.00, real=0.01 secs] 
Heap after GC invocations=119 (full 2):
 par new generation   total 174784K, used 18611K [0x000000060dc00000, 0x000000061dc00000, 0x00000006228c0000)
  eden space 87424K,   0% used [0x000000060dc00000, 0x000000060dc00000, 0x0000000613160000)
  from space 87360K,  21% used [0x00000006186b0000, 0x00000006198dcc28, 0x000000061dc00000)
  to   space 87360K,   0% used [0x0000000613160000, 0x0000000613160000, 0x00000006186b0000)
 concurrent mark-sweep generation total 269988K, used 163573K [0x00000006228c0000, 0x0000000633069000, 0x00000007c0000000)
 concurrent-mark-sweep perm gen total 262144K, used 71572K [0x00000007c0000000, 0x00000007d0000000, 0x0000000800000000)
}
{Heap before GC invocations=119 (full 2):
 par new generation   total 174784K, used 106035K [0x000000060dc00000, 0x000000061dc00000, 0x00000006228c0000)
  eden space 87424K, 100% used [0x000000060dc00000, 0x0000000613160000, 0x0000000613160000)
  from space 87360K,  21% used [0x00000006186b0000, 0x00000006198dcc28, 0x000000061dc00000)
  to   space 87360K,   0% used [0x0000000613160000, 0x0000000613160000, 0x00000006186b0000)
 concurrent mark-sweep generation total 269988K, used 163573K [0x00000006228c0000, 0x0000000633069000, 0x00000007c0000000)
 concurrent-mark-sweep perm gen total 262144K, used 72065K [0x00000007c0000000, 0x00000007d0000000, 0x0000000800000000)
58.689: [GC 58.689: [ParNew
Desired survivor size 89456640 bytes, new threshold 5 (max 5)
- age   1:    4493952 bytes,    4493952 total
- age   2:    2838896 bytes,    7332848 total
- age   3:   10056792 bytes,   17389640 total
- age   4:    1419664 bytes,   18809304 total
- age   5:    1254624 bytes,   20063928 total
: 106035K->21705K(174784K), 0.0168823 secs] 269608K->186964K(444772K), 0.0169454 secs] [Times: user=0.06 sys=0.00, real=0.02 secs] 
Heap after GC invocations=120 (full 2):
 par new generation   total 174784K, used 21705K [0x000000060dc00000, 0x000000061dc00000, 0x00000006228c0000)
  eden space 87424K,   0% used [0x000000060dc00000, 0x000000060dc00000, 0x0000000613160000)
  from space 87360K,  24% used [0x0000000613160000, 0x00000006146926e0, 0x00000006186b0000)
  to   space 87360K,   0% used [0x00000006186b0000, 0x00000006186b0000, 0x000000061dc00000)
 concurrent mark-sweep generation total 269988K, used 165259K [0x00000006228c0000, 0x0000000633069000, 0x00000007c0000000)
 concurrent-mark-sweep perm gen total 262144K, used 72065K [0x00000007c0000000, 0x00000007d0000000, 0x0000000800000000)
}
{Heap before GC invocations=120 (full 2):
 par new generation   total 174784K, used 109129K [0x000000060dc00000, 0x000000061dc00000, 0x00000006228c0000)
  eden space 87424K, 100% used [0x000000060dc00000, 0x0000000613160000, 0x0000000613160000)
  from space 87360K,  24% used [0x0000000613160000, 0x00000006146926e0, 0x00000006186b0000)
  to   space 87360K,   0% used [0x00000006186b0000, 0x00000006186b0000, 0x000000061dc00000)
 concurrent mark-sweep generation total 269988K, used 165259K [0x00000006228c0000, 0x0000000633069000, 0x00000007c0000000)
 concurrent-mark-sweep perm gen total 262144K, used 72688K [0x00000007c0000000, 0x00000007d0000000, 0x0000000800000000)
59.007: [GC 59.007: [ParNew
Desired survivor size 89456640 bytes, new threshold 5 (max 5)
- age   1:    1600440 bytes,    1600440 total
- age   2:    3085792 bytes,    4686232 total
- age   3:    2715200 bytes,    7401432 total
- age   4:   10056952 bytes,   17458384 total
- age   5:    1419664 bytes,   18878048 total
: 109129K->22315K(174784K), 0.0128822 secs] 274388K->188812K(444772K), 0.0129428 secs] [Times: user=0.01 sys=0.00, real=0.01 secs] 
Heap after GC invocations=121 (full 2):
 par new generation   total 174784K, used 22315K [0x000000060dc00000, 0x000000061dc00000, 0x00000006228c0000)
  eden space 87424K,   0% used [0x000000060dc00000, 0x000000060dc00000, 0x0000000613160000)
  from space 87360K,  25% used [0x00000006186b0000, 0x0000000619c7ae98, 0x000000061dc00000)
  to   space 87360K,   0% used [0x0000000613160000, 0x0000000613160000, 0x00000006186b0000)
 concurrent mark-sweep generation total 269988K, used 166496K [0x00000006228c0000, 0x0000000633069000, 0x00000007c0000000)
 concurrent-mark-sweep perm gen total 262144K, used 72688K [0x00000007c0000000, 0x00000007d0000000, 0x0000000800000000)
}
{Heap before GC invocations=121 (full 2):
 par new generation   total 174784K, used 109739K [0x000000060dc00000, 0x000000061dc00000, 0x00000006228c0000)
  eden space 87424K, 100% used [0x000000060dc00000, 0x0000000613160000, 0x0000000613160000)
  from space 87360K,  25% used [0x00000006186b0000, 0x0000000619c7ae98, 0x000000061dc00000)
  to   space 87360K,   0% used [0x0000000613160000, 0x0000000613160000, 0x00000006186b0000)
 concurrent mark-sweep generation total 269988K, used 166496K [0x00000006228c0000, 0x0000000633069000, 0x00000007c0000000)
 concurrent-mark-sweep perm gen total 262144K, used 73364K [0x00000007c0000000, 0x00000007d0000000, 0x0000000800000000)
59.307: [GC 59.307: [ParNew
Desired survivor size 89456640 bytes, new threshold 5 (max 5)
- age   1:    1383616 bytes,    1383616 total
- age   2:     627688 bytes,    2011304 total
- age   3:    3082736 bytes,    5094040 total
- age   4:    2715240 bytes,    7809280 total
- age   5:   10056832 bytes,   17866112 total
: 109739K->20939K(174784K), 0.0129262 secs] 276236K->188827K(444772K), 0.0129815 secs] [Times: user=0.01 sys=0.01, real=0.01 secs] 
Heap after GC invocations=122 (full 2):
 par new generation   total 174784K, used 20939K [0x000000060dc00000, 0x000000061dc00000, 0x00000006228c0000)
  eden space 87424K,   0% used [0x000000060dc00000, 0x000000060dc00000, 0x0000000613160000)
  from space 87360K,  23% used [0x0000000613160000, 0x00000006145d2c20, 0x00000006186b0000)
  to   space 87360K,   0% used [0x00000006186b0000, 0x00000006186b0000, 0x000000061dc00000)
 concurrent mark-sweep generation total 269988K, used 167888K [0x00000006228c0000, 0x0000000633069000, 0x00000007c0000000)
 concurrent-mark-sweep perm gen total 262144K, used 73364K [0x00000007c0000000, 0x00000007d0000000, 0x0000000800000000)
}
{Heap before GC invocations=122 (full 2):
 par new generation   total 174784K, used 108363K [0x000000060dc00000, 0x000000061dc00000, 0x00000006228c0000)
  eden space 87424K, 100% used [0x000000060dc00000, 0x0000000613160000, 0x0000000613160000)
  from space 87360K,  23% used [0x0000000613160000, 0x00000006145d2c20, 0x00000006186b0000)
  to   space 87360K,   0% used [0x00000006186b0000, 0x00000006186b0000, 0x000000061dc00000)
 concurrent mark-sweep generation total 269988K, used 167888K [0x00000006228c0000, 0x0000000633069000, 0x00000007c0000000)
 concurrent-mark-sweep perm gen total 262144K, used 74045K [0x00000007c0000000, 0x00000007d0000000, 0x0000000800000000)
59.561: [GC 59.562: [ParNew
Desired survivor size 89456640 bytes, new threshold 5 (max 5)
- age   1:    1804328 bytes,    1804328 total
- age   2:     520120 bytes,    2324448 total
- age   3:     627664 bytes,    2952112 total
- age   4:    3082504 bytes,    6034616 total
- age   5:    2715200 bytes,    8749816 total
: 108363K->11749K(174784K), 0.0201676 secs] 276251K->189464K(444772K), 0.0202512 secs] [Times: user=0.06 sys=0.02, real=0.02 secs] 
Heap after GC invocations=123 (full 2):
 par new generation   total 174784K, used 11749K [0x000000060dc00000, 0x000000061dc00000, 0x00000006228c0000)
  eden space 87424K,   0% used [0x000000060dc00000, 0x000000060dc00000, 0x0000000613160000)
  from space 87360K,  13% used [0x00000006186b0000, 0x00000006192296e8, 0x000000061dc00000)
  to   space 87360K,   0% used [0x0000000613160000, 0x0000000613160000, 0x00000006186b0000)
 concurrent mark-sweep generation total 269988K, used 177715K [0x00000006228c0000, 0x0000000633069000, 0x00000007c0000000)
 concurrent-mark-sweep perm gen total 262144K, used 74045K [0x00000007c0000000, 0x00000007d0000000, 0x0000000800000000)
}
{Heap before GC invocations=123 (full 2):
 par new generation   total 174784K, used 99173K [0x000000060dc00000, 0x000000061dc00000, 0x00000006228c0000)
  eden space 87424K, 100% used [0x000000060dc00000, 0x0000000613160000, 0x0000000613160000)
  from space 87360K,  13% used [0x00000006186b0000, 0x00000006192296e8, 0x000000061dc00000)
  to   space 87360K,   0% used [0x0000000613160000, 0x0000000613160000, 0x00000006186b0000)
 concurrent mark-sweep generation total 269988K, used 177715K [0x00000006228c0000, 0x0000000633069000, 0x00000007c0000000)
 concurrent-mark-sweep perm gen total 262144K, used 74720K [0x00000007c0000000, 0x00000007d0000000, 0x0000000800000000)
59.856: [GC 59.856: [ParNew
Desired survivor size 89456640 bytes, new threshold 5 (max 5)
- age   1:    2694672 bytes,    2694672 total
- age   2:     585904 bytes,    3280576 total
- age   3:     519848 bytes,    3800424 total
- age   4:     627592 bytes,    4428016 total
- age   5:    3082504 bytes,    7510520 total
: 99173K->8914K(174784K), 0.0148534 secs] 276888K->189283K(444772K), 0.0149277 secs] [Times: user=0.05 sys=0.00, real=0.02 secs] 
Heap after GC invocations=124 (full 2):
 par new generation   total 174784K, used 8914K [0x000000060dc00000, 0x000000061dc00000, 0x00000006228c0000)
  eden space 87424K,   0% used [0x000000060dc00000, 0x000000060dc00000, 0x0000000613160000)
  from space 87360K,  10% used [0x0000000613160000, 0x0000000613a149e0, 0x00000006186b0000)
  to   space 87360K,   0% used [0x00000006186b0000, 0x00000006186b0000, 0x000000061dc00000)
 concurrent mark-sweep generation total 269988K, used 180368K [0x00000006228c0000, 0x0000000633069000, 0x00000007c0000000)
 concurrent-mark-sweep perm gen total 262144K, used 74720K [0x00000007c0000000, 0x00000007d0000000, 0x0000000800000000)
}
{Heap before GC invocations=124 (full 2):
 par new generation   total 174784K, used 96338K [0x000000060dc00000, 0x000000061dc00000, 0x00000006228c0000)
  eden space 87424K, 100% used [0x000000060dc00000, 0x0000000613160000, 0x0000000613160000)
  from space 87360K,  10% used [0x0000000613160000, 0x0000000613a149e0, 0x00000006186b0000)
  to   space 87360K,   0% used [0x00000006186b0000, 0x00000006186b0000, 0x000000061dc00000)
 concurrent mark-sweep generation total 269988K, used 180368K [0x00000006228c0000, 0x0000000633069000, 0x00000007c0000000)
 concurrent-mark-sweep perm gen total 262144K, used 75395K [0x00000007c0000000, 0x00000007d0000000, 0x0000000800000000)
60.721: [GC 60.721: [ParNew
Desired survivor size 89456640 bytes, new threshold 5 (max 5)
- age   1:    2752864 bytes,    2752864 total
- age   2:    1109992 bytes,    3862856 total
- age   3:     583800 bytes,    4446656 total
- age   4:     519472 bytes,    4966128 total
- age   5:     627616 bytes,    5593744 total
: 96338K->7219K(174784K), 0.0121010 secs] 276707K->190601K(444772K), 0.0121919 secs] [Times: user=0.00 sys=0.00, real=0.01 secs] 
Heap after GC invocations=125 (full 2):
 par new generation   total 174784K, used 7219K [0x000000060dc00000, 0x000000061dc00000, 0x00000006228c0000)
  eden space 87424K,   0% used [0x000000060dc00000, 0x000000060dc00000, 0x0000000613160000)
  from space 87360K,   8% used [0x00000006186b0000, 0x0000000618dbcc08, 0x000000061dc00000)
  to   space 87360K,   0% used [0x0000000613160000, 0x0000000613160000, 0x00000006186b0000)
 concurrent mark-sweep generation total 269988K, used 183382K [0x00000006228c0000, 0x0000000633069000, 0x00000007c0000000)
 concurrent-mark-sweep perm gen total 262144K, used 75395K [0x00000007c0000000, 0x00000007d0000000, 0x0000000800000000)
}
{Heap before GC invocations=125 (full 2):
 par new generation   total 174784K, used 94643K [0x000000060dc00000, 0x000000061dc00000, 0x00000006228c0000)
  eden space 87424K, 100% used [0x000000060dc00000, 0x0000000613160000, 0x0000000613160000)
  from space 87360K,   8% used [0x00000006186b0000, 0x0000000618dbcc08, 0x000000061dc00000)
  to   space 87360K,   0% used [0x0000000613160000, 0x0000000613160000, 0x00000006186b0000)
 concurrent mark-sweep generation total 269988K, used 183382K [0x00000006228c0000, 0x0000000633069000, 0x00000007c0000000)
 concurrent-mark-sweep perm gen total 262144K, used 75747K [0x00000007c0000000, 0x00000007d0000000, 0x0000000800000000)
60.969: [GC 60.969: [ParNew
Desired survivor size 89456640 bytes, new threshold 5 (max 5)
- age   1:     657896 bytes,     657896 total
- age   2:    1384904 bytes,    2042800 total
- age   3:    1100968 bytes,    3143768 total
- age   4:     583624 bytes,    3727392 total
- age   5:     519432 bytes,    4246824 total
: 94643K->5223K(174784K), 0.0089784 secs] 278025K->189221K(444772K), 0.0090484 secs] [Times: user=0.05 sys=0.00, real=0.01 secs] 
Heap after GC invocations=126 (full 2):
 par new generation   total 174784K, used 5223K [0x000000060dc00000, 0x000000061dc00000, 0x00000006228c0000)
  eden space 87424K,   0% used [0x000000060dc00000, 0x000000060dc00000, 0x0000000613160000)
  from space 87360K,   5% used [0x0000000613160000, 0x0000000613679c48, 0x00000006186b0000)
  to   space 87360K,   0% used [0x00000006186b0000, 0x00000006186b0000, 0x000000061dc00000)
 concurrent mark-sweep generation total 269988K, used 183998K [0x00000006228c0000, 0x0000000633069000, 0x00000007c0000000)
 concurrent-mark-sweep perm gen total 262144K, used 75747K [0x00000007c0000000, 0x00000007d0000000, 0x0000000800000000)
}
{Heap before GC invocations=126 (full 2):
 par new generation   total 174784K, used 92647K [0x000000060dc00000, 0x000000061dc00000, 0x00000006228c0000)
  eden space 87424K, 100% used [0x000000060dc00000, 0x0000000613160000, 0x0000000613160000)
  from space 87360K,   5% used [0x0000000613160000, 0x0000000613679c48, 0x00000006186b0000)
  to   space 87360K,   0% used [0x00000006186b0000, 0x00000006186b0000, 0x000000061dc00000)
 concurrent mark-sweep generation total 269988K, used 183998K [0x00000006228c0000, 0x0000000633069000, 0x00000007c0000000)
 concurrent-mark-sweep perm gen total 262144K, used 75987K [0x00000007c0000000, 0x00000007d0000000, 0x0000000800000000)
61.208: [GC 61.209: [ParNew
Desired survivor size 89456640 bytes, new threshold 5 (max 5)
- age   1:    1280592 bytes,    1280592 total
- age   2:     228888 bytes,    1509480 total
- age   3:    1379608 bytes,    2889088 total
- age   4:    1100968 bytes,    3990056 total
- age   5:     583168 bytes,    4573224 total
: 92647K->4829K(174784K), 0.0088944 secs] 276645K->189339K(444772K), 0.0089618 secs] [Times: user=0.00 sys=0.00, real=0.01 secs] 
Heap after GC invocations=127 (full 2):
 par new generation   total 174784K, used 4829K [0x000000060dc00000, 0x000000061dc00000, 0x00000006228c0000)
  eden space 87424K,   0% used [0x000000060dc00000, 0x000000060dc00000, 0x0000000613160000)
  from space 87360K,   5% used [0x00000006186b0000, 0x0000000618b67448, 0x000000061dc00000)
  to   space 87360K,   0% used [0x0000000613160000, 0x0000000613160000, 0x00000006186b0000)
 concurrent mark-sweep generation total 269988K, used 184510K [0x00000006228c0000, 0x0000000633069000, 0x00000007c0000000)
 concurrent-mark-sweep perm gen total 262144K, used 75987K [0x00000007c0000000, 0x00000007d0000000, 0x0000000800000000)
}
{Heap before GC invocations=127 (full 2):
 par new generation   total 174784K, used 92253K [0x000000060dc00000, 0x000000061dc00000, 0x00000006228c0000)
  eden space 87424K, 100% used [0x000000060dc00000, 0x0000000613160000, 0x0000000613160000)
  from space 87360K,   5% used [0x00000006186b0000, 0x0000000618b67448, 0x000000061dc00000)
  to   space 87360K,   0% used [0x0000000613160000, 0x0000000613160000, 0x00000006186b0000)
 concurrent mark-sweep generation total 269988K, used 184510K [0x00000006228c0000, 0x0000000633069000, 0x00000007c0000000)
 concurrent-mark-sweep perm gen total 262144K, used 76348K [0x00000007c0000000, 0x00000007d0000000, 0x0000000800000000)
61.402: [GC 61.402: [ParNew
Desired survivor size 89456640 bytes, new threshold 5 (max 5)
- age   1:    1435928 bytes,    1435928 total
- age   2:     707304 bytes,    2143232 total
- age   3:     228888 bytes,    2372120 total
- age   4:    1379608 bytes,    3751728 total
- age   5:    1100928 bytes,    4852656 total
: 92253K->5737K(174784K), 0.0089100 secs] 276763K->190819K(444772K), 0.0089726 secs] [Times: user=0.06 sys=0.00, real=0.01 secs] 
Heap after GC invocations=128 (full 2):
 par new generation   total 174784K, used 5737K [0x000000060dc00000, 0x000000061dc00000, 0x00000006228c0000)
  eden space 87424K,   0% used [0x000000060dc00000, 0x000000060dc00000, 0x0000000613160000)
  from space 87360K,   6% used [0x0000000613160000, 0x00000006136fa588, 0x00000006186b0000)
  to   space 87360K,   0% used [0x00000006186b0000, 0x00000006186b0000, 0x000000061dc00000)
 concurrent mark-sweep generation total 269988K, used 185082K [0x00000006228c0000, 0x0000000633069000, 0x00000007c0000000)
 concurrent-mark-sweep perm gen total 262144K, used 76348K [0x00000007c0000000, 0x00000007d0000000, 0x0000000800000000)
}
{Heap before GC invocations=128 (full 2):
 par new generation   total 174784K, used 93161K [0x000000060dc00000, 0x000000061dc00000, 0x00000006228c0000)
  eden space 87424K, 100% used [0x000000060dc00000, 0x0000000613160000, 0x0000000613160000)
  from space 87360K,   6% used [0x0000000613160000, 0x00000006136fa588, 0x00000006186b0000)
  to   space 87360K,   0% used [0x00000006186b0000, 0x00000006186b0000, 0x000000061dc00000)
 concurrent mark-sweep generation total 269988K, used 185082K [0x00000006228c0000, 0x0000000633069000, 0x00000007c0000000)
 concurrent-mark-sweep perm gen total 262144K, used 76684K [0x00000007c0000000, 0x00000007d0000000, 0x0000000800000000)
61.618: [GC 61.618: [ParNew
Desired survivor size 89456640 bytes, new threshold 5 (max 5)
- age   1:    1598512 bytes,    1598512 total
- age   2:     738672 bytes,    2337184 total
- age   3:     706360 bytes,    3043544 total
- age   4:     228888 bytes,    3272432 total
- age   5:    1379496 bytes,    4651928 total
: 93161K->6544K(174784K), 0.0101264 secs] 278243K->192703K(444772K), 0.0101880 secs] [Times: user=0.06 sys=0.00, real=0.01 secs] 
Heap after GC invocations=129 (full 2):
 par new generation   total 174784K, used 6544K [0x000000060dc00000, 0x000000061dc00000, 0x00000006228c0000)
  eden space 87424K,   0% used [0x000000060dc00000, 0x000000060dc00000, 0x0000000613160000)
  from space 87360K,   7% used [0x00000006186b0000, 0x0000000618d143c8, 0x000000061dc00000)
  to   space 87360K,   0% used [0x0000000613160000, 0x0000000613160000, 0x00000006186b0000)
 concurrent mark-sweep generation total 269988K, used 186158K [0x00000006228c0000, 0x0000000633069000, 0x00000007c0000000)
 concurrent-mark-sweep perm gen total 262144K, used 76684K [0x00000007c0000000, 0x00000007d0000000, 0x0000000800000000)
}
{Heap before GC invocations=129 (full 2):
 par new generation   total 174784K, used 93968K [0x000000060dc00000, 0x000000061dc00000, 0x00000006228c0000)
  eden space 87424K, 100% used [0x000000060dc00000, 0x0000000613160000, 0x0000000613160000)
  from space 87360K,   7% used [0x00000006186b0000, 0x0000000618d143c8, 0x000000061dc00000)
  to   space 87360K,   0% used [0x0000000613160000, 0x0000000613160000, 0x00000006186b0000)
 concurrent mark-sweep generation total 269988K, used 186158K [0x00000006228c0000, 0x0000000633069000, 0x00000007c0000000)
 concurrent-mark-sweep perm gen total 262144K, used 76965K [0x00000007c0000000, 0x00000007d0000000, 0x0000000800000000)
61.808: [GC 61.808: [ParNew
Desired survivor size 89456640 bytes, new threshold 5 (max 5)
- age   1:    2389872 bytes,    2389872 total
- age   2:     859448 bytes,    3249320 total
- age   3:     738672 bytes,    3987992 total
- age   4:     706360 bytes,    4694352 total
- age   5:     228848 bytes,    4923200 total
: 93968K->5813K(174784K), 0.0100745 secs] 280127K->193325K(444772K), 0.0102046 secs] [Times: user=0.06 sys=0.00, real=0.01 secs] 
Heap after GC invocations=130 (full 2):
 par new generation   total 174784K, used 5813K [0x000000060dc00000, 0x000000061dc00000, 0x00000006228c0000)
  eden space 87424K,   0% used [0x000000060dc00000, 0x000000060dc00000, 0x0000000613160000)
  from space 87360K,   6% used [0x0000000613160000, 0x000000061370d6f0, 0x00000006186b0000)
  to   space 87360K,   0% used [0x00000006186b0000, 0x00000006186b0000, 0x000000061dc00000)
 concurrent mark-sweep generation total 269988K, used 187511K [0x00000006228c0000, 0x0000000633069000, 0x00000007c0000000)
 concurrent-mark-sweep perm gen total 262144K, used 76965K [0x00000007c0000000, 0x00000007d0000000, 0x0000000800000000)
}
{Heap before GC invocations=130 (full 2):
 par new generation   total 174784K, used 93237K [0x000000060dc00000, 0x000000061dc00000, 0x00000006228c0000)
  eden space 87424K, 100% used [0x000000060dc00000, 0x0000000613160000, 0x0000000613160000)
  from space 87360K,   6% used [0x0000000613160000, 0x000000061370d6f0, 0x00000006186b0000)
  to   space 87360K,   0% used [0x00000006186b0000, 0x00000006186b0000, 0x000000061dc00000)
 concurrent mark-sweep generation total 269988K, used 187511K [0x00000006228c0000, 0x0000000633069000, 0x00000007c0000000)
 concurrent-mark-sweep perm gen total 262144K, used 77275K [0x00000007c0000000, 0x00000007d0000000, 0x0000000800000000)
62.025: [GC 62.025: [ParNew
Desired survivor size 89456640 bytes, new threshold 5 (max 5)
- age   1:    2608216 bytes,    2608216 total
- age   2:    1854072 bytes,    4462288 total
- age   3:     855648 bytes,    5317936 total
- age   4:     738672 bytes,    6056608 total
- age   5:     706168 bytes,    6762776 total
: 93237K->9114K(174784K), 0.0093764 secs] 280749K->196851K(444772K), 0.0094346 secs] [Times: user=0.06 sys=0.00, real=0.01 secs] 
Heap after GC invocations=131 (full 2):
 par new generation   total 174784K, used 9114K [0x000000060dc00000, 0x000000061dc00000, 0x00000006228c0000)
  eden space 87424K,   0% used [0x000000060dc00000, 0x000000060dc00000, 0x0000000613160000)
  from space 87360K,  10% used [0x00000006186b0000, 0x0000000618f96a70, 0x000000061dc00000)
  to   space 87360K,   0% used [0x0000000613160000, 0x0000000613160000, 0x00000006186b0000)
 concurrent mark-sweep generation total 269988K, used 187736K [0x00000006228c0000, 0x0000000633069000, 0x00000007c0000000)
 concurrent-mark-sweep perm gen total 262144K, used 77275K [0x00000007c0000000, 0x00000007d0000000, 0x0000000800000000)
}
{Heap before GC invocations=131 (full 2):
 par new generation   total 174784K, used 96538K [0x000000060dc00000, 0x000000061dc00000, 0x00000006228c0000)
  eden space 87424K, 100% used [0x000000060dc00000, 0x0000000613160000, 0x0000000613160000)
  from space 87360K,  10% used [0x00000006186b0000, 0x0000000618f96a70, 0x000000061dc00000)
  to   space 87360K,   0% used [0x0000000613160000, 0x0000000613160000, 0x00000006186b0000)
 concurrent mark-sweep generation total 269988K, used 187736K [0x00000006228c0000, 0x0000000633069000, 0x00000007c0000000)
 concurrent-mark-sweep perm gen total 262144K, used 77856K [0x00000007c0000000, 0x00000007d0000000, 0x0000000800000000)
62.319: [GC 62.319: [ParNew
Desired survivor size 89456640 bytes, new threshold 5 (max 5)
- age   1:    1716336 bytes,    1716336 total
- age   2:    1745240 bytes,    3461576 total
- age   3:    1852928 bytes,    5314504 total
- age   4:     855416 bytes,    6169920 total
- age   5:     738632 bytes,    6908552 total
: 96538K->8805K(174784K), 0.0104935 secs] 284275K->197241K(444772K), 0.0105556 secs] [Times: user=0.06 sys=0.00, real=0.01 secs] 
Heap after GC invocations=132 (full 2):
 par new generation   total 174784K, used 8805K [0x000000060dc00000, 0x000000061dc00000, 0x00000006228c0000)
  eden space 87424K,   0% used [0x000000060dc00000, 0x000000060dc00000, 0x0000000613160000)
  from space 87360K,  10% used [0x0000000613160000, 0x00000006139f94e0, 0x00000006186b0000)
  to   space 87360K,   0% used [0x00000006186b0000, 0x00000006186b0000, 0x000000061dc00000)
 concurrent mark-sweep generation total 269988K, used 188436K [0x00000006228c0000, 0x0000000633069000, 0x00000007c0000000)
 concurrent-mark-sweep perm gen total 262144K, used 77856K [0x00000007c0000000, 0x00000007d0000000, 0x0000000800000000)
}
{Heap before GC invocations=132 (full 2):
 par new generation   total 174784K, used 96229K [0x000000060dc00000, 0x000000061dc00000, 0x00000006228c0000)
  eden space 87424K, 100% used [0x000000060dc00000, 0x0000000613160000, 0x0000000613160000)
  from space 87360K,  10% used [0x0000000613160000, 0x00000006139f94e0, 0x00000006186b0000)
  to   space 87360K,   0% used [0x00000006186b0000, 0x00000006186b0000, 0x000000061dc00000)
 concurrent mark-sweep generation total 269988K, used 188436K [0x00000006228c0000, 0x0000000633069000, 0x00000007c0000000)
 concurrent-mark-sweep perm gen total 262144K, used 78615K [0x00000007c0000000, 0x00000007d0000000, 0x0000000800000000)
63.067: [GC 63.067: [ParNew
Desired survivor size 89456640 bytes, new threshold 5 (max 5)
- age   1:    3020136 bytes,    3020136 total
- age   2:     914136 bytes,    3934272 total
- age   3:    1742024 bytes,    5676296 total
- age   4:    1838760 bytes,    7515056 total
- age   5:     854752 bytes,    8369808 total
: 96229K->9204K(174784K), 0.0117245 secs] 284665K->198383K(444772K), 0.0117925 secs] [Times: user=0.06 sys=0.00, real=0.01 secs] 
Heap after GC invocations=133 (full 2):
 par new generation   total 174784K, used 9204K [0x000000060dc00000, 0x000000061dc00000, 0x00000006228c0000)
  eden space 87424K,   0% used [0x000000060dc00000, 0x000000060dc00000, 0x0000000613160000)
  from space 87360K,  10% used [0x00000006186b0000, 0x0000000618fad2e0, 0x000000061dc00000)
  to   space 87360K,   0% used [0x0000000613160000, 0x0000000613160000, 0x00000006186b0000)
 concurrent mark-sweep generation total 269988K, used 189178K [0x00000006228c0000, 0x0000000633069000, 0x00000007c0000000)
 concurrent-mark-sweep perm gen total 262144K, used 78615K [0x00000007c0000000, 0x00000007d0000000, 0x0000000800000000)
}
{Heap before GC invocations=133 (full 2):
 par new generation   total 174784K, used 96628K [0x000000060dc00000, 0x000000061dc00000, 0x00000006228c0000)
  eden space 87424K, 100% used [0x000000060dc00000, 0x0000000613160000, 0x0000000613160000)
  from space 87360K,  10% used [0x00000006186b0000, 0x0000000618fad2e0, 0x000000061dc00000)
  to   space 87360K,   0% used [0x0000000613160000, 0x0000000613160000, 0x00000006186b0000)
 concurrent mark-sweep generation total 269988K, used 189178K [0x00000006228c0000, 0x0000000633069000, 0x00000007c0000000)
 concurrent-mark-sweep perm gen total 262144K, used 78990K [0x00000007c0000000, 0x00000007d0000000, 0x0000000800000000)
63.684: [GC 63.684: [ParNew
Desired survivor size 89456640 bytes, new threshold 5 (max 5)
- age   1:    1212616 bytes,    1212616 total
- age   2:    2118264 bytes,    3330880 total
- age   3:     914112 bytes,    4244992 total
- age   4:    1742112 bytes,    5987104 total
- age   5:    1839648 bytes,    7826752 total
: 96628K->9998K(174784K), 0.0117548 secs] 285807K->200032K(444772K), 0.0118208 secs] [Times: user=0.00 sys=0.00, real=0.01 secs] 
Heap after GC invocations=134 (full 2):
 par new generation   total 174784K, used 9998K [0x000000060dc00000, 0x000000061dc00000, 0x00000006228c0000)
  eden space 87424K,   0% used [0x000000060dc00000, 0x000000060dc00000, 0x0000000613160000)
  from space 87360K,  11% used [0x0000000613160000, 0x0000000613b23850, 0x00000006186b0000)
  to   space 87360K,   0% used [0x00000006186b0000, 0x00000006186b0000, 0x000000061dc00000)
 concurrent mark-sweep generation total 269988K, used 190034K [0x00000006228c0000, 0x0000000633069000, 0x00000007c0000000)
 concurrent-mark-sweep perm gen total 262144K, used 78990K [0x00000007c0000000, 0x00000007d0000000, 0x0000000800000000)
}
{Heap before GC invocations=134 (full 2):
 par new generation   total 174784K, used 97422K [0x000000060dc00000, 0x000000061dc00000, 0x00000006228c0000)
  eden space 87424K, 100% used [0x000000060dc00000, 0x0000000613160000, 0x0000000613160000)
  from space 87360K,  11% used [0x0000000613160000, 0x0000000613b23850, 0x00000006186b0000)
  to   space 87360K,   0% used [0x00000006186b0000, 0x00000006186b0000, 0x000000061dc00000)
 concurrent mark-sweep generation total 269988K, used 190034K [0x00000006228c0000, 0x0000000633069000, 0x00000007c0000000)
 concurrent-mark-sweep perm gen total 262144K, used 79389K [0x00000007c0000000, 0x00000007d0000000, 0x0000000800000000)
63.942: [GC 63.942: [ParNew
Desired survivor size 89456640 bytes, new threshold 5 (max 5)
- age   1:    2054720 bytes,    2054720 total
- age   2:     378336 bytes,    2433056 total
- age   3:    2097904 bytes,    4530960 total
- age   4:     914112 bytes,    5445072 total
- age   5:    1741872 bytes,    7186944 total
: 97422K->9114K(174784K), 0.0141191 secs] 287456K->200975K(444772K), 0.0141822 secs] [Times: user=0.06 sys=0.00, real=0.01 secs] 
Heap after GC invocations=135 (full 2):
 par new generation   total 174784K, used 9114K [0x000000060dc00000, 0x000000061dc00000, 0x00000006228c0000)
  eden space 87424K,   0% used [0x000000060dc00000, 0x000000060dc00000, 0x0000000613160000)
  from space 87360K,  10% used [0x00000006186b0000, 0x0000000618f96bb8, 0x000000061dc00000)
  to   space 87360K,   0% used [0x0000000613160000, 0x0000000613160000, 0x00000006186b0000)
 concurrent mark-sweep generation total 269988K, used 191860K [0x00000006228c0000, 0x0000000633069000, 0x00000007c0000000)
 concurrent-mark-sweep perm gen total 262144K, used 79389K [0x00000007c0000000, 0x00000007d0000000, 0x0000000800000000)
}
{Heap before GC invocations=135 (full 2):
 par new generation   total 174784K, used 96538K [0x000000060dc00000, 0x000000061dc00000, 0x00000006228c0000)
  eden space 87424K, 100% used [0x000000060dc00000, 0x0000000613160000, 0x0000000613160000)
  from space 87360K,  10% used [0x00000006186b0000, 0x0000000618f96bb8, 0x000000061dc00000)
  to   space 87360K,   0% used [0x0000000613160000, 0x0000000613160000, 0x00000006186b0000)
 concurrent mark-sweep generation total 269988K, used 191860K [0x00000006228c0000, 0x0000000633069000, 0x00000007c0000000)
 concurrent-mark-sweep perm gen total 262144K, used 80109K [0x00000007c0000000, 0x00000007d0000000, 0x0000000800000000)
64.224: [GC 64.224: [ParNew
Desired survivor size 89456640 bytes, new threshold 5 (max 5)
- age   1:    2358416 bytes,    2358416 total
- age   2:    1377968 bytes,    3736384 total
- age   3:     376688 bytes,    4113072 total
- age   4:    2097760 bytes,    6210832 total
- age   5:     914112 bytes,    7124944 total
: 96538K->9251K(174784K), 0.0129204 secs] 288399K->202853K(444772K), 0.0129868 secs] [Times: user=0.06 sys=0.00, real=0.01 secs] 
Heap after GC invocations=136 (full 2):
 par new generation   total 174784K, used 9251K [0x000000060dc00000, 0x000000061dc00000, 0x00000006228c0000)
  eden space 87424K,   0% used [0x000000060dc00000, 0x000000060dc00000, 0x0000000613160000)
  from space 87360K,  10% used [0x0000000613160000, 0x0000000613a68d38, 0x00000006186b0000)
  to   space 87360K,   0% used [0x00000006186b0000, 0x00000006186b0000, 0x000000061dc00000)
 concurrent mark-sweep generation total 269988K, used 193601K [0x00000006228c0000, 0x0000000633069000, 0x00000007c0000000)
 concurrent-mark-sweep perm gen total 262144K, used 80109K [0x00000007c0000000, 0x00000007d0000000, 0x0000000800000000)
}
{Heap before GC invocations=136 (full 2):
 par new generation   total 174784K, used 96675K [0x000000060dc00000, 0x000000061dc00000, 0x00000006228c0000)
  eden space 87424K, 100% used [0x000000060dc00000, 0x0000000613160000, 0x0000000613160000)
  from space 87360K,  10% used [0x0000000613160000, 0x0000000613a68d38, 0x00000006186b0000)
  to   space 87360K,   0% used [0x00000006186b0000, 0x00000006186b0000, 0x000000061dc00000)
 concurrent mark-sweep generation total 269988K, used 193601K [0x00000006228c0000, 0x0000000633069000, 0x00000007c0000000)
 concurrent-mark-sweep perm gen total 262144K, used 80868K [0x00000007c0000000, 0x00000007d0000000, 0x0000000800000000)
65.563: [GC 65.563: [ParNew
Desired survivor size 89456640 bytes, new threshold 5 (max 5)
- age   1:    2273480 bytes,    2273480 total
- age   2:    1617144 bytes,    3890624 total
- age   3:    1377864 bytes,    5268488 total
- age   4:     372584 bytes,    5641072 total
- age   5:    2097600 bytes,    7738672 total
: 96675K->9816K(174784K), 0.0137788 secs] 290277K->204314K(444772K), 0.0138429 secs] [Times: user=0.06 sys=0.00, real=0.01 secs] 
Heap after GC invocations=137 (full 2):
 par new generation   total 174784K, used 9816K [0x000000060dc00000, 0x000000061dc00000, 0x00000006228c0000)
  eden space 87424K,   0% used [0x000000060dc00000, 0x000000060dc00000, 0x0000000613160000)
  from space 87360K,  11% used [0x00000006186b0000, 0x00000006190461d8, 0x000000061dc00000)
  to   space 87360K,   0% used [0x0000000613160000, 0x0000000613160000, 0x00000006186b0000)
 concurrent mark-sweep generation total 269988K, used 194497K [0x00000006228c0000, 0x0000000633069000, 0x00000007c0000000)
 concurrent-mark-sweep perm gen total 262144K, used 80868K [0x00000007c0000000, 0x00000007d0000000, 0x0000000800000000)
}
{Heap before GC invocations=137 (full 2):
 par new generation   total 174784K, used 97240K [0x000000060dc00000, 0x000000061dc00000, 0x00000006228c0000)
  eden space 87424K, 100% used [0x000000060dc00000, 0x0000000613160000, 0x0000000613160000)
  from space 87360K,  11% used [0x00000006186b0000, 0x00000006190461d8, 0x000000061dc00000)
  to   space 87360K,   0% used [0x0000000613160000, 0x0000000613160000, 0x00000006186b0000)
 concurrent mark-sweep generation total 269988K, used 194497K [0x00000006228c0000, 0x0000000633069000, 0x00000007c0000000)
 concurrent-mark-sweep perm gen total 262144K, used 81477K [0x00000007c0000000, 0x00000007d0000000, 0x0000000800000000)
66.196: [GC 66.196: [ParNew
Desired survivor size 89456640 bytes, new threshold 5 (max 5)
- age   1:    2393200 bytes,    2393200 total
- age   2:    1302776 bytes,    3695976 total
- age   3:    1600824 bytes,    5296800 total
- age   4:    1377864 bytes,    6674664 total
- age   5:     372560 bytes,    7047224 total
: 97240K->8201K(174784K), 0.0146456 secs] 291738K->204780K(444772K), 0.0147082 secs] [Times: user=0.00 sys=0.00, real=0.02 secs] 
Heap after GC invocations=138 (full 2):
 par new generation   total 174784K, used 8201K [0x000000060dc00000, 0x000000061dc00000, 0x00000006228c0000)
  eden space 87424K,   0% used [0x000000060dc00000, 0x000000060dc00000, 0x0000000613160000)
  from space 87360K,   9% used [0x0000000613160000, 0x00000006139624a8, 0x00000006186b0000)
  to   space 87360K,   0% used [0x00000006186b0000, 0x00000006186b0000, 0x000000061dc00000)
 concurrent mark-sweep generation total 269988K, used 196579K [0x00000006228c0000, 0x0000000633069000, 0x00000007c0000000)
 concurrent-mark-sweep perm gen total 262144K, used 81477K [0x00000007c0000000, 0x00000007d0000000, 0x0000000800000000)
}
{Heap before GC invocations=138 (full 2):
 par new generation   total 174784K, used 95625K [0x000000060dc00000, 0x000000061dc00000, 0x00000006228c0000)
  eden space 87424K, 100% used [0x000000060dc00000, 0x0000000613160000, 0x0000000613160000)
  from space 87360K,   9% used [0x0000000613160000, 0x00000006139624a8, 0x00000006186b0000)
  to   space 87360K,   0% used [0x00000006186b0000, 0x00000006186b0000, 0x000000061dc00000)
 concurrent mark-sweep generation total 269988K, used 196579K [0x00000006228c0000, 0x0000000633069000, 0x00000007c0000000)
 concurrent-mark-sweep perm gen total 262144K, used 82030K [0x00000007c0000000, 0x00000007d0000000, 0x0000000800000000)
66.704: [GC 66.704: [ParNew
Desired survivor size 89456640 bytes, new threshold 5 (max 5)
- age   1:    1797104 bytes,    1797104 total
- age   2:    1540304 bytes,    3337408 total
- age   3:    1296928 bytes,    4634336 total
- age   4:    1600680 bytes,    6235016 total
- age   5:    1377864 bytes,    7612880 total
: 95625K->10600K(174784K), 0.0124906 secs] 292204K->207546K(444772K), 0.0125703 secs] [Times: user=0.06 sys=0.00, real=0.01 secs] 
Heap after GC invocations=139 (full 2):
 par new generation   total 174784K, used 10600K [0x000000060dc00000, 0x000000061dc00000, 0x00000006228c0000)
  eden space 87424K,   0% used [0x000000060dc00000, 0x000000060dc00000, 0x0000000613160000)
  from space 87360K,  12% used [0x00000006186b0000, 0x000000061910a140, 0x000000061dc00000)
  to   space 87360K,   0% used [0x0000000613160000, 0x0000000613160000, 0x00000006186b0000)
 concurrent mark-sweep generation total 269988K, used 196945K [0x00000006228c0000, 0x0000000633069000, 0x00000007c0000000)
 concurrent-mark-sweep perm gen total 262144K, used 82030K [0x00000007c0000000, 0x00000007d0000000, 0x0000000800000000)
}
{Heap before GC invocations=139 (full 2):
 par new generation   total 174784K, used 98024K [0x000000060dc00000, 0x000000061dc00000, 0x00000006228c0000)
  eden space 87424K, 100% used [0x000000060dc00000, 0x0000000613160000, 0x0000000613160000)
  from space 87360K,  12% used [0x00000006186b0000, 0x000000061910a140, 0x000000061dc00000)
  to   space 87360K,   0% used [0x0000000613160000, 0x0000000613160000, 0x00000006186b0000)
 concurrent mark-sweep generation total 269988K, used 196945K [0x00000006228c0000, 0x0000000633069000, 0x00000007c0000000)
 concurrent-mark-sweep perm gen total 262144K, used 82390K [0x00000007c0000000, 0x00000007d0000000, 0x0000000800000000)
67.135: [GC 67.135: [ParNew
Desired survivor size 89456640 bytes, new threshold 5 (max 5)
- age   1:    3586496 bytes,    3586496 total
- age   2:     614936 bytes,    4201432 total
- age   3:    1477216 bytes,    5678648 total
- age   4:    1296752 bytes,    6975400 total
- age   5:    1600544 bytes,    8575944 total
: 98024K->10172K(174784K), 0.0138331 secs] 294970K->208498K(444772K), 0.0139196 secs] [Times: user=0.03 sys=0.00, real=0.01 secs] 
Heap after GC invocations=140 (full 2):
 par new generation   total 174784K, used 10172K [0x000000060dc00000, 0x000000061dc00000, 0x00000006228c0000)
  eden space 87424K,   0% used [0x000000060dc00000, 0x000000060dc00000, 0x0000000613160000)
  from space 87360K,  11% used [0x0000000613160000, 0x0000000613b4f248, 0x00000006186b0000)
  to   space 87360K,   0% used [0x00000006186b0000, 0x00000006186b0000, 0x000000061dc00000)
 concurrent mark-sweep generation total 269988K, used 198325K [0x00000006228c0000, 0x0000000633069000, 0x00000007c0000000)
 concurrent-mark-sweep perm gen total 262144K, used 82390K [0x00000007c0000000, 0x00000007d0000000, 0x0000000800000000)
}
{Heap before GC invocations=140 (full 2):
 par new generation   total 174784K, used 97596K [0x000000060dc00000, 0x000000061dc00000, 0x00000006228c0000)
  eden space 87424K, 100% used [0x000000060dc00000, 0x0000000613160000, 0x0000000613160000)
  from space 87360K,  11% used [0x0000000613160000, 0x0000000613b4f248, 0x00000006186b0000)
  to   space 87360K,   0% used [0x00000006186b0000, 0x00000006186b0000, 0x000000061dc00000)
 concurrent mark-sweep generation total 269988K, used 198325K [0x00000006228c0000, 0x0000000633069000, 0x00000007c0000000)
 concurrent-mark-sweep perm gen total 262144K, used 82647K [0x00000007c0000000, 0x00000007d0000000, 0x0000000800000000)
68.181: [GC 68.181: [ParNew
Desired survivor size 89456640 bytes, new threshold 5 (max 5)
- age   1:    6263752 bytes,    6263752 total
- age   2:    2837816 bytes,    9101568 total
- age   3:     613424 bytes,    9714992 total
- age   4:    1477216 bytes,   11192208 total
- age   5:    1296752 bytes,   12488960 total
: 97596K->13827K(174784K), 0.0182522 secs] 295922K->213722K(444772K), 0.0183358 secs] [Times: user=0.05 sys=0.00, real=0.02 secs] 
Heap after GC invocations=141 (full 2):
 par new generation   total 174784K, used 13827K [0x000000060dc00000, 0x000000061dc00000, 0x00000006228c0000)
  eden space 87424K,   0% used [0x000000060dc00000, 0x000000060dc00000, 0x0000000613160000)
  from space 87360K,  15% used [0x00000006186b0000, 0x0000000619430e68, 0x000000061dc00000)
  to   space 87360K,   0% used [0x0000000613160000, 0x0000000613160000, 0x00000006186b0000)
 concurrent mark-sweep generation total 269988K, used 199895K [0x00000006228c0000, 0x0000000633069000, 0x00000007c0000000)
 concurrent-mark-sweep perm gen total 262144K, used 82647K [0x00000007c0000000, 0x00000007d0000000, 0x0000000800000000)
}
{Heap before GC invocations=141 (full 2):
 par new generation   total 174784K, used 101251K [0x000000060dc00000, 0x000000061dc00000, 0x00000006228c0000)
  eden space 87424K, 100% used [0x000000060dc00000, 0x0000000613160000, 0x0000000613160000)
  from space 87360K,  15% used [0x00000006186b0000, 0x0000000619430e68, 0x000000061dc00000)
  to   space 87360K,   0% used [0x0000000613160000, 0x0000000613160000, 0x00000006186b0000)
 concurrent mark-sweep generation total 269988K, used 199895K [0x00000006228c0000, 0x0000000633069000, 0x00000007c0000000)
 concurrent-mark-sweep perm gen total 262144K, used 82650K [0x00000007c0000000, 0x00000007d0000000, 0x0000000800000000)
68.866: [GC 68.866: [ParNew
Desired survivor size 89456640 bytes, new threshold 5 (max 5)
- age   1:    5361536 bytes,    5361536 total
- age   2:    4890608 bytes,   10252144 total
- age   3:    2763336 bytes,   13015480 total
- age   4:     571600 bytes,   13587080 total
- age   5:    1477216 bytes,   15064296 total
: 101251K->19477K(174784K), 0.0167391 secs] 301146K->220651K(444772K), 0.0167992 secs] [Times: user=0.05 sys=0.02, real=0.02 secs] 
Heap after GC invocations=142 (full 2):
 par new generation   total 174784K, used 19477K [0x000000060dc00000, 0x000000061dc00000, 0x00000006228c0000)
  eden space 87424K,   0% used [0x000000060dc00000, 0x000000060dc00000, 0x0000000613160000)
  from space 87360K,  22% used [0x0000000613160000, 0x0000000614465630, 0x00000006186b0000)
  to   space 87360K,   0% used [0x00000006186b0000, 0x00000006186b0000, 0x000000061dc00000)
 concurrent mark-sweep generation total 269988K, used 201173K [0x00000006228c0000, 0x0000000633069000, 0x00000007c0000000)
 concurrent-mark-sweep perm gen total 262144K, used 82650K [0x00000007c0000000, 0x00000007d0000000, 0x0000000800000000)
}
{Heap before GC invocations=142 (full 2):
 par new generation   total 174784K, used 106901K [0x000000060dc00000, 0x000000061dc00000, 0x00000006228c0000)
  eden space 87424K, 100% used [0x000000060dc00000, 0x0000000613160000, 0x0000000613160000)
  from space 87360K,  22% used [0x0000000613160000, 0x0000000614465630, 0x00000006186b0000)
  to   space 87360K,   0% used [0x00000006186b0000, 0x00000006186b0000, 0x000000061dc00000)
 concurrent mark-sweep generation total 269988K, used 201173K [0x00000006228c0000, 0x0000000633069000, 0x00000007c0000000)
 concurrent-mark-sweep perm gen total 262144K, used 82650K [0x00000007c0000000, 0x00000007d0000000, 0x0000000800000000)
69.425: [GC 69.425: [ParNew
Desired survivor size 89456640 bytes, new threshold 5 (max 5)
- age   1:    4066472 bytes,    4066472 total
- age   2:    4825168 bytes,    8891640 total
- age   3:    3838016 bytes,   12729656 total
- age   4:    2763336 bytes,   15492992 total
- age   5:     571600 bytes,   16064592 total
: 106901K->19953K(174784K), 0.0153179 secs] 308075K->222577K(444772K), 0.0154127 secs] [Times: user=0.05 sys=0.01, real=0.02 secs] 
Heap after GC invocations=143 (full 2):
 par new generation   total 174784K, used 19953K [0x000000060dc00000, 0x000000061dc00000, 0x00000006228c0000)
  eden space 87424K,   0% used [0x000000060dc00000, 0x000000060dc00000, 0x0000000613160000)
  from space 87360K,  22% used [0x00000006186b0000, 0x0000000619a2c5f8, 0x000000061dc00000)
  to   space 87360K,   0% used [0x0000000613160000, 0x0000000613160000, 0x00000006186b0000)
 concurrent mark-sweep generation total 269988K, used 202624K [0x00000006228c0000, 0x0000000633069000, 0x00000007c0000000)
 concurrent-mark-sweep perm gen total 262144K, used 82650K [0x00000007c0000000, 0x00000007d0000000, 0x0000000800000000)
}
{Heap before GC invocations=143 (full 2):
 par new generation   total 174784K, used 107377K [0x000000060dc00000, 0x000000061dc00000, 0x00000006228c0000)
  eden space 87424K, 100% used [0x000000060dc00000, 0x0000000613160000, 0x0000000613160000)
  from space 87360K,  22% used [0x00000006186b0000, 0x0000000619a2c5f8, 0x000000061dc00000)
  to   space 87360K,   0% used [0x0000000613160000, 0x0000000613160000, 0x00000006186b0000)
 concurrent mark-sweep generation total 269988K, used 202624K [0x00000006228c0000, 0x0000000633069000, 0x00000007c0000000)
 concurrent-mark-sweep perm gen total 262144K, used 82650K [0x00000007c0000000, 0x00000007d0000000, 0x0000000800000000)
69.973: [GC 69.973: [ParNew
Desired survivor size 89456640 bytes, new threshold 5 (max 5)
- age   1:    5804640 bytes,    5804640 total
- age   2:    3471384 bytes,    9276024 total
- age   3:    2549952 bytes,   11825976 total
- age   4:    3833144 bytes,   15659120 total
- age   5:    2763336 bytes,   18422456 total
: 107377K->21553K(174784K), 0.0146476 secs] 310001K->224740K(444772K), 0.0147165 secs] [Times: user=0.02 sys=0.00, real=0.02 secs] 
Heap after GC invocations=144 (full 2):
 par new generation   total 174784K, used 21553K [0x000000060dc00000, 0x000000061dc00000, 0x00000006228c0000)
  eden space 87424K,   0% used [0x000000060dc00000, 0x000000060dc00000, 0x0000000613160000)
  from space 87360K,  24% used [0x0000000613160000, 0x000000061466c438, 0x00000006186b0000)
  to   space 87360K,   0% used [0x00000006186b0000, 0x00000006186b0000, 0x000000061dc00000)
 concurrent mark-sweep generation total 269988K, used 203187K [0x00000006228c0000, 0x0000000633069000, 0x00000007c0000000)
 concurrent-mark-sweep perm gen total 262144K, used 82650K [0x00000007c0000000, 0x00000007d0000000, 0x0000000800000000)
}
{Heap before GC invocations=144 (full 2):
 par new generation   total 174784K, used 108977K [0x000000060dc00000, 0x000000061dc00000, 0x00000006228c0000)
  eden space 87424K, 100% used [0x000000060dc00000, 0x0000000613160000, 0x0000000613160000)
  from space 87360K,  24% used [0x0000000613160000, 0x000000061466c438, 0x00000006186b0000)
  to   space 87360K,   0% used [0x00000006186b0000, 0x00000006186b0000, 0x000000061dc00000)
 concurrent mark-sweep generation total 269988K, used 203187K [0x00000006228c0000, 0x0000000633069000, 0x00000007c0000000)
 concurrent-mark-sweep perm gen total 262144K, used 82652K [0x00000007c0000000, 0x00000007d0000000, 0x0000000800000000)
70.617: [GC 70.617: [ParNew
Desired survivor size 89456640 bytes, new threshold 5 (max 5)
- age   1:    3797448 bytes,    3797448 total
- age   2:    3002176 bytes,    6799624 total
- age   3:    1007592 bytes,    7807216 total
- age   4:    2254832 bytes,   10062048 total
- age   5:    3833144 bytes,   13895192 total
: 108977K->17057K(174784K), 0.0167205 secs] 312164K->223019K(444772K), 0.0169126 secs] [Times: user=0.06 sys=0.00, real=0.02 secs] 
Heap after GC invocations=145 (full 2):
 par new generation   total 174784K, used 17057K [0x000000060dc00000, 0x000000061dc00000, 0x00000006228c0000)
  eden space 87424K,   0% used [0x000000060dc00000, 0x000000060dc00000, 0x0000000613160000)
  from space 87360K,  19% used [0x00000006186b0000, 0x0000000619758608, 0x000000061dc00000)
  to   space 87360K,   0% used [0x0000000613160000, 0x0000000613160000, 0x00000006186b0000)
 concurrent mark-sweep generation total 269988K, used 205962K [0x00000006228c0000, 0x0000000633069000, 0x00000007c0000000)
 concurrent-mark-sweep perm gen total 262144K, used 82652K [0x00000007c0000000, 0x00000007d0000000, 0x0000000800000000)
}
{Heap before GC invocations=145 (full 2):
 par new generation   total 174784K, used 104481K [0x000000060dc00000, 0x000000061dc00000, 0x00000006228c0000)
  eden space 87424K, 100% used [0x000000060dc00000, 0x0000000613160000, 0x0000000613160000)
  from space 87360K,  19% used [0x00000006186b0000, 0x0000000619758608, 0x000000061dc00000)
  to   space 87360K,   0% used [0x0000000613160000, 0x0000000613160000, 0x00000006186b0000)
 concurrent mark-sweep generation total 269988K, used 205962K [0x00000006228c0000, 0x0000000633069000, 0x00000007c0000000)
 concurrent-mark-sweep perm gen total 262144K, used 82652K [0x00000007c0000000, 0x00000007d0000000, 0x0000000800000000)
71.417: [GC 71.417: [ParNew
Desired survivor size 89456640 bytes, new threshold 5 (max 5)
- age   1:    3500880 bytes,    3500880 total
- age   2:    3309872 bytes,    6810752 total
- age   3:     877704 bytes,    7688456 total
- age   4:    1002920 bytes,    8691376 total
- age   5:    2254832 bytes,   10946208 total
: 104481K->13906K(174784K), 0.0159696 secs] 310443K->223629K(444772K), 0.0160414 secs] [Times: user=0.06 sys=0.00, real=0.02 secs] 
Heap after GC invocations=146 (full 2):
 par new generation   total 174784K, used 13906K [0x000000060dc00000, 0x000000061dc00000, 0x00000006228c0000)
  eden space 87424K,   0% used [0x000000060dc00000, 0x000000060dc00000, 0x0000000613160000)
  from space 87360K,  15% used [0x0000000613160000, 0x0000000613ef4838, 0x00000006186b0000)
  to   space 87360K,   0% used [0x00000006186b0000, 0x00000006186b0000, 0x000000061dc00000)
 concurrent mark-sweep generation total 269988K, used 209723K [0x00000006228c0000, 0x0000000633069000, 0x00000007c0000000)
 concurrent-mark-sweep perm gen total 262144K, used 82652K [0x00000007c0000000, 0x00000007d0000000, 0x0000000800000000)
}
{Heap before GC invocations=146 (full 2):
 par new generation   total 174784K, used 101330K [0x000000060dc00000, 0x000000061dc00000, 0x00000006228c0000)
  eden space 87424K, 100% used [0x000000060dc00000, 0x0000000613160000, 0x0000000613160000)
  from space 87360K,  15% used [0x0000000613160000, 0x0000000613ef4838, 0x00000006186b0000)
  to   space 87360K,   0% used [0x00000006186b0000, 0x00000006186b0000, 0x000000061dc00000)
 concurrent mark-sweep generation total 269988K, used 209723K [0x00000006228c0000, 0x0000000633069000, 0x00000007c0000000)
 concurrent-mark-sweep perm gen total 262144K, used 82656K [0x00000007c0000000, 0x00000007d0000000, 0x0000000800000000)
72.027: [GC 72.027: [ParNew
Desired survivor size 89456640 bytes, new threshold 5 (max 5)
- age   1:    3807136 bytes,    3807136 total
- age   2:    2914400 bytes,    6721536 total
- age   3:    1337480 bytes,    8059016 total
- age   4:     849040 bytes,    8908056 total
- age   5:    1002920 bytes,    9910976 total
: 101330K->11897K(174784K), 0.0100408 secs] 311053K->223827K(444772K), 0.0100990 secs] [Times: user=0.06 sys=0.00, real=0.01 secs] 
Heap after GC invocations=147 (full 2):
 par new generation   total 174784K, used 11897K [0x000000060dc00000, 0x000000061dc00000, 0x00000006228c0000)
  eden space 87424K,   0% used [0x000000060dc00000, 0x000000060dc00000, 0x0000000613160000)
  from space 87360K,  13% used [0x00000006186b0000, 0x000000061924e420, 0x000000061dc00000)
  to   space 87360K,   0% used [0x0000000613160000, 0x0000000613160000, 0x00000006186b0000)
 concurrent mark-sweep generation total 269988K, used 211930K [0x00000006228c0000, 0x0000000633069000, 0x00000007c0000000)
 concurrent-mark-sweep perm gen total 262144K, used 82656K [0x00000007c0000000, 0x00000007d0000000, 0x0000000800000000)
}
{Heap before GC invocations=147 (full 2):
 par new generation   total 174784K, used 99321K [0x000000060dc00000, 0x000000061dc00000, 0x00000006228c0000)
  eden space 87424K, 100% used [0x000000060dc00000, 0x0000000613160000, 0x0000000613160000)
  from space 87360K,  13% used [0x00000006186b0000, 0x000000061924e420, 0x000000061dc00000)
  to   space 87360K,   0% used [0x0000000613160000, 0x0000000613160000, 0x00000006186b0000)
 concurrent mark-sweep generation total 269988K, used 211930K [0x00000006228c0000, 0x0000000633069000, 0x00000007c0000000)
 concurrent-mark-sweep perm gen total 262144K, used 82656K [0x00000007c0000000, 0x00000007d0000000, 0x0000000800000000)
72.700: [GC 72.700: [ParNew
Desired survivor size 89456640 bytes, new threshold 5 (max 5)
- age   1:    5238536 bytes,    5238536 total
- age   2:    3196032 bytes,    8434568 total
- age   3:     546648 bytes,    8981216 total
- age   4:    1338864 bytes,   10320080 total
- age   5:     844776 bytes,   11164856 total
: 99321K->12905K(174784K), 0.0097333 secs] 311251K->225820K(444772K), 0.0097954 secs] [Times: user=0.05 sys=0.00, real=0.01 secs] 
Heap after GC invocations=148 (full 2):
 par new generation   total 174784K, used 12905K [0x000000060dc00000, 0x000000061dc00000, 0x00000006228c0000)
  eden space 87424K,   0% used [0x000000060dc00000, 0x000000060dc00000, 0x0000000613160000)
  from space 87360K,  14% used [0x0000000613160000, 0x0000000613dfa6c8, 0x00000006186b0000)
  to   space 87360K,   0% used [0x00000006186b0000, 0x00000006186b0000, 0x000000061dc00000)
 concurrent mark-sweep generation total 269988K, used 212914K [0x00000006228c0000, 0x0000000633069000, 0x00000007c0000000)
 concurrent-mark-sweep perm gen total 262144K, used 82656K [0x00000007c0000000, 0x00000007d0000000, 0x0000000800000000)
}
{Heap before GC invocations=148 (full 2):
 par new generation   total 174784K, used 100329K [0x000000060dc00000, 0x000000061dc00000, 0x00000006228c0000)
  eden space 87424K, 100% used [0x000000060dc00000, 0x0000000613160000, 0x0000000613160000)
  from space 87360K,  14% used [0x0000000613160000, 0x0000000613dfa6c8, 0x00000006186b0000)
  to   space 87360K,   0% used [0x00000006186b0000, 0x00000006186b0000, 0x000000061dc00000)
 concurrent mark-sweep generation total 269988K, used 212914K [0x00000006228c0000, 0x0000000633069000, 0x00000007c0000000)
 concurrent-mark-sweep perm gen total 262144K, used 82656K [0x00000007c0000000, 0x00000007d0000000, 0x0000000800000000)
73.527: [GC 73.527: [ParNew
Desired survivor size 89456640 bytes, new threshold 5 (max 5)
- age   1:    3778160 bytes,    3778160 total
- age   2:    3593480 bytes,    7371640 total
- age   3:     898632 bytes,    8270272 total
- age   4:     540920 bytes,    8811192 total
- age   5:    1337136 bytes,   10148328 total
: 100329K->12081K(174784K), 0.0099264 secs] 313244K->225826K(444772K), 0.0099856 secs] [Times: user=0.05 sys=0.00, real=0.01 secs] 
Heap after GC invocations=149 (full 2):
 par new generation   total 174784K, used 12081K [0x000000060dc00000, 0x000000061dc00000, 0x00000006228c0000)
  eden space 87424K,   0% used [0x000000060dc00000, 0x000000060dc00000, 0x0000000613160000)
  from space 87360K,  13% used [0x00000006186b0000, 0x000000061927c498, 0x000000061dc00000)
  to   space 87360K,   0% used [0x0000000613160000, 0x0000000613160000, 0x00000006186b0000)
 concurrent mark-sweep generation total 269988K, used 213745K [0x00000006228c0000, 0x0000000633069000, 0x00000007c0000000)
 concurrent-mark-sweep perm gen total 262144K, used 82656K [0x00000007c0000000, 0x00000007d0000000, 0x0000000800000000)
}
{Heap before GC invocations=149 (full 2):
 par new generation   total 174784K, used 99505K [0x000000060dc00000, 0x000000061dc00000, 0x00000006228c0000)
  eden space 87424K, 100% used [0x000000060dc00000, 0x0000000613160000, 0x0000000613160000)
  from space 87360K,  13% used [0x00000006186b0000, 0x000000061927c498, 0x000000061dc00000)
  to   space 87360K,   0% used [0x0000000613160000, 0x0000000613160000, 0x00000006186b0000)
 concurrent mark-sweep generation total 269988K, used 213745K [0x00000006228c0000, 0x0000000633069000, 0x00000007c0000000)
 concurrent-mark-sweep perm gen total 262144K, used 82656K [0x00000007c0000000, 0x00000007d0000000, 0x0000000800000000)
74.277: [GC 74.277: [ParNew
Desired survivor size 89456640 bytes, new threshold 5 (max 5)
- age   1:    3022360 bytes,    3022360 total
- age   2:    3215064 bytes,    6237424 total
- age   3:    1069696 bytes,    7307120 total
- age   4:     875872 bytes,    8182992 total
- age   5:     541472 bytes,    8724464 total
: 99505K->10561K(174784K), 0.0096218 secs] 313250K->225619K(444772K), 0.0096839 secs] [Times: user=0.00 sys=0.00, real=0.01 secs] 
Heap after GC invocations=150 (full 2):
 par new generation   total 174784K, used 10561K [0x000000060dc00000, 0x000000061dc00000, 0x00000006228c0000)
  eden space 87424K,   0% used [0x000000060dc00000, 0x000000060dc00000, 0x0000000613160000)
  from space 87360K,  12% used [0x0000000613160000, 0x0000000613bb0710, 0x00000006186b0000)
  to   space 87360K,   0% used [0x00000006186b0000, 0x00000006186b0000, 0x000000061dc00000)
 concurrent mark-sweep generation total 269988K, used 215057K [0x00000006228c0000, 0x0000000633069000, 0x00000007c0000000)
 concurrent-mark-sweep perm gen total 262144K, used 82656K [0x00000007c0000000, 0x00000007d0000000, 0x0000000800000000)
}
{Heap before GC invocations=150 (full 2):
 par new generation   total 174784K, used 97985K [0x000000060dc00000, 0x000000061dc00000, 0x00000006228c0000)
  eden space 87424K, 100% used [0x000000060dc00000, 0x0000000613160000, 0x0000000613160000)
  from space 87360K,  12% used [0x0000000613160000, 0x0000000613bb0710, 0x00000006186b0000)
  to   space 87360K,   0% used [0x00000006186b0000, 0x00000006186b0000, 0x000000061dc00000)
 concurrent mark-sweep generation total 269988K, used 215057K [0x00000006228c0000, 0x0000000633069000, 0x00000007c0000000)
 concurrent-mark-sweep perm gen total 262144K, used 82656K [0x00000007c0000000, 0x00000007d0000000, 0x0000000800000000)
74.908: [GC 74.908: [ParNew
Desired survivor size 89456640 bytes, new threshold 5 (max 5)
- age   1:   11548904 bytes,   11548904 total
- age   2:    2608512 bytes,   14157416 total
- age   3:     931816 bytes,   15089232 total
- age   4:    1061264 bytes,   16150496 total
- age   5:     873568 bytes,   17024064 total
: 97985K->18160K(174784K), 0.0097739 secs] 313043K->233751K(444772K), 0.0098384 secs] [Times: user=0.01 sys=0.00, real=0.01 secs] 
Heap after GC invocations=151 (full 2):
 par new generation   total 174784K, used 18160K [0x000000060dc00000, 0x000000061dc00000, 0x00000006228c0000)
  eden space 87424K,   0% used [0x000000060dc00000, 0x000000060dc00000, 0x0000000613160000)
  from space 87360K,  20% used [0x00000006186b0000, 0x000000061986c108, 0x000000061dc00000)
  to   space 87360K,   0% used [0x0000000613160000, 0x0000000613160000, 0x00000006186b0000)
 concurrent mark-sweep generation total 269988K, used 215591K [0x00000006228c0000, 0x0000000633069000, 0x00000007c0000000)
 concurrent-mark-sweep perm gen total 262144K, used 82656K [0x00000007c0000000, 0x00000007d0000000, 0x0000000800000000)
}
{Heap before GC invocations=151 (full 2):
 par new generation   total 174784K, used 68278K [0x000000060dc00000, 0x000000061dc00000, 0x00000006228c0000)
  eden space 87424K,  57% used [0x000000060dc00000, 0x0000000610cf17a0, 0x0000000613160000)
  from space 87360K,  20% used [0x00000006186b0000, 0x000000061986c108, 0x000000061dc00000)
  to   space 87360K,   0% used [0x0000000613160000, 0x0000000613160000, 0x00000006186b0000)
 concurrent mark-sweep generation total 269988K, used 215591K [0x00000006228c0000, 0x0000000633069000, 0x00000007c0000000)
 concurrent-mark-sweep perm gen total 262144K, used 82658K [0x00000007c0000000, 0x00000007d0000000, 0x0000000800000000)
76.795: [GC 76.795: [ParNew
Desired survivor size 89456640 bytes, new threshold 5 (max 5)
- age   1:    2770328 bytes,    2770328 total
- age   2:    2577592 bytes,    5347920 total
- age   3:     857768 bytes,    6205688 total
- age   4:     878624 bytes,    7084312 total
- age   5:    1048400 bytes,    8132712 total
: 68278K->10896K(174784K), 0.0113975 secs]76.806: [CMS: 216441K->177032K(269988K), 0.7028864 secs] 283869K->177032K(444772K), [CMS Perm : 82658K->82534K(262144K)], 0.7143978 secs] [Times: user=0.72 sys=0.02, real=0.72 secs] 
Heap after GC invocations=152 (full 3):
 par new generation   total 174784K, used 0K [0x000000060dc00000, 0x000000061dc00000, 0x00000006228c0000)
  eden space 87424K,   0% used [0x000000060dc00000, 0x000000060dc00000, 0x0000000613160000)
  from space 87360K,   0% used [0x0000000613160000, 0x0000000613160000, 0x00000006186b0000)
  to   space 87360K,   0% used [0x00000006186b0000, 0x00000006186b0000, 0x000000061dc00000)
 concurrent mark-sweep generation total 269988K, used 177032K [0x00000006228c0000, 0x0000000633069000, 0x00000007c0000000)
 concurrent-mark-sweep perm gen total 262144K, used 82534K [0x00000007c0000000, 0x00000007d0000000, 0x0000000800000000)
}
77.561: [GC [1 CMS-initial-mark: 308104K(401064K)] 308106K(575848K), 0.0007920 secs] [Times: user=0.00 sys=0.00, real=0.00 secs] 
77.561: [CMS-concurrent-mark-start]
77.920: [CMS-concurrent-mark: 0.358/0.358 secs] [Times: user=0.69 sys=0.02, real=0.36 secs] 
77.920: [CMS-concurrent-preclean-start]
77.930: [CMS-concurrent-preclean: 0.008/0.010 secs] [Times: user=0.03 sys=0.00, real=0.01 secs] 
77.930: [GC[YG occupancy: 1661 K (174784 K)]77.931: [Rescan (parallel) , 0.0009440 secs]77.931: [weak refs processing, 0.0000450 secs]77.932: [class unloading, 0.0078217 secs]77.939: [scrub symbol table, 0.0139069 secs]77.953: [scrub string table, 0.0017473 secs] [1 CMS-remark: 308104K(401064K)] 309766K(575848K), 0.0275748 secs] [Times: user=0.02 sys=0.02, real=0.03 secs] 
77.958: [CMS-concurrent-sweep-start]
78.059: [CMS-concurrent-sweep: 0.100/0.100 secs] [Times: user=0.16 sys=0.02, real=0.10 secs] 
78.059: [CMS-concurrent-reset-start]
78.076: [CMS-concurrent-reset: 0.017/0.017 secs] [Times: user=0.01 sys=0.00, real=0.02 secs] 
{Heap before GC invocations=152 (full 4):
 par new generation   total 174784K, used 8331K [0x000000060dc00000, 0x000000061dc00000, 0x00000006228c0000)
  eden space 87424K,   9% used [0x000000060dc00000, 0x000000060e422f30, 0x0000000613160000)
  from space 87360K,   0% used [0x0000000613160000, 0x0000000613160000, 0x00000006186b0000)
  to   space 87360K,   0% used [0x00000006186b0000, 0x00000006186b0000, 0x000000061dc00000)
 concurrent mark-sweep generation total 434172K, used 303917K [0x00000006228c0000, 0x000000063d0bf000, 0x00000007c0000000)
 concurrent-mark-sweep perm gen total 262144K, used 82536K [0x00000007c0000000, 0x00000007d0000000, 0x0000000800000000)
78.254: [GC 78.254: [ParNew
Desired survivor size 89456640 bytes, new threshold 5 (max 5)
- age   1:     503072 bytes,     503072 total
: 8331K->2803K(174784K), 0.0073910 secs]78.262: [CMS: 303917K->165072K(434172K), 0.6683743 secs] 312249K->165072K(608956K), [CMS Perm : 82536K->82536K(262144K)], 0.6758592 secs] [Times: user=0.66 sys=0.00, real=0.67 secs] 
Heap after GC invocations=153 (full 5):
 par new generation   total 174784K, used 0K [0x000000060dc00000, 0x000000061dc00000, 0x00000006228c0000)
  eden space 87424K,   0% used [0x000000060dc00000, 0x000000060dc00000, 0x0000000613160000)
  from space 87360K,   0% used [0x00000006186b0000, 0x00000006186b0000, 0x000000061dc00000)
  to   space 87360K,   0% used [0x0000000613160000, 0x0000000613160000, 0x00000006186b0000)
 concurrent mark-sweep generation total 434172K, used 165072K [0x00000006228c0000, 0x000000063d0bf000, 0x00000007c0000000)
 concurrent-mark-sweep perm gen total 262144K, used 82536K [0x00000007c0000000, 0x00000007d0000000, 0x0000000800000000)
}
{Heap before GC invocations=153 (full 5):
 par new generation   total 174784K, used 87424K [0x000000060dc00000, 0x000000061dc00000, 0x00000006228c0000)
  eden space 87424K, 100% used [0x000000060dc00000, 0x0000000613160000, 0x0000000613160000)
  from space 87360K,   0% used [0x00000006186b0000, 0x00000006186b0000, 0x000000061dc00000)
  to   space 87360K,   0% used [0x0000000613160000, 0x0000000613160000, 0x00000006186b0000)
 concurrent mark-sweep generation total 434172K, used 427216K [0x00000006228c0000, 0x000000063d0bf000, 0x00000007c0000000)
 concurrent-mark-sweep perm gen total 262144K, used 82536K [0x00000007c0000000, 0x00000007d0000000, 0x0000000800000000)
79.719: [GC 79.719: [ParNew
Desired survivor size 89456640 bytes, new threshold 5 (max 5)
- age   1:        328 bytes,        328 total
: 87424K->359K(174784K), 0.0088200 secs] 514640K->427576K(608956K), 0.0088792 secs] [Times: user=0.06 sys=0.00, real=0.01 secs] 
Heap after GC invocations=154 (full 5):
 par new generation   total 174784K, used 359K [0x000000060dc00000, 0x000000061dc00000, 0x00000006228c0000)
  eden space 87424K,   0% used [0x000000060dc00000, 0x000000060dc00000, 0x0000000613160000)
  from space 87360K,   0% used [0x0000000613160000, 0x00000006131b9de0, 0x00000006186b0000)
  to   space 87360K,   0% used [0x00000006186b0000, 0x00000006186b0000, 0x000000061dc00000)
 concurrent mark-sweep generation total 434172K, used 427216K [0x00000006228c0000, 0x000000063d0bf000, 0x00000007c0000000)
 concurrent-mark-sweep perm gen total 262144K, used 82536K [0x00000007c0000000, 0x00000007d0000000, 0x0000000800000000)
}
79.728: [GC [1 CMS-initial-mark: 427216K(434172K)] 429256K(608956K), 0.0007319 secs] [Times: user=0.00 sys=0.00, real=0.00 secs] 
79.729: [CMS-concurrent-mark-start]
80.025: [CMS-concurrent-mark: 0.296/0.296 secs] [Times: user=0.55 sys=0.00, real=0.30 secs] 
80.025: [CMS-concurrent-preclean-start]
80.027: [CMS-concurrent-preclean: 0.002/0.002 secs] [Times: user=0.00 sys=0.00, real=0.00 secs] 
80.027: [CMS-concurrent-abortable-preclean-start]
{Heap before GC invocations=154 (full 6):
 par new generation   total 174784K, used 87783K [0x000000060dc00000, 0x000000061dc00000, 0x00000006228c0000)
  eden space 87424K, 100% used [0x000000060dc00000, 0x0000000613160000, 0x0000000613160000)
  from space 87360K,   0% used [0x0000000613160000, 0x00000006131b9de0, 0x00000006186b0000)
  to   space 87360K,   0% used [0x00000006186b0000, 0x00000006186b0000, 0x000000061dc00000)
 concurrent mark-sweep generation total 434172K, used 427216K [0x00000006228c0000, 0x000000063d0bf000, 0x00000007c0000000)
 concurrent-mark-sweep perm gen total 262144K, used 82536K [0x00000007c0000000, 0x00000007d0000000, 0x0000000800000000)
80.283: [GC 80.283: [ParNew
Desired survivor size 89456640 bytes, new threshold 5 (max 5)
- age   2:        328 bytes,        328 total
: 87783K->44K(174784K), 0.0044122 secs] 515000K->427261K(608956K), 0.0044709 secs] [Times: user=0.00 sys=0.00, real=0.00 secs] 
Heap after GC invocations=155 (full 6):
 par new generation   total 174784K, used 44K [0x000000060dc00000, 0x000000061dc00000, 0x00000006228c0000)
  eden space 87424K,   0% used [0x000000060dc00000, 0x000000060dc00000, 0x0000000613160000)
  from space 87360K,   0% used [0x00000006186b0000, 0x00000006186bb3c0, 0x000000061dc00000)
  to   space 87360K,   0% used [0x0000000613160000, 0x0000000613160000, 0x00000006186b0000)
 concurrent mark-sweep generation total 434172K, used 427216K [0x00000006228c0000, 0x000000063d0bf000, 0x00000007c0000000)
 concurrent-mark-sweep perm gen total 262144K, used 82536K [0x00000007c0000000, 0x00000007d0000000, 0x0000000800000000)
}
80.691: [CMS-concurrent-abortable-preclean: 0.011/0.664 secs] [Times: user=0.69 sys=0.00, real=0.66 secs] 
80.692: [GC[YG occupancy: 72207 K (174784 K)]80.692: [Rescan (parallel) , 0.0131364 secs]80.705: [weak refs processing, 0.0000479 secs]80.705: [class unloading, 0.0087423 secs]80.714: [scrub symbol table, 0.0117793 secs]80.726: [scrub string table, 0.0013195 secs] [1 CMS-remark: 427216K(434172K)] 499424K(608956K), 0.0376581 secs] [Times: user=0.05 sys=0.00, real=0.04 secs] 
80.729: [CMS-concurrent-sweep-start]
80.804: [CMS-concurrent-sweep: 0.075/0.075 secs] [Times: user=0.16 sys=0.00, real=0.07 secs] 
80.805: [CMS-concurrent-reset-start]
80.822: [CMS-concurrent-reset: 0.017/0.017 secs] [Times: user=0.03 sys=0.00, real=0.02 secs] 
{Heap before GC invocations=155 (full 6):
 par new generation   total 174784K, used 87468K [0x000000060dc00000, 0x000000061dc00000, 0x00000006228c0000)
  eden space 87424K, 100% used [0x000000060dc00000, 0x0000000613160000, 0x0000000613160000)
  from space 87360K,   0% used [0x00000006186b0000, 0x00000006186bb3c0, 0x000000061dc00000)
  to   space 87360K,   0% used [0x0000000613160000, 0x0000000613160000, 0x00000006186b0000)
 concurrent mark-sweep generation total 610132K, used 427089K [0x00000006228c0000, 0x0000000647c95000, 0x00000007c0000000)
 concurrent-mark-sweep perm gen total 262144K, used 82536K [0x00000007c0000000, 0x00000007d0000000, 0x0000000800000000)
80.835: [GC 80.835: [ParNew
Desired survivor size 89456640 bytes, new threshold 5 (max 5)
- age   3:        328 bytes,        328 total
: 87468K->44K(174784K), 0.0035557 secs] 514558K->427134K(784916K), 0.0036114 secs] [Times: user=0.00 sys=0.00, real=0.00 secs] 
Heap after GC invocations=156 (full 6):
 par new generation   total 174784K, used 44K [0x000000060dc00000, 0x000000061dc00000, 0x00000006228c0000)
  eden space 87424K,   0% used [0x000000060dc00000, 0x000000060dc00000, 0x0000000613160000)
  from space 87360K,   0% used [0x0000000613160000, 0x000000061316b3c0, 0x00000006186b0000)
  to   space 87360K,   0% used [0x00000006186b0000, 0x00000006186b0000, 0x000000061dc00000)
 concurrent mark-sweep generation total 610132K, used 427089K [0x00000006228c0000, 0x0000000647c95000, 0x00000007c0000000)
 concurrent-mark-sweep perm gen total 262144K, used 82536K [0x00000007c0000000, 0x00000007d0000000, 0x0000000800000000)
}
{Heap before GC invocations=156 (full 6):
 par new generation   total 174784K, used 87468K [0x000000060dc00000, 0x000000061dc00000, 0x00000006228c0000)
  eden space 87424K, 100% used [0x000000060dc00000, 0x0000000613160000, 0x0000000613160000)
  from space 87360K,   0% used [0x0000000613160000, 0x000000061316b3c0, 0x00000006186b0000)
  to   space 87360K,   0% used [0x00000006186b0000, 0x00000006186b0000, 0x000000061dc00000)
 concurrent mark-sweep generation total 610132K, used 427089K [0x00000006228c0000, 0x0000000647c95000, 0x00000007c0000000)
 concurrent-mark-sweep perm gen total 262144K, used 82536K [0x00000007c0000000, 0x00000007d0000000, 0x0000000800000000)
81.325: [GC 81.325: [ParNew
Desired survivor size 89456640 bytes, new threshold 5 (max 5)
- age   4:        328 bytes,        328 total
: 87468K->11K(174784K), 0.0039488 secs] 514558K->427101K(784916K), 0.0040020 secs] [Times: user=0.06 sys=0.00, real=0.00 secs] 
Heap after GC invocations=157 (full 6):
 par new generation   total 174784K, used 11K [0x000000060dc00000, 0x000000061dc00000, 0x00000006228c0000)
  eden space 87424K,   0% used [0x000000060dc00000, 0x000000060dc00000, 0x0000000613160000)
  from space 87360K,   0% used [0x00000006186b0000, 0x00000006186b2d00, 0x000000061dc00000)
  to   space 87360K,   0% used [0x0000000613160000, 0x0000000613160000, 0x00000006186b0000)
 concurrent mark-sweep generation total 610132K, used 427089K [0x00000006228c0000, 0x0000000647c95000, 0x00000007c0000000)
 concurrent-mark-sweep perm gen total 262144K, used 82536K [0x00000007c0000000, 0x00000007d0000000, 0x0000000800000000)
}
{Heap before GC invocations=157 (full 6):
 par new generation   total 174784K, used 87435K [0x000000060dc00000, 0x000000061dc00000, 0x00000006228c0000)
  eden space 87424K, 100% used [0x000000060dc00000, 0x0000000613160000, 0x0000000613160000)
  from space 87360K,   0% used [0x00000006186b0000, 0x00000006186b2d00, 0x000000061dc00000)
  to   space 87360K,   0% used [0x0000000613160000, 0x0000000613160000, 0x00000006186b0000)
 concurrent mark-sweep generation total 610132K, used 427089K [0x00000006228c0000, 0x0000000647c95000, 0x00000007c0000000)
 concurrent-mark-sweep perm gen total 262144K, used 82536K [0x00000007c0000000, 0x00000007d0000000, 0x0000000800000000)
81.848: [GC 81.848: [ParNew
Desired survivor size 89456640 bytes, new threshold 5 (max 5)
- age   5:        328 bytes,        328 total
: 87435K->4K(174784K), 0.0037571 secs] 514525K->427093K(784916K), 0.0038412 secs] [Times: user=0.00 sys=0.00, real=0.00 secs] 
Heap after GC invocations=158 (full 6):
 par new generation   total 174784K, used 4K [0x000000060dc00000, 0x000000061dc00000, 0x00000006228c0000)
  eden space 87424K,   0% used [0x000000060dc00000, 0x000000060dc00000, 0x0000000613160000)
  from space 87360K,   0% used [0x0000000613160000, 0x0000000613161000, 0x00000006186b0000)
  to   space 87360K,   0% used [0x00000006186b0000, 0x00000006186b0000, 0x000000061dc00000)
 concurrent mark-sweep generation total 610132K, used 427089K [0x00000006228c0000, 0x0000000647c95000, 0x00000007c0000000)
 concurrent-mark-sweep perm gen total 262144K, used 82536K [0x00000007c0000000, 0x00000007d0000000, 0x0000000800000000)
}
{Heap before GC invocations=158 (full 6):
 par new generation   total 174784K, used 87428K [0x000000060dc00000, 0x000000061dc00000, 0x00000006228c0000)
  eden space 87424K, 100% used [0x000000060dc00000, 0x0000000613160000, 0x0000000613160000)
  from space 87360K,   0% used [0x0000000613160000, 0x0000000613161000, 0x00000006186b0000)
  to   space 87360K,   0% used [0x00000006186b0000, 0x00000006186b0000, 0x000000061dc00000)
 concurrent mark-sweep generation total 610132K, used 427089K [0x00000006228c0000, 0x0000000647c95000, 0x00000007c0000000)
 concurrent-mark-sweep perm gen total 262144K, used 82536K [0x00000007c0000000, 0x00000007d0000000, 0x0000000800000000)
82.330: [GC 82.330: [ParNew
Desired survivor size 89456640 bytes, new threshold 5 (max 5)
: 87428K->0K(174784K), 0.0048982 secs] 514517K->427098K(784916K), 0.0050634 secs] [Times: user=0.00 sys=0.00, real=0.01 secs] 
Heap after GC invocations=159 (full 6):
 par new generation   total 203456K, used 0K [0x000000060dc00000, 0x0000000620600000, 0x00000006228c0000)
  eden space 101760K,   0% used [0x000000060dc00000, 0x000000060dc00000, 0x0000000613f60000)
  from space 101696K,   0% used [0x0000000613f60000, 0x0000000613f60000, 0x000000061a2b0000)
  to   space 101696K,   0% used [0x000000061a2b0000, 0x000000061a2b0000, 0x0000000620600000)
 concurrent mark-sweep generation total 610132K, used 427098K [0x00000006228c0000, 0x0000000647c95000, 0x00000007c0000000)
 concurrent-mark-sweep perm gen total 262144K, used 82536K [0x00000007c0000000, 0x00000007d0000000, 0x0000000800000000)
}
{Heap before GC invocations=159 (full 6):
 par new generation   total 203456K, used 101760K [0x000000060dc00000, 0x0000000620600000, 0x00000006228c0000)
  eden space 101760K, 100% used [0x000000060dc00000, 0x0000000613f60000, 0x0000000613f60000)
  from space 101696K,   0% used [0x0000000613f60000, 0x0000000613f60000, 0x000000061a2b0000)
  to   space 101696K,   0% used [0x000000061a2b0000, 0x000000061a2b0000, 0x0000000620600000)
 concurrent mark-sweep generation total 610132K, used 427098K [0x00000006228c0000, 0x0000000647c95000, 0x00000007c0000000)
 concurrent-mark-sweep perm gen total 262144K, used 82536K [0x00000007c0000000, 0x00000007d0000000, 0x0000000800000000)
82.905: [GC 82.905: [ParNew
Desired survivor size 104136704 bytes, new threshold 5 (max 5)
: 101760K->0K(203456K), 0.0037825 secs] 528858K->427098K(813588K), 0.0038412 secs] [Times: user=0.00 sys=0.00, real=0.00 secs] 
Heap after GC invocations=160 (full 6):
 par new generation   total 203456K, used 0K [0x000000060dc00000, 0x0000000620600000, 0x00000006228c0000)
  eden space 101760K,   0% used [0x000000060dc00000, 0x000000060dc00000, 0x0000000613f60000)
  from space 101696K,   0% used [0x000000061a2b0000, 0x000000061a2b0000, 0x0000000620600000)
  to   space 101696K,   0% used [0x0000000613f60000, 0x0000000613f60000, 0x000000061a2b0000)
 concurrent mark-sweep generation total 610132K, used 427098K [0x00000006228c0000, 0x0000000647c95000, 0x00000007c0000000)
 concurrent-mark-sweep perm gen total 262144K, used 82536K [0x00000007c0000000, 0x00000007d0000000, 0x0000000800000000)
}
{Heap before GC invocations=160 (full 6):
 par new generation   total 203456K, used 101760K [0x000000060dc00000, 0x0000000620600000, 0x00000006228c0000)
  eden space 101760K, 100% used [0x000000060dc00000, 0x0000000613f60000, 0x0000000613f60000)
  from space 101696K,   0% used [0x000000061a2b0000, 0x000000061a2b0000, 0x0000000620600000)
  to   space 101696K,   0% used [0x0000000613f60000, 0x0000000613f60000, 0x000000061a2b0000)
 concurrent mark-sweep generation total 610132K, used 427098K [0x00000006228c0000, 0x0000000647c95000, 0x00000007c0000000)
 concurrent-mark-sweep perm gen total 262144K, used 82536K [0x00000007c0000000, 0x00000007d0000000, 0x0000000800000000)
83.543: [GC 83.543: [ParNew
Desired survivor size 104136704 bytes, new threshold 5 (max 5)
: 101760K->0K(203456K), 0.0039893 secs] 528858K->427098K(813588K), 0.0040529 secs] [Times: user=0.00 sys=0.02, real=0.00 secs] 
Heap after GC invocations=161 (full 6):
 par new generation   total 203456K, used 0K [0x000000060dc00000, 0x0000000620600000, 0x00000006228c0000)
  eden space 101760K,   0% used [0x000000060dc00000, 0x000000060dc00000, 0x0000000613f60000)
  from space 101696K,   0% used [0x0000000613f60000, 0x0000000613f60000, 0x000000061a2b0000)
  to   space 101696K,   0% used [0x000000061a2b0000, 0x000000061a2b0000, 0x0000000620600000)
 concurrent mark-sweep generation total 610132K, used 427098K [0x00000006228c0000, 0x0000000647c95000, 0x00000007c0000000)
 concurrent-mark-sweep perm gen total 262144K, used 82536K [0x00000007c0000000, 0x00000007d0000000, 0x0000000800000000)
}
{Heap before GC invocations=161 (full 6):
 par new generation   total 203456K, used 101760K [0x000000060dc00000, 0x0000000620600000, 0x00000006228c0000)
  eden space 101760K, 100% used [0x000000060dc00000, 0x0000000613f60000, 0x0000000613f60000)
  from space 101696K,   0% used [0x0000000613f60000, 0x0000000613f60000, 0x000000061a2b0000)
  to   space 101696K,   0% used [0x000000061a2b0000, 0x000000061a2b0000, 0x0000000620600000)
 concurrent mark-sweep generation total 610132K, used 427098K [0x00000006228c0000, 0x0000000647c95000, 0x00000007c0000000)
 concurrent-mark-sweep perm gen total 262144K, used 82536K [0x00000007c0000000, 0x00000007d0000000, 0x0000000800000000)
84.776: [GC 84.776: [ParNew
Desired survivor size 104136704 bytes, new threshold 5 (max 5)
- age   1:     381712 bytes,     381712 total
: 101760K->374K(203456K), 0.0044508 secs] 528858K->427472K(813588K), 0.0045115 secs] [Times: user=0.00 sys=0.00, real=0.01 secs] 
Heap after GC invocations=162 (full 6):
 par new generation   total 203456K, used 374K [0x000000060dc00000, 0x0000000620600000, 0x00000006228c0000)
  eden space 101760K,   0% used [0x000000060dc00000, 0x000000060dc00000, 0x0000000613f60000)
  from space 101696K,   0% used [0x000000061a2b0000, 0x000000061a30d8d8, 0x0000000620600000)
  to   space 101696K,   0% used [0x0000000613f60000, 0x0000000613f60000, 0x000000061a2b0000)
 concurrent mark-sweep generation total 610132K, used 427098K [0x00000006228c0000, 0x0000000647c95000, 0x00000007c0000000)
 concurrent-mark-sweep perm gen total 262144K, used 82536K [0x00000007c0000000, 0x00000007d0000000, 0x0000000800000000)
}
{Heap before GC invocations=162 (full 6):
 par new generation   total 203456K, used 102134K [0x000000060dc00000, 0x0000000620600000, 0x00000006228c0000)
  eden space 101760K, 100% used [0x000000060dc00000, 0x0000000613f60000, 0x0000000613f60000)
  from space 101696K,   0% used [0x000000061a2b0000, 0x000000061a30d8d8, 0x0000000620600000)
  to   space 101696K,   0% used [0x0000000613f60000, 0x0000000613f60000, 0x000000061a2b0000)
 concurrent mark-sweep generation total 610132K, used 427098K [0x00000006228c0000, 0x0000000647c95000, 0x00000007c0000000)
 concurrent-mark-sweep perm gen total 262144K, used 82536K [0x00000007c0000000, 0x00000007d0000000, 0x0000000800000000)
86.702: [GC 86.702: [ParNew
Desired survivor size 104136704 bytes, new threshold 5 (max 5)
- age   1:      33176 bytes,      33176 total
- age   2:     381416 bytes,     414592 total
: 102134K->408K(203456K), 0.0045550 secs] 529232K->427506K(813588K), 0.0046415 secs] [Times: user=0.00 sys=0.00, real=0.00 secs] 
Heap after GC invocations=163 (full 6):
 par new generation   total 203456K, used 408K [0x000000060dc00000, 0x0000000620600000, 0x00000006228c0000)
  eden space 101760K,   0% used [0x000000060dc00000, 0x000000060dc00000, 0x0000000613f60000)
  from space 101696K,   0% used [0x0000000613f60000, 0x0000000613fc61c0, 0x000000061a2b0000)
  to   space 101696K,   0% used [0x000000061a2b0000, 0x000000061a2b0000, 0x0000000620600000)
 concurrent mark-sweep generation total 610132K, used 427098K [0x00000006228c0000, 0x0000000647c95000, 0x00000007c0000000)
 concurrent-mark-sweep perm gen total 262144K, used 82536K [0x00000007c0000000, 0x00000007d0000000, 0x0000000800000000)
}
{Heap before GC invocations=163 (full 6):
 par new generation   total 203456K, used 102168K [0x000000060dc00000, 0x0000000620600000, 0x00000006228c0000)
  eden space 101760K, 100% used [0x000000060dc00000, 0x0000000613f60000, 0x0000000613f60000)
  from space 101696K,   0% used [0x0000000613f60000, 0x0000000613fc61c0, 0x000000061a2b0000)
  to   space 101696K,   0% used [0x000000061a2b0000, 0x000000061a2b0000, 0x0000000620600000)
 concurrent mark-sweep generation total 610132K, used 427098K [0x00000006228c0000, 0x0000000647c95000, 0x00000007c0000000)
 concurrent-mark-sweep perm gen total 262144K, used 82536K [0x00000007c0000000, 0x00000007d0000000, 0x0000000800000000)
88.622: [GC 88.622: [ParNew
Desired survivor size 104136704 bytes, new threshold 5 (max 5)
- age   1:        296 bytes,        296 total
- age   3:     381416 bytes,     381712 total
: 102168K->374K(203456K), 0.0044552 secs] 529266K->427472K(813588K), 0.0045090 secs] [Times: user=0.00 sys=0.00, real=0.00 secs] 
Heap after GC invocations=164 (full 6):
 par new generation   total 203456K, used 374K [0x000000060dc00000, 0x0000000620600000, 0x00000006228c0000)
  eden space 101760K,   0% used [0x000000060dc00000, 0x000000060dc00000, 0x0000000613f60000)
  from space 101696K,   0% used [0x000000061a2b0000, 0x000000061a30d9b0, 0x0000000620600000)
  to   space 101696K,   0% used [0x0000000613f60000, 0x0000000613f60000, 0x000000061a2b0000)
 concurrent mark-sweep generation total 610132K, used 427098K [0x00000006228c0000, 0x0000000647c95000, 0x00000007c0000000)
 concurrent-mark-sweep perm gen total 262144K, used 82536K [0x00000007c0000000, 0x00000007d0000000, 0x0000000800000000)
}
{Heap before GC invocations=164 (full 6):
 par new generation   total 203456K, used 102134K [0x000000060dc00000, 0x0000000620600000, 0x00000006228c0000)
  eden space 101760K, 100% used [0x000000060dc00000, 0x0000000613f60000, 0x0000000613f60000)
  from space 101696K,   0% used [0x000000061a2b0000, 0x000000061a30d9b0, 0x0000000620600000)
  to   space 101696K,   0% used [0x0000000613f60000, 0x0000000613f60000, 0x000000061a2b0000)
 concurrent mark-sweep generation total 610132K, used 427098K [0x00000006228c0000, 0x0000000647c95000, 0x00000007c0000000)
 concurrent-mark-sweep perm gen total 262144K, used 82588K [0x00000007c0000000, 0x00000007d0000000, 0x0000000800000000)
89.927: [GC 89.927: [ParNew
Desired survivor size 104136704 bytes, new threshold 5 (max 5)
- age   1:    2910856 bytes,    2910856 total
- age   4:        200 bytes,    2911056 total
: 102134K->2883K(203456K), 0.0078853 secs] 529232K->429981K(813588K), 0.0079640 secs] [Times: user=0.00 sys=0.00, real=0.01 secs] 
Heap after GC invocations=165 (full 6):
 par new generation   total 203456K, used 2883K [0x000000060dc00000, 0x0000000620600000, 0x00000006228c0000)
  eden space 101760K,   0% used [0x000000060dc00000, 0x000000060dc00000, 0x0000000613f60000)
  from space 101696K,   2% used [0x0000000613f60000, 0x0000000614230cf0, 0x000000061a2b0000)
  to   space 101696K,   0% used [0x000000061a2b0000, 0x000000061a2b0000, 0x0000000620600000)
 concurrent mark-sweep generation total 610132K, used 427098K [0x00000006228c0000, 0x0000000647c95000, 0x00000007c0000000)
 concurrent-mark-sweep perm gen total 262144K, used 82588K [0x00000007c0000000, 0x00000007d0000000, 0x0000000800000000)
}
{Heap before GC invocations=165 (full 6):
 par new generation   total 203456K, used 104643K [0x000000060dc00000, 0x0000000620600000, 0x00000006228c0000)
  eden space 101760K, 100% used [0x000000060dc00000, 0x0000000613f60000, 0x0000000613f60000)
  from space 101696K,   2% used [0x0000000613f60000, 0x0000000614230cf0, 0x000000061a2b0000)
  to   space 101696K,   0% used [0x000000061a2b0000, 0x000000061a2b0000, 0x0000000620600000)
 concurrent mark-sweep generation total 610132K, used 427098K [0x00000006228c0000, 0x0000000647c95000, 0x00000007c0000000)
 concurrent-mark-sweep perm gen total 262144K, used 82588K [0x00000007c0000000, 0x00000007d0000000, 0x0000000800000000)
90.663: [GC 90.663: [ParNew
Desired survivor size 104136704 bytes, new threshold 5 (max 5)
- age   1:    3784680 bytes,    3784680 total
- age   2:    2438920 bytes,    6223600 total
: 104643K->6750K(203456K), 0.0092659 secs] 531741K->433848K(813588K), 0.0093378 secs] [Times: user=0.00 sys=0.00, real=0.01 secs] 
Heap after GC invocations=166 (full 6):
 par new generation   total 203456K, used 6750K [0x000000060dc00000, 0x0000000620600000, 0x00000006228c0000)
  eden space 101760K,   0% used [0x000000060dc00000, 0x000000060dc00000, 0x0000000613f60000)
  from space 101696K,   6% used [0x000000061a2b0000, 0x000000061a9479c8, 0x0000000620600000)
  to   space 101696K,   0% used [0x0000000613f60000, 0x0000000613f60000, 0x000000061a2b0000)
 concurrent mark-sweep generation total 610132K, used 427098K [0x00000006228c0000, 0x0000000647c95000, 0x00000007c0000000)
 concurrent-mark-sweep perm gen total 262144K, used 82588K [0x00000007c0000000, 0x00000007d0000000, 0x0000000800000000)
}
{Heap before GC invocations=166 (full 6):
 par new generation   total 203456K, used 108510K [0x000000060dc00000, 0x0000000620600000, 0x00000006228c0000)
  eden space 101760K, 100% used [0x000000060dc00000, 0x0000000613f60000, 0x0000000613f60000)
  from space 101696K,   6% used [0x000000061a2b0000, 0x000000061a9479c8, 0x0000000620600000)
  to   space 101696K,   0% used [0x0000000613f60000, 0x0000000613f60000, 0x000000061a2b0000)
 concurrent mark-sweep generation total 610132K, used 427098K [0x00000006228c0000, 0x0000000647c95000, 0x00000007c0000000)
 concurrent-mark-sweep perm gen total 262144K, used 82588K [0x00000007c0000000, 0x00000007d0000000, 0x0000000800000000)
91.385: [GC 91.385: [ParNew
Desired survivor size 104136704 bytes, new threshold 5 (max 5)
- age   1:    3219032 bytes,    3219032 total
- age   2:    2855736 bytes,    6074768 total
- age   3:    1317848 bytes,    7392616 total
: 108510K->8991K(203456K), 0.0094654 secs] 535608K->436089K(813588K), 0.0095260 secs] [Times: user=0.05 sys=0.00, real=0.01 secs] 
Heap after GC invocations=167 (full 6):
 par new generation   total 203456K, used 8991K [0x000000060dc00000, 0x0000000620600000, 0x00000006228c0000)
  eden space 101760K,   0% used [0x000000060dc00000, 0x000000060dc00000, 0x0000000613f60000)
  from space 101696K,   8% used [0x0000000613f60000, 0x0000000614827d20, 0x000000061a2b0000)
  to   space 101696K,   0% used [0x000000061a2b0000, 0x000000061a2b0000, 0x0000000620600000)
 concurrent mark-sweep generation total 610132K, used 427098K [0x00000006228c0000, 0x0000000647c95000, 0x00000007c0000000)
 concurrent-mark-sweep perm gen total 262144K, used 82588K [0x00000007c0000000, 0x00000007d0000000, 0x0000000800000000)
}
{Heap before GC invocations=167 (full 6):
 par new generation   total 203456K, used 110751K [0x000000060dc00000, 0x0000000620600000, 0x00000006228c0000)
  eden space 101760K, 100% used [0x000000060dc00000, 0x0000000613f60000, 0x0000000613f60000)
  from space 101696K,   8% used [0x0000000613f60000, 0x0000000614827d20, 0x000000061a2b0000)
  to   space 101696K,   0% used [0x000000061a2b0000, 0x000000061a2b0000, 0x0000000620600000)
 concurrent mark-sweep generation total 610132K, used 427098K [0x00000006228c0000, 0x0000000647c95000, 0x00000007c0000000)
 concurrent-mark-sweep perm gen total 262144K, used 82588K [0x00000007c0000000, 0x00000007d0000000, 0x0000000800000000)
91.937: [GC 91.937: [ParNew
Desired survivor size 104136704 bytes, new threshold 5 (max 5)
- age   1:    4029688 bytes,    4029688 total
- age   2:    2486328 bytes,    6516016 total
- age   3:     498584 bytes,    7014600 total
- age   4:    1317736 bytes,    8332336 total
: 110751K->9690K(203456K), 0.0110259 secs] 537849K->436788K(813588K), 0.0110865 secs] [Times: user=0.00 sys=0.00, real=0.01 secs] 
Heap after GC invocations=168 (full 6):
 par new generation   total 203456K, used 9690K [0x000000060dc00000, 0x0000000620600000, 0x00000006228c0000)
  eden space 101760K,   0% used [0x000000060dc00000, 0x000000060dc00000, 0x0000000613f60000)
  from space 101696K,   9% used [0x000000061a2b0000, 0x000000061ac26910, 0x0000000620600000)
  to   space 101696K,   0% used [0x0000000613f60000, 0x0000000613f60000, 0x000000061a2b0000)
 concurrent mark-sweep generation total 610132K, used 427098K [0x00000006228c0000, 0x0000000647c95000, 0x00000007c0000000)
 concurrent-mark-sweep perm gen total 262144K, used 82588K [0x00000007c0000000, 0x00000007d0000000, 0x0000000800000000)
}
{Heap before GC invocations=168 (full 6):
 par new generation   total 203456K, used 111450K [0x000000060dc00000, 0x0000000620600000, 0x00000006228c0000)
  eden space 101760K, 100% used [0x000000060dc00000, 0x0000000613f60000, 0x0000000613f60000)
  from space 101696K,   9% used [0x000000061a2b0000, 0x000000061ac26910, 0x0000000620600000)
  to   space 101696K,   0% used [0x0000000613f60000, 0x0000000613f60000, 0x000000061a2b0000)
 concurrent mark-sweep generation total 610132K, used 427098K [0x00000006228c0000, 0x0000000647c95000, 0x00000007c0000000)
 concurrent-mark-sweep perm gen total 262144K, used 82588K [0x00000007c0000000, 0x00000007d0000000, 0x0000000800000000)
92.634: [GC 92.634: [ParNew
Desired survivor size 104136704 bytes, new threshold 5 (max 5)
- age   1:    3366744 bytes,    3366744 total
- age   2:    3134408 bytes,    6501152 total
- age   3:     370088 bytes,    6871240 total
- age   4:     492568 bytes,    7363808 total
- age   5:    1317736 bytes,    8681544 total
: 111450K->9200K(203456K), 0.0129130 secs] 538548K->436298K(813588K), 0.0129756 secs] [Times: user=0.06 sys=0.00, real=0.01 secs] 
Heap after GC invocations=169 (full 6):
 par new generation   total 203456K, used 9200K [0x000000060dc00000, 0x0000000620600000, 0x00000006228c0000)
  eden space 101760K,   0% used [0x000000060dc00000, 0x000000060dc00000, 0x0000000613f60000)
  from space 101696K,   9% used [0x0000000613f60000, 0x000000061485c170, 0x000000061a2b0000)
  to   space 101696K,   0% used [0x000000061a2b0000, 0x000000061a2b0000, 0x0000000620600000)
 concurrent mark-sweep generation total 610132K, used 427098K [0x00000006228c0000, 0x0000000647c95000, 0x00000007c0000000)
 concurrent-mark-sweep perm gen total 262144K, used 82588K [0x00000007c0000000, 0x00000007d0000000, 0x0000000800000000)
}
{Heap before GC invocations=169 (full 6):
 par new generation   total 203456K, used 101502K [0x000000060dc00000, 0x0000000620600000, 0x00000006228c0000)
  eden space 101760K,  90% used [0x000000060dc00000, 0x0000000613623a80, 0x0000000613f60000)
  from space 101696K,   9% used [0x0000000613f60000, 0x000000061485c170, 0x000000061a2b0000)
  to   space 101696K,   0% used [0x000000061a2b0000, 0x000000061a2b0000, 0x0000000620600000)
 concurrent mark-sweep generation total 610132K, used 427098K [0x00000006228c0000, 0x0000000647c95000, 0x00000007c0000000)
 concurrent-mark-sweep perm gen total 262144K, used 82588K [0x00000007c0000000, 0x00000007d0000000, 0x0000000800000000)
94.100: [GC 94.100: [ParNew
Desired survivor size 104136704 bytes, new threshold 5 (max 5)
- age   1:    3687200 bytes,    3687200 total
- age   2:    2597232 bytes,    6284432 total
- age   3:     409336 bytes,    6693768 total
- age   4:     370008 bytes,    7063776 total
- age   5:     492248 bytes,    7556024 total
: 101502K->8329K(203456K), 0.0152240 secs] 528601K->436892K(813588K), 0.0152871 secs] [Times: user=0.05 sys=0.00, real=0.02 secs] 
Heap after GC invocations=170 (full 6):
 par new generation   total 203456K, used 8329K [0x000000060dc00000, 0x0000000620600000, 0x00000006228c0000)
  eden space 101760K,   0% used [0x000000060dc00000, 0x000000060dc00000, 0x0000000613f60000)
  from space 101696K,   8% used [0x000000061a2b0000, 0x000000061aad2478, 0x0000000620600000)
  to   space 101696K,   0% used [0x0000000613f60000, 0x0000000613f60000, 0x000000061a2b0000)
 concurrent mark-sweep generation total 610132K, used 428563K [0x00000006228c0000, 0x0000000647c95000, 0x00000007c0000000)
 concurrent-mark-sweep perm gen total 262144K, used 82588K [0x00000007c0000000, 0x00000007d0000000, 0x0000000800000000)
}
{Heap before GC invocations=170 (full 6):
 par new generation   total 203456K, used 83724K [0x000000060dc00000, 0x0000000620600000, 0x00000006228c0000)
  eden space 101760K,  74% used [0x000000060dc00000, 0x00000006125a0d70, 0x0000000613f60000)
  from space 101696K,   8% used [0x000000061a2b0000, 0x000000061aad2478, 0x0000000620600000)
  to   space 101696K,   0% used [0x0000000613f60000, 0x0000000613f60000, 0x000000061a2b0000)
 concurrent mark-sweep generation total 610132K, used 428563K [0x00000006228c0000, 0x0000000647c95000, 0x00000007c0000000)
 concurrent-mark-sweep perm gen total 262144K, used 82590K [0x00000007c0000000, 0x00000007d0000000, 0x0000000800000000)
94.323: [GC 94.323: [ParNew
Desired survivor size 104136704 bytes, new threshold 5 (max 5)
- age   1:   67517024 bytes,   67517024 total
- age   2:    3048688 bytes,   70565712 total
- age   3:     466072 bytes,   71031784 total
- age   4:     408880 bytes,   71440664 total
- age   5:     370008 bytes,   71810672 total
: 83724K->71921K(203456K), 0.0353462 secs] 512287K->500987K(813588K), 0.0354024 secs] [Times: user=0.05 sys=0.01, real=0.04 secs] 
Heap after GC invocations=171 (full 6):
 par new generation   total 203456K, used 71921K [0x000000060dc00000, 0x0000000620600000, 0x00000006228c0000)
  eden space 101760K,   0% used [0x000000060dc00000, 0x000000060dc00000, 0x0000000613f60000)
  from space 101696K,  70% used [0x0000000613f60000, 0x000000061859c448, 0x000000061a2b0000)
  to   space 101696K,   0% used [0x000000061a2b0000, 0x000000061a2b0000, 0x0000000620600000)
 concurrent mark-sweep generation total 610132K, used 429066K [0x00000006228c0000, 0x0000000647c95000, 0x00000007c0000000)
 concurrent-mark-sweep perm gen total 262144K, used 82590K [0x00000007c0000000, 0x00000007d0000000, 0x0000000800000000)
}
{Heap before GC invocations=171 (full 6):
 par new generation   total 203456K, used 173681K [0x000000060dc00000, 0x0000000620600000, 0x00000006228c0000)
  eden space 101760K, 100% used [0x000000060dc00000, 0x0000000613f60000, 0x0000000613f60000)
  from space 101696K,  70% used [0x0000000613f60000, 0x000000061859c448, 0x000000061a2b0000)
  to   space 101696K,   0% used [0x000000061a2b0000, 0x000000061a2b0000, 0x0000000620600000)
 concurrent mark-sweep generation total 610132K, used 429066K [0x00000006228c0000, 0x0000000647c95000, 0x00000007c0000000)
 concurrent-mark-sweep perm gen total 262144K, used 82590K [0x00000007c0000000, 0x00000007d0000000, 0x0000000800000000)
94.732: [GC 94.732: [ParNew
Desired survivor size 104136704 bytes, new threshold 5 (max 5)
- age   1:   33554480 bytes,   33554480 total
- age   2:   33910152 bytes,   67464632 total
- age   3:    1444464 bytes,   68909096 total
- age   4:     466072 bytes,   69375168 total
- age   5:     408880 bytes,   69784048 total
: 173681K->69583K(203456K), 0.0821817 secs] 602747K->531787K(813588K), 0.0822448 secs] [Times: user=0.09 sys=0.13, real=0.08 secs] 
Heap after GC invocations=172 (full 6):
 par new generation   total 203456K, used 69583K [0x000000060dc00000, 0x0000000620600000, 0x00000006228c0000)
  eden space 101760K,   0% used [0x000000060dc00000, 0x000000060dc00000, 0x0000000613f60000)
  from space 101696K,  68% used [0x000000061a2b0000, 0x000000061e6a3e28, 0x0000000620600000)
  to   space 101696K,   0% used [0x0000000613f60000, 0x0000000613f60000, 0x000000061a2b0000)
 concurrent mark-sweep generation total 610132K, used 462203K [0x00000006228c0000, 0x0000000647c95000, 0x00000007c0000000)
 concurrent-mark-sweep perm gen total 262144K, used 82590K [0x00000007c0000000, 0x00000007d0000000, 0x0000000800000000)
}
{Heap before GC invocations=172 (full 6):
 par new generation   total 203456K, used 171343K [0x000000060dc00000, 0x0000000620600000, 0x00000006228c0000)
  eden space 101760K, 100% used [0x000000060dc00000, 0x0000000613f60000, 0x0000000613f60000)
  from space 101696K,  68% used [0x000000061a2b0000, 0x000000061e6a3e28, 0x0000000620600000)
  to   space 101696K,   0% used [0x0000000613f60000, 0x0000000613f60000, 0x000000061a2b0000)
 concurrent mark-sweep generation total 610132K, used 462203K [0x00000006228c0000, 0x0000000647c95000, 0x00000007c0000000)
 concurrent-mark-sweep perm gen total 262144K, used 82590K [0x00000007c0000000, 0x00000007d0000000, 0x0000000800000000)
95.217: [GC 95.217: [ParNew
Desired survivor size 104136704 bytes, new threshold 5 (max 5)
- age   2:   33554480 bytes,   33554480 total
- age   3:     344128 bytes,   33898608 total
- age   4:    1444464 bytes,   35343072 total
- age   5:     466072 bytes,   35809144 total
: 171343K->35665K(203456K), 0.0106201 secs] 633547K->498276K(813588K), 0.0106778 secs] [Times: user=0.06 sys=0.00, real=0.01 secs] 
Heap after GC invocations=173 (full 6):
 par new generation   total 203456K, used 35665K [0x000000060dc00000, 0x0000000620600000, 0x00000006228c0000)
  eden space 101760K,   0% used [0x000000060dc00000, 0x000000060dc00000, 0x0000000613f60000)
  from space 101696K,  35% used [0x0000000613f60000, 0x0000000616234460, 0x000000061a2b0000)
  to   space 101696K,   0% used [0x000000061a2b0000, 0x000000061a2b0000, 0x0000000620600000)
 concurrent mark-sweep generation total 610132K, used 462610K [0x00000006228c0000, 0x0000000647c95000, 0x00000007c0000000)
 concurrent-mark-sweep perm gen total 262144K, used 82590K [0x00000007c0000000, 0x00000007d0000000, 0x0000000800000000)
}
{Heap before GC invocations=173 (full 6):
 par new generation   total 203456K, used 137425K [0x000000060dc00000, 0x0000000620600000, 0x00000006228c0000)
  eden space 101760K, 100% used [0x000000060dc00000, 0x0000000613f60000, 0x0000000613f60000)
  from space 101696K,  35% used [0x0000000613f60000, 0x0000000616234460, 0x000000061a2b0000)
  to   space 101696K,   0% used [0x000000061a2b0000, 0x000000061a2b0000, 0x0000000620600000)
 concurrent mark-sweep generation total 610132K, used 462610K [0x00000006228c0000, 0x0000000647c95000, 0x00000007c0000000)
 concurrent-mark-sweep perm gen total 262144K, used 82590K [0x00000007c0000000, 0x00000007d0000000, 0x0000000800000000)
96.677: [GC 96.677: [ParNew
Desired survivor size 104136704 bytes, new threshold 5 (max 5)
- age   1:    1120832 bytes,    1120832 total
- age   4:     343544 bytes,    1464376 total
- age   5:    1471280 bytes,    2935656 total
: 137425K->3462K(203456K), 0.0077269 secs] 600036K->466545K(813588K), 0.0077831 secs] [Times: user=0.06 sys=0.00, real=0.01 secs] 
Heap after GC invocations=174 (full 6):
 par new generation   total 203456K, used 3462K [0x000000060dc00000, 0x0000000620600000, 0x00000006228c0000)
  eden space 101760K,   0% used [0x000000060dc00000, 0x000000060dc00000, 0x0000000613f60000)
  from space 101696K,   3% used [0x000000061a2b0000, 0x000000061a611a10, 0x0000000620600000)
  to   space 101696K,   0% used [0x0000000613f60000, 0x0000000613f60000, 0x000000061a2b0000)
 concurrent mark-sweep generation total 610132K, used 463083K [0x00000006228c0000, 0x0000000647c95000, 0x00000007c0000000)
 concurrent-mark-sweep perm gen total 262144K, used 82590K [0x00000007c0000000, 0x00000007d0000000, 0x0000000800000000)
}
{Heap before GC invocations=174 (full 6):
 par new generation   total 203456K, used 105222K [0x000000060dc00000, 0x0000000620600000, 0x00000006228c0000)
  eden space 101760K, 100% used [0x000000060dc00000, 0x0000000613f60000, 0x0000000613f60000)
  from space 101696K,   3% used [0x000000061a2b0000, 0x000000061a611a10, 0x0000000620600000)
  to   space 101696K,   0% used [0x0000000613f60000, 0x0000000613f60000, 0x000000061a2b0000)
 concurrent mark-sweep generation total 610132K, used 463083K [0x00000006228c0000, 0x0000000647c95000, 0x00000007c0000000)
 concurrent-mark-sweep perm gen total 262144K, used 82590K [0x00000007c0000000, 0x00000007d0000000, 0x0000000800000000)
97.588: [GC 97.588: [ParNew
Desired survivor size 104136704 bytes, new threshold 5 (max 5)
- age   1:    1210448 bytes,    1210448 total
- age   2:       3720 bytes,    1214168 total
- age   5:     343544 bytes,    1557712 total
: 105222K->2118K(203456K), 0.0109257 secs] 568305K->466718K(813588K), 0.0109902 secs] [Times: user=0.02 sys=0.00, real=0.01 secs] 
Heap after GC invocations=175 (full 6):
 par new generation   total 203456K, used 2118K [0x000000060dc00000, 0x0000000620600000, 0x00000006228c0000)
  eden space 101760K,   0% used [0x000000060dc00000, 0x000000060dc00000, 0x0000000613f60000)
  from space 101696K,   2% used [0x0000000613f60000, 0x0000000614171870, 0x000000061a2b0000)
  to   space 101696K,   0% used [0x000000061a2b0000, 0x000000061a2b0000, 0x0000000620600000)
 concurrent mark-sweep generation total 610132K, used 464600K [0x00000006228c0000, 0x0000000647c95000, 0x00000007c0000000)
 concurrent-mark-sweep perm gen total 262144K, used 82590K [0x00000007c0000000, 0x00000007d0000000, 0x0000000800000000)
}
{Heap before GC invocations=175 (full 6):
 par new generation   total 203456K, used 103878K [0x000000060dc00000, 0x0000000620600000, 0x00000006228c0000)
  eden space 101760K, 100% used [0x000000060dc00000, 0x0000000613f60000, 0x0000000613f60000)
  from space 101696K,   2% used [0x0000000613f60000, 0x0000000614171870, 0x000000061a2b0000)
  to   space 101696K,   0% used [0x000000061a2b0000, 0x000000061a2b0000, 0x0000000620600000)
 concurrent mark-sweep generation total 610132K, used 464600K [0x00000006228c0000, 0x0000000647c95000, 0x00000007c0000000)
 concurrent-mark-sweep perm gen total 262144K, used 82594K [0x00000007c0000000, 0x00000007d0000000, 0x0000000800000000)
98.752: [GC 98.752: [ParNew
Desired survivor size 104136704 bytes, new threshold 5 (max 5)
- age   1:    2598936 bytes,    2598936 total
- age   2:       9144 bytes,    2608080 total
- age   3:       3680 bytes,    2611760 total
: 103878K->2739K(203456K), 0.0068166 secs] 568478K->467689K(813588K), 0.0068806 secs] [Times: user=0.05 sys=0.00, real=0.01 secs] 
Heap after GC invocations=176 (full 6):
 par new generation   total 203456K, used 2739K [0x000000060dc00000, 0x0000000620600000, 0x00000006228c0000)
  eden space 101760K,   0% used [0x000000060dc00000, 0x000000060dc00000, 0x0000000613f60000)
  from space 101696K,   2% used [0x000000061a2b0000, 0x000000061a55cf88, 0x0000000620600000)
  to   space 101696K,   0% used [0x0000000613f60000, 0x0000000613f60000, 0x000000061a2b0000)
 concurrent mark-sweep generation total 610132K, used 464949K [0x00000006228c0000, 0x0000000647c95000, 0x00000007c0000000)
 concurrent-mark-sweep perm gen total 262144K, used 82594K [0x00000007c0000000, 0x00000007d0000000, 0x0000000800000000)
}
{Heap before GC invocations=176 (full 6):
 par new generation   total 203456K, used 104499K [0x000000060dc00000, 0x0000000620600000, 0x00000006228c0000)
  eden space 101760K, 100% used [0x000000060dc00000, 0x0000000613f60000, 0x0000000613f60000)
  from space 101696K,   2% used [0x000000061a2b0000, 0x000000061a55cf88, 0x0000000620600000)
  to   space 101696K,   0% used [0x0000000613f60000, 0x0000000613f60000, 0x000000061a2b0000)
 concurrent mark-sweep generation total 610132K, used 464949K [0x00000006228c0000, 0x0000000647c95000, 0x00000007c0000000)
 concurrent-mark-sweep perm gen total 262144K, used 83676K [0x00000007c0000000, 0x00000007d0000000, 0x0000000800000000)
103.502: [GC 103.502: [ParNew
Desired survivor size 104136704 bytes, new threshold 5 (max 5)
- age   1:    1960664 bytes,    1960664 total
- age   2:     322608 bytes,    2283272 total
- age   4:       3680 bytes,    2286952 total
: 104499K->2314K(203456K), 0.0075646 secs] 569449K->467264K(813588K), 0.0076423 secs] [Times: user=0.00 sys=0.00, real=0.01 secs] 
Heap after GC invocations=177 (full 6):
 par new generation   total 203456K, used 2314K [0x000000060dc00000, 0x0000000620600000, 0x00000006228c0000)
  eden space 101760K,   0% used [0x000000060dc00000, 0x000000060dc00000, 0x0000000613f60000)
  from space 101696K,   2% used [0x0000000613f60000, 0x00000006141a28f0, 0x000000061a2b0000)
  to   space 101696K,   0% used [0x000000061a2b0000, 0x000000061a2b0000, 0x0000000620600000)
 concurrent mark-sweep generation total 610132K, used 464949K [0x00000006228c0000, 0x0000000647c95000, 0x00000007c0000000)
 concurrent-mark-sweep perm gen total 262144K, used 83676K [0x00000007c0000000, 0x00000007d0000000, 0x0000000800000000)
}
{Heap before GC invocations=177 (full 6):
 par new generation   total 203456K, used 104074K [0x000000060dc00000, 0x0000000620600000, 0x00000006228c0000)
  eden space 101760K, 100% used [0x000000060dc00000, 0x0000000613f60000, 0x0000000613f60000)
  from space 101696K,   2% used [0x0000000613f60000, 0x00000006141a28f0, 0x000000061a2b0000)
  to   space 101696K,   0% used [0x000000061a2b0000, 0x000000061a2b0000, 0x0000000620600000)
 concurrent mark-sweep generation total 610132K, used 464949K [0x00000006228c0000, 0x0000000647c95000, 0x00000007c0000000)
 concurrent-mark-sweep perm gen total 262144K, used 84458K [0x00000007c0000000, 0x00000007d0000000, 0x0000000800000000)
107.820: [GC 107.820: [ParNew
Desired survivor size 104136704 bytes, new threshold 5 (max 5)
- age   1:   16660544 bytes,   16660544 total
- age   2:     963256 bytes,   17623800 total
- age   3:     206936 bytes,   17830736 total
- age   5:       3496 bytes,   17834232 total
: 104074K->17557K(203456K), 0.0168007 secs] 569024K->482507K(813588K), 0.0168662 secs] [Times: user=0.02 sys=0.00, real=0.02 secs] 
Heap after GC invocations=178 (full 6):
 par new generation   total 203456K, used 17557K [0x000000060dc00000, 0x0000000620600000, 0x00000006228c0000)
  eden space 101760K,   0% used [0x000000060dc00000, 0x000000060dc00000, 0x0000000613f60000)
  from space 101696K,  17% used [0x000000061a2b0000, 0x000000061b3d5678, 0x0000000620600000)
  to   space 101696K,   0% used [0x0000000613f60000, 0x0000000613f60000, 0x000000061a2b0000)
 concurrent mark-sweep generation total 610132K, used 464949K [0x00000006228c0000, 0x0000000647c95000, 0x00000007c0000000)
 concurrent-mark-sweep perm gen total 262144K, used 84458K [0x00000007c0000000, 0x00000007d0000000, 0x0000000800000000)
}
{Heap before GC invocations=178 (full 6):
 par new generation   total 203456K, used 119317K [0x000000060dc00000, 0x0000000620600000, 0x00000006228c0000)
  eden space 101760K, 100% used [0x000000060dc00000, 0x0000000613f60000, 0x0000000613f60000)
  from space 101696K,  17% used [0x000000061a2b0000, 0x000000061b3d5678, 0x0000000620600000)
  to   space 101696K,   0% used [0x0000000613f60000, 0x0000000613f60000, 0x000000061a2b0000)
 concurrent mark-sweep generation total 610132K, used 464949K [0x00000006228c0000, 0x0000000647c95000, 0x00000007c0000000)
 concurrent-mark-sweep perm gen total 262144K, used 85218K [0x00000007c0000000, 0x00000007d0000000, 0x0000000800000000)
108.741: [GC 108.741: [ParNew
Desired survivor size 104136704 bytes, new threshold 5 (max 5)
- age   1:   11730288 bytes,   11730288 total
- age   2:    1000224 bytes,   12730512 total
- age   3:     961296 bytes,   13691808 total
- age   4:     206936 bytes,   13898744 total
: 119317K->15446K(203456K), 0.0135955 secs] 584267K->480400K(813588K), 0.0136820 secs] [Times: user=0.03 sys=0.00, real=0.01 secs] 
Heap after GC invocations=179 (full 6):
 par new generation   total 203456K, used 15446K [0x000000060dc00000, 0x0000000620600000, 0x00000006228c0000)
  eden space 101760K,   0% used [0x000000060dc00000, 0x000000060dc00000, 0x0000000613f60000)
  from space 101696K,  15% used [0x0000000613f60000, 0x0000000614e759a8, 0x000000061a2b0000)
  to   space 101696K,   0% used [0x000000061a2b0000, 0x000000061a2b0000, 0x0000000620600000)
 concurrent mark-sweep generation total 610132K, used 464953K [0x00000006228c0000, 0x0000000647c95000, 0x00000007c0000000)
 concurrent-mark-sweep perm gen total 262144K, used 85218K [0x00000007c0000000, 0x00000007d0000000, 0x0000000800000000)
}
{Heap before GC invocations=179 (full 6):
 par new generation   total 203456K, used 117206K [0x000000060dc00000, 0x0000000620600000, 0x00000006228c0000)
  eden space 101760K, 100% used [0x000000060dc00000, 0x0000000613f60000, 0x0000000613f60000)
  from space 101696K,  15% used [0x0000000613f60000, 0x0000000614e759a8, 0x000000061a2b0000)
  to   space 101696K,   0% used [0x000000061a2b0000, 0x000000061a2b0000, 0x0000000620600000)
 concurrent mark-sweep generation total 610132K, used 464953K [0x00000006228c0000, 0x0000000647c95000, 0x00000007c0000000)
 concurrent-mark-sweep perm gen total 262144K, used 85928K [0x00000007c0000000, 0x00000007d0000000, 0x0000000800000000)
109.457: [GC 109.457: [ParNew
Desired survivor size 104136704 bytes, new threshold 5 (max 5)
- age   1:    6211056 bytes,    6211056 total
- age   2:    9630440 bytes,   15841496 total
- age   3:    1000200 bytes,   16841696 total
- age   4:     961088 bytes,   17802784 total
- age   5:     206936 bytes,   18009720 total
: 117206K->19931K(203456K), 0.0138556 secs] 582160K->484885K(813588K), 0.0139240 secs] [Times: user=0.06 sys=0.00, real=0.01 secs] 
Heap after GC invocations=180 (full 6):
 par new generation   total 203456K, used 19931K [0x000000060dc00000, 0x0000000620600000, 0x00000006228c0000)
  eden space 101760K,   0% used [0x000000060dc00000, 0x000000060dc00000, 0x0000000613f60000)
  from space 101696K,  19% used [0x000000061a2b0000, 0x000000061b626d78, 0x0000000620600000)
  to   space 101696K,   0% used [0x0000000613f60000, 0x0000000613f60000, 0x000000061a2b0000)
 concurrent mark-sweep generation total 610132K, used 464953K [0x00000006228c0000, 0x0000000647c95000, 0x00000007c0000000)
 concurrent-mark-sweep perm gen total 262144K, used 85928K [0x00000007c0000000, 0x00000007d0000000, 0x0000000800000000)
}
{Heap before GC invocations=180 (full 6):
 par new generation   total 203456K, used 121722K [0x000000060dc00000, 0x0000000620600000, 0x00000006228c0000)
  eden space 101760K,  99% used [0x000000060dc00000, 0x0000000613f58a40, 0x0000000613f60000)
  from space 101696K,  19% used [0x000000061a2b0000, 0x000000061b635e88, 0x0000000620600000)
  to   space 101696K,   0% used [0x0000000613f60000, 0x0000000613f60000, 0x000000061a2b0000)
 concurrent mark-sweep generation total 610132K, used 464953K [0x00000006228c0000, 0x0000000647c95000, 0x00000007c0000000)
 concurrent-mark-sweep perm gen total 262144K, used 86431K [0x00000007c0000000, 0x00000007d0000000, 0x0000000800000000)
110.966: [GC 110.966: [ParNew
Desired survivor size 104136704 bytes, new threshold 5 (max 5)
- age   1:    9966464 bytes,    9966464 total
- age   2:    5568888 bytes,   15535352 total
- age   3:    9628872 bytes,   25164224 total
- age   4:    1000200 bytes,   26164424 total
- age   5:     954784 bytes,   27119208 total
: 121722K->30811K(203456K), 0.0208628 secs] 586676K->495967K(813588K), 0.0209220 secs] [Times: user=0.09 sys=0.00, real=0.02 secs] 
Heap after GC invocations=181 (full 6):
 par new generation   total 203456K, used 30811K [0x000000060dc00000, 0x0000000620600000, 0x00000006228c0000)
  eden space 101760K,   0% used [0x000000060dc00000, 0x000000060dc00000, 0x0000000613f60000)
  from space 101696K,  30% used [0x0000000613f60000, 0x0000000615d76f10, 0x000000061a2b0000)
  to   space 101696K,   0% used [0x000000061a2b0000, 0x000000061a2b0000, 0x0000000620600000)
 concurrent mark-sweep generation total 610132K, used 465156K [0x00000006228c0000, 0x0000000647c95000, 0x00000007c0000000)
 concurrent-mark-sweep perm gen total 262144K, used 86431K [0x00000007c0000000, 0x00000007d0000000, 0x0000000800000000)
}
{Heap before GC invocations=181 (full 6):
 par new generation   total 203456K, used 132571K [0x000000060dc00000, 0x0000000620600000, 0x00000006228c0000)
  eden space 101760K, 100% used [0x000000060dc00000, 0x0000000613f60000, 0x0000000613f60000)
  from space 101696K,  30% used [0x0000000613f60000, 0x0000000615d76f10, 0x000000061a2b0000)
  to   space 101696K,   0% used [0x000000061a2b0000, 0x000000061a2b0000, 0x0000000620600000)
 concurrent mark-sweep generation total 610132K, used 465156K [0x00000006228c0000, 0x0000000647c95000, 0x00000007c0000000)
 concurrent-mark-sweep perm gen total 262144K, used 86886K [0x00000007c0000000, 0x00000007d0000000, 0x0000000800000000)
111.510: [GC 111.510: [ParNew
Desired survivor size 104136704 bytes, new threshold 5 (max 5)
- age   1:   12417176 bytes,   12417176 total
- age   2:    7969336 bytes,   20386512 total
- age   3:    5561424 bytes,   25947936 total
- age   4:    9628872 bytes,   35576808 total
- age   5:    1000200 bytes,   36577008 total
: 132571K->40942K(203456K), 0.0252232 secs] 597727K->507046K(813588K), 0.0252858 secs] [Times: user=0.13 sys=0.00, real=0.02 secs] 
Heap after GC invocations=182 (full 6):
 par new generation   total 203456K, used 40942K [0x000000060dc00000, 0x0000000620600000, 0x00000006228c0000)
  eden space 101760K,   0% used [0x000000060dc00000, 0x000000060dc00000, 0x0000000613f60000)
  from space 101696K,  40% used [0x000000061a2b0000, 0x000000061caab880, 0x0000000620600000)
  to   space 101696K,   0% used [0x0000000613f60000, 0x0000000613f60000, 0x000000061a2b0000)
 concurrent mark-sweep generation total 610132K, used 466104K [0x00000006228c0000, 0x0000000647c95000, 0x00000007c0000000)
 concurrent-mark-sweep perm gen total 262144K, used 86886K [0x00000007c0000000, 0x00000007d0000000, 0x0000000800000000)
}
{Heap before GC invocations=182 (full 6):
 par new generation   total 203456K, used 142702K [0x000000060dc00000, 0x0000000620600000, 0x00000006228c0000)
  eden space 101760K, 100% used [0x000000060dc00000, 0x0000000613f60000, 0x0000000613f60000)
  from space 101696K,  40% used [0x000000061a2b0000, 0x000000061caab880, 0x0000000620600000)
  to   space 101696K,   0% used [0x0000000613f60000, 0x0000000613f60000, 0x000000061a2b0000)
 concurrent mark-sweep generation total 610132K, used 466104K [0x00000006228c0000, 0x0000000647c95000, 0x00000007c0000000)
 concurrent-mark-sweep perm gen total 262144K, used 87488K [0x00000007c0000000, 0x00000007d0000000, 0x0000000800000000)
111.925: [GC 111.925: [ParNew
Desired survivor size 104136704 bytes, new threshold 5 (max 5)
- age   1:    5145864 bytes,    5145864 total
- age   2:   10501080 bytes,   15646944 total
- age   3:    7969104 bytes,   23616048 total
- age   4:    5561424 bytes,   29177472 total
- age   5:    9629016 bytes,   38806488 total
: 142702K->48912K(203456K), 0.0275132 secs] 608806K->516009K(813588K), 0.0275851 secs] [Times: user=0.12 sys=0.00, real=0.03 secs] 
Heap after GC invocations=183 (full 6):
 par new generation   total 203456K, used 48912K [0x000000060dc00000, 0x0000000620600000, 0x00000006228c0000)
  eden space 101760K,   0% used [0x000000060dc00000, 0x000000060dc00000, 0x0000000613f60000)
  from space 101696K,  48% used [0x0000000613f60000, 0x0000000616f241f8, 0x000000061a2b0000)
  to   space 101696K,   0% used [0x000000061a2b0000, 0x000000061a2b0000, 0x0000000620600000)
 concurrent mark-sweep generation total 610132K, used 467097K [0x00000006228c0000, 0x0000000647c95000, 0x00000007c0000000)
 concurrent-mark-sweep perm gen total 262144K, used 87488K [0x00000007c0000000, 0x00000007d0000000, 0x0000000800000000)
}
{Heap before GC invocations=183 (full 6):
 par new generation   total 203456K, used 150672K [0x000000060dc00000, 0x0000000620600000, 0x00000006228c0000)
  eden space 101760K, 100% used [0x000000060dc00000, 0x0000000613f60000, 0x0000000613f60000)
  from space 101696K,  48% used [0x0000000613f60000, 0x0000000616f241f8, 0x000000061a2b0000)
  to   space 101696K,   0% used [0x000000061a2b0000, 0x000000061a2b0000, 0x0000000620600000)
 concurrent mark-sweep generation total 610132K, used 467097K [0x00000006228c0000, 0x0000000647c95000, 0x00000007c0000000)
 concurrent-mark-sweep perm gen total 262144K, used 88360K [0x00000007c0000000, 0x00000007d0000000, 0x0000000800000000)
112.665: [GC 112.665: [ParNew
Desired survivor size 104136704 bytes, new threshold 5 (max 5)
- age   1:    6737288 bytes,    6737288 total
- age   2:    3930200 bytes,   10667488 total
- age   3:   10479320 bytes,   21146808 total
- age   4:    7968656 bytes,   29115464 total
- age   5:    5560360 bytes,   34675824 total
: 150672K->49710K(203456K), 0.0433688 secs] 617769K->524802K(813588K), 0.0434705 secs] [Times: user=0.17 sys=0.00, real=0.04 secs] 
Heap after GC invocations=184 (full 6):
 par new generation   total 203456K, used 49710K [0x000000060dc00000, 0x0000000620600000, 0x00000006228c0000)
  eden space 101760K,   0% used [0x000000060dc00000, 0x000000060dc00000, 0x0000000613f60000)
  from space 101696K,  48% used [0x000000061a2b0000, 0x000000061d33b998, 0x0000000620600000)
  to   space 101696K,   0% used [0x0000000613f60000, 0x0000000613f60000, 0x000000061a2b0000)
 concurrent mark-sweep generation total 610132K, used 475091K [0x00000006228c0000, 0x0000000647c95000, 0x00000007c0000000)
 concurrent-mark-sweep perm gen total 262144K, used 88360K [0x00000007c0000000, 0x00000007d0000000, 0x0000000800000000)
}
{Heap before GC invocations=184 (full 6):
 par new generation   total 203456K, used 151470K [0x000000060dc00000, 0x0000000620600000, 0x00000006228c0000)
  eden space 101760K, 100% used [0x000000060dc00000, 0x0000000613f60000, 0x0000000613f60000)
  from space 101696K,  48% used [0x000000061a2b0000, 0x000000061d33b998, 0x0000000620600000)
  to   space 101696K,   0% used [0x0000000613f60000, 0x0000000613f60000, 0x000000061a2b0000)
 concurrent mark-sweep generation total 610132K, used 475091K [0x00000006228c0000, 0x0000000647c95000, 0x00000007c0000000)
 concurrent-mark-sweep perm gen total 262144K, used 88834K [0x00000007c0000000, 0x00000007d0000000, 0x0000000800000000)
113.816: [GC 113.816: [ParNew
Desired survivor size 104136704 bytes, new threshold 5 (max 5)
- age   1:   34765952 bytes,   34765952 total
- age   2:    3237424 bytes,   38003376 total
- age   3:    1424392 bytes,   39427768 total
- age   4:    7890632 bytes,   47318400 total
- age   5:     608304 bytes,   47926704 total
: 151470K->49847K(203456K), 0.0291725 secs] 626562K->527004K(813588K), 0.0292409 secs] [Times: user=0.09 sys=0.00, real=0.03 secs] 
Heap after GC invocations=185 (full 6):
 par new generation   total 203456K, used 49847K [0x000000060dc00000, 0x0000000620600000, 0x00000006228c0000)
  eden space 101760K,   0% used [0x000000060dc00000, 0x000000060dc00000, 0x0000000613f60000)
  from space 101696K,  49% used [0x0000000613f60000, 0x000000061700de30, 0x000000061a2b0000)
  to   space 101696K,   0% used [0x000000061a2b0000, 0x000000061a2b0000, 0x0000000620600000)
 concurrent mark-sweep generation total 610132K, used 477157K [0x00000006228c0000, 0x0000000647c95000, 0x00000007c0000000)
 concurrent-mark-sweep perm gen total 262144K, used 88834K [0x00000007c0000000, 0x00000007d0000000, 0x0000000800000000)
}
{Heap before GC invocations=185 (full 6):
 par new generation   total 203456K, used 151607K [0x000000060dc00000, 0x0000000620600000, 0x00000006228c0000)
  eden space 101760K, 100% used [0x000000060dc00000, 0x0000000613f60000, 0x0000000613f60000)
  from space 101696K,  49% used [0x0000000613f60000, 0x000000061700de30, 0x000000061a2b0000)
  to   space 101696K,   0% used [0x000000061a2b0000, 0x000000061a2b0000, 0x0000000620600000)
 concurrent mark-sweep generation total 610132K, used 477157K [0x00000006228c0000, 0x0000000647c95000, 0x00000007c0000000)
 concurrent-mark-sweep perm gen total 262144K, used 88901K [0x00000007c0000000, 0x00000007d0000000, 0x0000000800000000)
114.454: [GC 114.454: [ParNew
Desired survivor size 104136704 bytes, new threshold 5 (max 5)
- age   1:    3423208 bytes,    3423208 total
- age   2:   34032992 bytes,   37456200 total
- age   3:    3237160 bytes,   40693360 total
- age   4:    1424392 bytes,   42117752 total
- age   5:    7890672 bytes,   50008424 total
: 151607K->57022K(203456K), 0.0309652 secs] 628764K->534781K(813588K), 0.0310283 secs] [Times: user=0.11 sys=0.00, real=0.03 secs] 
Heap after GC invocations=186 (full 6):
 par new generation   total 203456K, used 57022K [0x000000060dc00000, 0x0000000620600000, 0x00000006228c0000)
  eden space 101760K,   0% used [0x000000060dc00000, 0x000000060dc00000, 0x0000000613f60000)
  from space 101696K,  56% used [0x000000061a2b0000, 0x000000061da5fb60, 0x0000000620600000)
  to   space 101696K,   0% used [0x0000000613f60000, 0x0000000613f60000, 0x000000061a2b0000)
 concurrent mark-sweep generation total 610132K, used 477759K [0x00000006228c0000, 0x0000000647c95000, 0x00000007c0000000)
 concurrent-mark-sweep perm gen total 262144K, used 88901K [0x00000007c0000000, 0x00000007d0000000, 0x0000000800000000)
}
{Heap before GC invocations=186 (full 6):
 par new generation   total 203456K, used 158782K [0x000000060dc00000, 0x0000000620600000, 0x00000006228c0000)
  eden space 101760K, 100% used [0x000000060dc00000, 0x0000000613f60000, 0x0000000613f60000)
  from space 101696K,  56% used [0x000000061a2b0000, 0x000000061da5fb60, 0x0000000620600000)
  to   space 101696K,   0% used [0x0000000613f60000, 0x0000000613f60000, 0x000000061a2b0000)
 concurrent mark-sweep generation total 610132K, used 477759K [0x00000006228c0000, 0x0000000647c95000, 0x00000007c0000000)
 concurrent-mark-sweep perm gen total 262144K, used 88901K [0x00000007c0000000, 0x00000007d0000000, 0x0000000800000000)
115.205: [GC 115.205: [ParNew
Desired survivor size 104136704 bytes, new threshold 5 (max 5)
- age   1:    5266400 bytes,    5266400 total
- age   2:    2280240 bytes,    7546640 total
- age   3:   34005384 bytes,   41552024 total
- age   4:    3237160 bytes,   44789184 total
- age   5:    1424392 bytes,   46213576 total
: 158782K->66829K(203456K), 0.0361167 secs] 636541K->552742K(813588K), 0.0361880 secs] [Times: user=0.09 sys=0.01, real=0.04 secs] 
Heap after GC invocations=187 (full 6):
 par new generation   total 203456K, used 66829K [0x000000060dc00000, 0x0000000620600000, 0x00000006228c0000)
  eden space 101760K,   0% used [0x000000060dc00000, 0x000000060dc00000, 0x0000000613f60000)
  from space 101696K,  65% used [0x0000000613f60000, 0x00000006180a3708, 0x000000061a2b0000)
  to   space 101696K,   0% used [0x000000061a2b0000, 0x000000061a2b0000, 0x0000000620600000)
 concurrent mark-sweep generation total 610132K, used 485912K [0x00000006228c0000, 0x0000000647c95000, 0x00000007c0000000)
 concurrent-mark-sweep perm gen total 262144K, used 88901K [0x00000007c0000000, 0x00000007d0000000, 0x0000000800000000)
}
{Heap before GC invocations=187 (full 6):
 par new generation   total 203456K, used 168589K [0x000000060dc00000, 0x0000000620600000, 0x00000006228c0000)
  eden space 101760K, 100% used [0x000000060dc00000, 0x0000000613f60000, 0x0000000613f60000)
  from space 101696K,  65% used [0x0000000613f60000, 0x00000006180a3708, 0x000000061a2b0000)
  to   space 101696K,   0% used [0x000000061a2b0000, 0x000000061a2b0000, 0x0000000620600000)
 concurrent mark-sweep generation total 610132K, used 485912K [0x00000006228c0000, 0x0000000647c95000, 0x00000007c0000000)
 concurrent-mark-sweep perm gen total 262144K, used 89619K [0x00000007c0000000, 0x00000007d0000000, 0x0000000800000000)
118.237: [GC 118.237: [ParNew
Desired survivor size 104136704 bytes, new threshold 5 (max 5)
- age   1:    4808752 bytes,    4808752 total
- age   2:    4457040 bytes,    9265792 total
- age   3:     902552 bytes,   10168344 total
- age   4:   33950736 bytes,   44119080 total
- age   5:    3196312 bytes,   47315392 total
: 168589K->54190K(203456K), 0.0238069 secs] 654502K->541523K(813588K), 0.0238783 secs] [Times: user=0.09 sys=0.02, real=0.02 secs] 
Heap after GC invocations=188 (full 6):
 par new generation   total 203456K, used 54190K [0x000000060dc00000, 0x0000000620600000, 0x00000006228c0000)
  eden space 101760K,   0% used [0x000000060dc00000, 0x000000060dc00000, 0x0000000613f60000)
  from space 101696K,  53% used [0x000000061a2b0000, 0x000000061d79ba10, 0x0000000620600000)
  to   space 101696K,   0% used [0x0000000613f60000, 0x0000000613f60000, 0x000000061a2b0000)
 concurrent mark-sweep generation total 610132K, used 487333K [0x00000006228c0000, 0x0000000647c95000, 0x00000007c0000000)
 concurrent-mark-sweep perm gen total 262144K, used 89619K [0x00000007c0000000, 0x00000007d0000000, 0x0000000800000000)
}
{Heap before GC invocations=188 (full 6):
 par new generation   total 203456K, used 155950K [0x000000060dc00000, 0x0000000620600000, 0x00000006228c0000)
  eden space 101760K, 100% used [0x000000060dc00000, 0x0000000613f60000, 0x0000000613f60000)
  from space 101696K,  53% used [0x000000061a2b0000, 0x000000061d79ba10, 0x0000000620600000)
  to   space 101696K,   0% used [0x0000000613f60000, 0x0000000613f60000, 0x000000061a2b0000)
 concurrent mark-sweep generation total 610132K, used 487333K [0x00000006228c0000, 0x0000000647c95000, 0x00000007c0000000)
 concurrent-mark-sweep perm gen total 262144K, used 90107K [0x00000007c0000000, 0x00000007d0000000, 0x0000000800000000)
122.142: [GC 122.142: [ParNew
Desired survivor size 104136704 bytes, new threshold 5 (max 5)
- age   1:    3677296 bytes,    3677296 total
- age   2:    3627480 bytes,    7304776 total
- age   3:      57968 bytes,    7362744 total
- age   4:     896544 bytes,    8259288 total
- age   5:   33943688 bytes,   42202976 total
: 155950K->53183K(203456K), 0.0218528 secs] 643283K->543645K(813588K), 0.0219144 secs] [Times: user=0.05 sys=0.00, real=0.02 secs] 
Heap after GC invocations=189 (full 6):
 par new generation   total 203456K, used 53183K [0x000000060dc00000, 0x0000000620600000, 0x00000006228c0000)
  eden space 101760K,   0% used [0x000000060dc00000, 0x000000060dc00000, 0x0000000613f60000)
  from space 101696K,  52% used [0x0000000613f60000, 0x000000061734ffc0, 0x000000061a2b0000)
  to   space 101696K,   0% used [0x000000061a2b0000, 0x000000061a2b0000, 0x0000000620600000)
 concurrent mark-sweep generation total 610132K, used 490461K [0x00000006228c0000, 0x0000000647c95000, 0x00000007c0000000)
 concurrent-mark-sweep perm gen total 262144K, used 90107K [0x00000007c0000000, 0x00000007d0000000, 0x0000000800000000)
}
{Heap before GC invocations=189 (full 6):
 par new generation   total 203456K, used 154943K [0x000000060dc00000, 0x0000000620600000, 0x00000006228c0000)
  eden space 101760K, 100% used [0x000000060dc00000, 0x0000000613f60000, 0x0000000613f60000)
  from space 101696K,  52% used [0x0000000613f60000, 0x000000061734ffc0, 0x000000061a2b0000)
  to   space 101696K,   0% used [0x000000061a2b0000, 0x000000061a2b0000, 0x0000000620600000)
 concurrent mark-sweep generation total 610132K, used 490461K [0x00000006228c0000, 0x0000000647c95000, 0x00000007c0000000)
 concurrent-mark-sweep perm gen total 262144K, used 90748K [0x00000007c0000000, 0x00000007d0000000, 0x0000000800000000)
124.290: [GC 124.290: [ParNew
Desired survivor size 104136704 bytes, new threshold 5 (max 5)
- age   1:    3258680 bytes,    3258680 total
- age   2:    1230984 bytes,    4489664 total
- age   3:    3062200 bytes,    7551864 total
- age   4:      57968 bytes,    7609832 total
- age   5:     896544 bytes,    8506376 total
: 154943K->20397K(203456K), 0.0497552 secs] 645405K->542905K(813588K), 0.0498300 secs] [Times: user=0.05 sys=0.03, real=0.05 secs] 
Heap after GC invocations=190 (full 6):
 par new generation   total 203456K, used 20397K [0x000000060dc00000, 0x0000000620600000, 0x00000006228c0000)
  eden space 101760K,   0% used [0x000000060dc00000, 0x000000060dc00000, 0x0000000613f60000)
  from space 101696K,  20% used [0x000000061a2b0000, 0x000000061b69b738, 0x0000000620600000)
  to   space 101696K,   0% used [0x0000000613f60000, 0x0000000613f60000, 0x000000061a2b0000)
 concurrent mark-sweep generation total 610132K, used 522507K [0x00000006228c0000, 0x0000000647c95000, 0x00000007c0000000)
 concurrent-mark-sweep perm gen total 262144K, used 90748K [0x00000007c0000000, 0x00000007d0000000, 0x0000000800000000)
}
{Heap before GC invocations=190 (full 6):
 par new generation   total 203456K, used 122157K [0x000000060dc00000, 0x0000000620600000, 0x00000006228c0000)
  eden space 101760K, 100% used [0x000000060dc00000, 0x0000000613f60000, 0x0000000613f60000)
  from space 101696K,  20% used [0x000000061a2b0000, 0x000000061b69b738, 0x0000000620600000)
  to   space 101696K,   0% used [0x0000000613f60000, 0x0000000613f60000, 0x000000061a2b0000)
 concurrent mark-sweep generation total 610132K, used 522507K [0x00000006228c0000, 0x0000000647c95000, 0x00000007c0000000)
 concurrent-mark-sweep perm gen total 262144K, used 91336K [0x00000007c0000000, 0x00000007d0000000, 0x0000000800000000)
126.771: [GC 126.771: [ParNew
Desired survivor size 104136704 bytes, new threshold 5 (max 5)
- age   1:    3880496 bytes,    3880496 total
- age   2:    1698456 bytes,    5578952 total
- age   3:    1104168 bytes,    6683120 total
- age   4:    3043008 bytes,    9726128 total
- age   5:      57968 bytes,    9784096 total
: 122157K->11967K(203456K), 0.0110924 secs] 644665K->535351K(813588K), 0.0111833 secs] [Times: user=0.06 sys=0.00, real=0.01 secs] 
Heap after GC invocations=191 (full 6):
 par new generation   total 203456K, used 11967K [0x000000060dc00000, 0x0000000620600000, 0x00000006228c0000)
  eden space 101760K,   0% used [0x000000060dc00000, 0x000000060dc00000, 0x0000000613f60000)
  from space 101696K,  11% used [0x0000000613f60000, 0x0000000614b0ff20, 0x000000061a2b0000)
  to   space 101696K,   0% used [0x000000061a2b0000, 0x000000061a2b0000, 0x0000000620600000)
 concurrent mark-sweep generation total 610132K, used 523383K [0x00000006228c0000, 0x0000000647c95000, 0x00000007c0000000)
 concurrent-mark-sweep perm gen total 262144K, used 91336K [0x00000007c0000000, 0x00000007d0000000, 0x0000000800000000)
}
{Heap before GC invocations=191 (full 6):
 par new generation   total 203456K, used 113727K [0x000000060dc00000, 0x0000000620600000, 0x00000006228c0000)
  eden space 101760K, 100% used [0x000000060dc00000, 0x0000000613f60000, 0x0000000613f60000)
  from space 101696K,  11% used [0x0000000613f60000, 0x0000000614b0ff20, 0x000000061a2b0000)
  to   space 101696K,   0% used [0x000000061a2b0000, 0x000000061a2b0000, 0x0000000620600000)
 concurrent mark-sweep generation total 610132K, used 523383K [0x00000006228c0000, 0x0000000647c95000, 0x00000007c0000000)
 concurrent-mark-sweep perm gen total 262144K, used 91513K [0x00000007c0000000, 0x00000007d0000000, 0x0000000800000000)
129.451: [GC 129.451: [ParNew
Desired survivor size 104136704 bytes, new threshold 5 (max 5)
- age   1:   12935488 bytes,   12935488 total
- age   2:    3030432 bytes,   15965920 total
- age   3:    1675976 bytes,   17641896 total
- age   4:    1103704 bytes,   18745600 total
- age   5:    3043008 bytes,   21788608 total
: 113727K->24303K(203456K), 0.0179510 secs] 637111K->547744K(813588K), 0.0180097 secs] [Times: user=0.05 sys=0.00, real=0.02 secs] 
Heap after GC invocations=192 (full 6):
 par new generation   total 203456K, used 24303K [0x000000060dc00000, 0x0000000620600000, 0x00000006228c0000)
  eden space 101760K,   0% used [0x000000060dc00000, 0x000000060dc00000, 0x0000000613f60000)
  from space 101696K,  23% used [0x000000061a2b0000, 0x000000061ba6bf80, 0x0000000620600000)
  to   space 101696K,   0% used [0x0000000613f60000, 0x0000000613f60000, 0x000000061a2b0000)
 concurrent mark-sweep generation total 610132K, used 523440K [0x00000006228c0000, 0x0000000647c95000, 0x00000007c0000000)
 concurrent-mark-sweep perm gen total 262144K, used 91513K [0x00000007c0000000, 0x00000007d0000000, 0x0000000800000000)
}
{Heap before GC invocations=192 (full 6):
 par new generation   total 203456K, used 126063K [0x000000060dc00000, 0x0000000620600000, 0x00000006228c0000)
  eden space 101760K, 100% used [0x000000060dc00000, 0x0000000613f60000, 0x0000000613f60000)
  from space 101696K,  23% used [0x000000061a2b0000, 0x000000061ba6bf80, 0x0000000620600000)
  to   space 101696K,   0% used [0x0000000613f60000, 0x0000000613f60000, 0x000000061a2b0000)
 concurrent mark-sweep generation total 610132K, used 523440K [0x00000006228c0000, 0x0000000647c95000, 0x00000007c0000000)
 concurrent-mark-sweep perm gen total 262144K, used 91561K [0x00000007c0000000, 0x00000007d0000000, 0x0000000800000000)
132.354: [GC 132.354: [ParNew
Desired survivor size 104136704 bytes, new threshold 5 (max 5)
- age   1:    6003016 bytes,    6003016 total
- age   2:    4105616 bytes,   10108632 total
- age   3:    3024104 bytes,   13132736 total
- age   4:    1672504 bytes,   14805240 total
- age   5:    1103256 bytes,   15908496 total
: 126063K->21425K(203456K), 0.0175565 secs] 649504K->547840K(813588K), 0.0176342 secs] [Times: user=0.06 sys=0.00, real=0.02 secs] 
Heap after GC invocations=193 (full 6):
 par new generation   total 203456K, used 21425K [0x000000060dc00000, 0x0000000620600000, 0x00000006228c0000)
  eden space 101760K,   0% used [0x000000060dc00000, 0x000000060dc00000, 0x0000000613f60000)
  from space 101696K,  21% used [0x0000000613f60000, 0x000000061544c6b0, 0x000000061a2b0000)
  to   space 101696K,   0% used [0x000000061a2b0000, 0x000000061a2b0000, 0x0000000620600000)
 concurrent mark-sweep generation total 610132K, used 526415K [0x00000006228c0000, 0x0000000647c95000, 0x00000007c0000000)
 concurrent-mark-sweep perm gen total 262144K, used 91561K [0x00000007c0000000, 0x00000007d0000000, 0x0000000800000000)
}
{Heap before GC invocations=193 (full 6):
 par new generation   total 203456K, used 123156K [0x000000060dc00000, 0x0000000620600000, 0x00000006228c0000)
  eden space 101760K,  99% used [0x000000060dc00000, 0x0000000613f58c60, 0x0000000613f60000)
  from space 101696K,  21% used [0x0000000613f60000, 0x000000061544c6b0, 0x000000061a2b0000)
  to   space 101696K,   0% used [0x000000061a2b0000, 0x000000061a2b0000, 0x0000000620600000)
 concurrent mark-sweep generation total 610132K, used 526415K [0x00000006228c0000, 0x0000000647c95000, 0x00000007c0000000)
 concurrent-mark-sweep perm gen total 262144K, used 91664K [0x00000007c0000000, 0x00000007d0000000, 0x0000000800000000)
137.355: [GC 137.355: [ParNew
Desired survivor size 104136704 bytes, new threshold 5 (max 5)
- age   1:   15075824 bytes,   15075824 total
- age   2:    4748040 bytes,   19823864 total
- age   3:    4103360 bytes,   23927224 total
- age   4:    2974872 bytes,   26902096 total
- age   5:     547072 bytes,   27449168 total
: 123156K->30574K(203456K), 0.0231992 secs] 649571K->558063K(813588K), 0.0232672 secs] [Times: user=0.05 sys=0.00, real=0.02 secs] 
Heap after GC invocations=194 (full 6):
 par new generation   total 203456K, used 30574K [0x000000060dc00000, 0x0000000620600000, 0x00000006228c0000)
  eden space 101760K,   0% used [0x000000060dc00000, 0x000000060dc00000, 0x0000000613f60000)
  from space 101696K,  30% used [0x000000061a2b0000, 0x000000061c08bb10, 0x0000000620600000)
  to   space 101696K,   0% used [0x0000000613f60000, 0x0000000613f60000, 0x000000061a2b0000)
 concurrent mark-sweep generation total 610132K, used 527488K [0x00000006228c0000, 0x0000000647c95000, 0x00000007c0000000)
 concurrent-mark-sweep perm gen total 262144K, used 91664K [0x00000007c0000000, 0x00000007d0000000, 0x0000000800000000)
}
{Heap before GC invocations=194 (full 6):
 par new generation   total 203456K, used 132334K [0x000000060dc00000, 0x0000000620600000, 0x00000006228c0000)
  eden space 101760K, 100% used [0x000000060dc00000, 0x0000000613f60000, 0x0000000613f60000)
  from space 101696K,  30% used [0x000000061a2b0000, 0x000000061c08bb10, 0x0000000620600000)
  to   space 101696K,   0% used [0x0000000613f60000, 0x0000000613f60000, 0x000000061a2b0000)
 concurrent mark-sweep generation total 610132K, used 527488K [0x00000006228c0000, 0x0000000647c95000, 0x00000007c0000000)
 concurrent-mark-sweep perm gen total 262144K, used 91813K [0x00000007c0000000, 0x00000007d0000000, 0x0000000800000000)
141.164: [GC 141.164: [ParNew
Desired survivor size 104136704 bytes, new threshold 5 (max 5)
- age   1:    5195408 bytes,    5195408 total
- age   2:   13531248 bytes,   18726656 total
- age   3:    4747400 bytes,   23474056 total
- age   4:    4103120 bytes,   27577176 total
- age   5:    2974240 bytes,   30551416 total
: 132334K->44858K(203456K), 0.0221555 secs] 659823K->572884K(813588K), 0.0230741 secs] [Times: user=0.13 sys=0.00, real=0.02 secs] 
Heap after GC invocations=195 (full 6):
 par new generation   total 203456K, used 44858K [0x000000060dc00000, 0x0000000620600000, 0x00000006228c0000)
  eden space 101760K,   0% used [0x000000060dc00000, 0x000000060dc00000, 0x0000000613f60000)
  from space 101696K,  44% used [0x0000000613f60000, 0x0000000616b2e8c0, 0x000000061a2b0000)
  to   space 101696K,   0% used [0x000000061a2b0000, 0x000000061a2b0000, 0x0000000620600000)
 concurrent mark-sweep generation total 610132K, used 528026K [0x00000006228c0000, 0x0000000647c95000, 0x00000007c0000000)
 concurrent-mark-sweep perm gen total 262144K, used 91813K [0x00000007c0000000, 0x00000007d0000000, 0x0000000800000000)
}
{Heap before GC invocations=195 (full 6):
 par new generation   total 203456K, used 146605K [0x000000060dc00000, 0x0000000620600000, 0x00000006228c0000)
  eden space 101760K,  99% used [0x000000060dc00000, 0x0000000613f5cd38, 0x0000000613f60000)
  from space 101696K,  44% used [0x0000000613f60000, 0x0000000616b2e8c0, 0x000000061a2b0000)
  to   space 101696K,   0% used [0x000000061a2b0000, 0x000000061a2b0000, 0x0000000620600000)
 concurrent mark-sweep generation total 610132K, used 528026K [0x00000006228c0000, 0x0000000647c95000, 0x00000007c0000000)
 concurrent-mark-sweep perm gen total 262144K, used 91880K [0x00000007c0000000, 0x00000007d0000000, 0x0000000800000000)
146.264: [GC 146.264: [ParNew
Desired survivor size 104136704 bytes, new threshold 5 (max 5)
- age   1:   11085904 bytes,   11085904 total
- age   2:    4716616 bytes,   15802520 total
- age   3:   12991600 bytes,   28794120 total
- age   4:    4747192 bytes,   33541312 total
- age   5:    4102920 bytes,   37644232 total
: 146605K->45668K(203456K), 0.0259419 secs] 674631K->576600K(813588K), 0.0260050 secs] [Times: user=0.09 sys=0.02, real=0.03 secs] 
Heap after GC invocations=196 (full 6):
 par new generation   total 203456K, used 45668K [0x000000060dc00000, 0x0000000620600000, 0x00000006228c0000)
  eden space 101760K,   0% used [0x000000060dc00000, 0x000000060dc00000, 0x0000000613f60000)
  from space 101696K,  44% used [0x000000061a2b0000, 0x000000061cf49288, 0x0000000620600000)
  to   space 101696K,   0% used [0x0000000613f60000, 0x0000000613f60000, 0x000000061a2b0000)
 concurrent mark-sweep generation total 610132K, used 530931K [0x00000006228c0000, 0x0000000647c95000, 0x00000007c0000000)
 concurrent-mark-sweep perm gen total 262144K, used 91880K [0x00000007c0000000, 0x00000007d0000000, 0x0000000800000000)
}
{Heap before GC invocations=196 (full 6):
 par new generation   total 203456K, used 147428K [0x000000060dc00000, 0x0000000620600000, 0x00000006228c0000)
  eden space 101760K, 100% used [0x000000060dc00000, 0x0000000613f60000, 0x0000000613f60000)
  from space 101696K,  44% used [0x000000061a2b0000, 0x000000061cf49288, 0x0000000620600000)
  to   space 101696K,   0% used [0x0000000613f60000, 0x0000000613f60000, 0x000000061a2b0000)
 concurrent mark-sweep generation total 610132K, used 530931K [0x00000006228c0000, 0x0000000647c95000, 0x00000007c0000000)
 concurrent-mark-sweep perm gen total 262144K, used 92060K [0x00000007c0000000, 0x00000007d0000000, 0x0000000800000000)
150.692: [GC 150.692: [ParNew
Desired survivor size 104136704 bytes, new threshold 5 (max 5)
- age   1:    4477240 bytes,    4477240 total
- age   2:    9281368 bytes,   13758608 total
- age   3:    4461144 bytes,   18219752 total
- age   4:   12988144 bytes,   31207896 total
- age   5:    4742240 bytes,   35950136 total
: 147428K->53993K(203456K), 0.0297034 secs] 678360K->588924K(813588K), 0.0297743 secs] [Times: user=0.11 sys=0.02, real=0.03 secs] 
Heap after GC invocations=197 (full 6):
 par new generation   total 203456K, used 53993K [0x000000060dc00000, 0x0000000620600000, 0x00000006228c0000)
  eden space 101760K,   0% used [0x000000060dc00000, 0x000000060dc00000, 0x0000000613f60000)
  from space 101696K,  53% used [0x0000000613f60000, 0x000000061741a7c8, 0x000000061a2b0000)
  to   space 101696K,   0% used [0x000000061a2b0000, 0x000000061a2b0000, 0x0000000620600000)
 concurrent mark-sweep generation total 610132K, used 534930K [0x00000006228c0000, 0x0000000647c95000, 0x00000007c0000000)
 concurrent-mark-sweep perm gen total 262144K, used 92060K [0x00000007c0000000, 0x00000007d0000000, 0x0000000800000000)
}
{Heap before GC invocations=197 (full 6):
 par new generation   total 203456K, used 155753K [0x000000060dc00000, 0x0000000620600000, 0x00000006228c0000)
  eden space 101760K, 100% used [0x000000060dc00000, 0x0000000613f60000, 0x0000000613f60000)
  from space 101696K,  53% used [0x0000000613f60000, 0x000000061741a7c8, 0x000000061a2b0000)
  to   space 101696K,   0% used [0x000000061a2b0000, 0x000000061a2b0000, 0x0000000620600000)
 concurrent mark-sweep generation total 610132K, used 534930K [0x00000006228c0000, 0x0000000647c95000, 0x00000007c0000000)
 concurrent-mark-sweep perm gen total 262144K, used 92141K [0x00000007c0000000, 0x00000007d0000000, 0x0000000800000000)
163.827: [GC 163.827: [ParNew
Desired survivor size 104136704 bytes, new threshold 5 (max 5)
- age   1:     248200 bytes,     248200 total
- age   2:    4274008 bytes,    4522208 total
- age   3:    9100800 bytes,   13623008 total
- age   4:    4456416 bytes,   18079424 total
- age   5:   12388160 bytes,   30467584 total
: 155753K->41236K(203456K), 0.0283003 secs] 690684K->580792K(813588K), 0.0283658 secs] [Times: user=0.13 sys=0.00, real=0.03 secs] 
Heap after GC invocations=198 (full 6):
 par new generation   total 203456K, used 41236K [0x000000060dc00000, 0x0000000620600000, 0x00000006228c0000)
  eden space 101760K,   0% used [0x000000060dc00000, 0x000000060dc00000, 0x0000000613f60000)
  from space 101696K,  40% used [0x000000061a2b0000, 0x000000061caf5348, 0x0000000620600000)
  to   space 101696K,   0% used [0x0000000613f60000, 0x0000000613f60000, 0x000000061a2b0000)
 concurrent mark-sweep generation total 610132K, used 539556K [0x00000006228c0000, 0x0000000647c95000, 0x00000007c0000000)
 concurrent-mark-sweep perm gen total 262144K, used 92141K [0x00000007c0000000, 0x00000007d0000000, 0x0000000800000000)
}
{Heap before GC invocations=198 (full 6):
 par new generation   total 203456K, used 142996K [0x000000060dc00000, 0x0000000620600000, 0x00000006228c0000)
  eden space 101760K, 100% used [0x000000060dc00000, 0x0000000613f60000, 0x0000000613f60000)
  from space 101696K,  40% used [0x000000061a2b0000, 0x000000061caf5348, 0x0000000620600000)
  to   space 101696K,   0% used [0x0000000613f60000, 0x0000000613f60000, 0x000000061a2b0000)
 concurrent mark-sweep generation total 610132K, used 539556K [0x00000006228c0000, 0x0000000647c95000, 0x00000007c0000000)
 concurrent-mark-sweep perm gen total 262144K, used 92197K [0x00000007c0000000, 0x00000007d0000000, 0x0000000800000000)
174.897: [GC 174.897: [ParNew
Desired survivor size 104136704 bytes, new threshold 5 (max 5)
- age   1:   12128320 bytes,   12128320 total
- age   2:      77024 bytes,   12205344 total
- age   3:    4272464 bytes,   16477808 total
- age   4:    9097400 bytes,   25575208 total
- age   5:    4454024 bytes,   30029232 total
: 142996K->34320K(203456K), 0.0391957 secs] 682552K->586035K(813588K), 0.0392627 secs] [Times: user=0.14 sys=0.01, real=0.04 secs] 
Heap after GC invocations=199 (full 6):
 par new generation   total 203456K, used 34320K [0x000000060dc00000, 0x0000000620600000, 0x00000006228c0000)
  eden space 101760K,   0% used [0x000000060dc00000, 0x000000060dc00000, 0x0000000613f60000)
  from space 101696K,  33% used [0x0000000613f60000, 0x00000006160e4038, 0x000000061a2b0000)
  to   space 101696K,   0% used [0x000000061a2b0000, 0x000000061a2b0000, 0x0000000620600000)
 concurrent mark-sweep generation total 610132K, used 551715K [0x00000006228c0000, 0x0000000647c95000, 0x00000007c0000000)
 concurrent-mark-sweep perm gen total 262144K, used 92197K [0x00000007c0000000, 0x00000007d0000000, 0x0000000800000000)
}
174.936: [GC [1 CMS-initial-mark: 551715K(610132K)] 586841K(813588K), 0.0138752 secs] [Times: user=0.02 sys=0.00, real=0.01 secs] 
174.950: [CMS-concurrent-mark-start]
175.340: [CMS-concurrent-mark: 0.390/0.390 secs] [Times: user=0.61 sys=0.13, real=0.39 secs] 
175.340: [CMS-concurrent-preclean-start]
175.345: [CMS-concurrent-preclean: 0.004/0.004 secs] [Times: user=0.00 sys=0.00, real=0.00 secs] 
175.345: [CMS-concurrent-abortable-preclean-start]
{Heap before GC invocations=199 (full 7):
 par new generation   total 203456K, used 136080K [0x000000060dc00000, 0x0000000620600000, 0x00000006228c0000)
  eden space 101760K, 100% used [0x000000060dc00000, 0x0000000613f60000, 0x0000000613f60000)
  from space 101696K,  33% used [0x0000000613f60000, 0x00000006160e4038, 0x000000061a2b0000)
  to   space 101696K,   0% used [0x000000061a2b0000, 0x000000061a2b0000, 0x0000000620600000)
 concurrent mark-sweep generation total 610132K, used 551715K [0x00000006228c0000, 0x0000000647c95000, 0x00000007c0000000)
 concurrent-mark-sweep perm gen total 262144K, used 92206K [0x00000007c0000000, 0x00000007d0000000, 0x0000000800000000)
180.246: [GC 180.246: [ParNew
Desired survivor size 104136704 bytes, new threshold 5 (max 5)
- age   1:   24504584 bytes,   24504584 total
- age   2:      44920 bytes,   24549504 total
- age   3:      75512 bytes,   24625016 total
- age   4:    4269976 bytes,   28894992 total
- age   5:    9097400 bytes,   37992392 total
: 136080K->51596K(203456K), 0.0403441 secs] 687795K->607671K(813588K), 0.0404047 secs] [Times: user=0.17 sys=0.00, real=0.04 secs] 
Heap after GC invocations=200 (full 7):
 par new generation   total 203456K, used 51596K [0x000000060dc00000, 0x0000000620600000, 0x00000006228c0000)
  eden space 101760K,   0% used [0x000000060dc00000, 0x000000060dc00000, 0x0000000613f60000)
  from space 101696K,  50% used [0x000000061a2b0000, 0x000000061d513260, 0x0000000620600000)
  to   space 101696K,   0% used [0x0000000613f60000, 0x0000000613f60000, 0x000000061a2b0000)
 concurrent mark-sweep generation total 610132K, used 556075K [0x00000006228c0000, 0x0000000647c95000, 0x00000007c0000000)
 concurrent-mark-sweep perm gen total 262144K, used 92206K [0x00000007c0000000, 0x00000007d0000000, 0x0000000800000000)
}
 CMS: abort preclean due to time 180.604: [CMS-concurrent-abortable-preclean: 3.674/5.259 secs] [Times: user=8.52 sys=1.42, real=5.26 secs] 
180.604: [GC[YG occupancy: 100917 K (203456 K)]180.604: [Rescan (parallel) , 0.0230932 secs]180.627: [weak refs processing, 0.0006018 secs]180.628: [class unloading, 0.0165068 secs]180.644: [scrub symbol table, 0.0142501 secs]180.659: [scrub string table, 0.0015508 secs] [1 CMS-remark: 556075K(610132K)] 656992K(813588K), 0.0621495 secs] [Times: user=0.17 sys=0.00, real=0.06 secs] 
180.666: [CMS-concurrent-sweep-start]
180.809: [CMS-concurrent-sweep: 0.143/0.143 secs] [Times: user=0.27 sys=0.06, real=0.14 secs] 
180.809: [CMS-concurrent-reset-start]
180.828: [CMS-concurrent-reset: 0.019/0.019 secs] [Times: user=0.03 sys=0.00, real=0.02 secs] 
{Heap before GC invocations=200 (full 7):
 par new generation   total 203456K, used 153356K [0x000000060dc00000, 0x0000000620600000, 0x00000006228c0000)
  eden space 101760K, 100% used [0x000000060dc00000, 0x0000000613f60000, 0x0000000613f60000)
  from space 101696K,  50% used [0x000000061a2b0000, 0x000000061d513260, 0x0000000620600000)
  to   space 101696K,   0% used [0x0000000613f60000, 0x0000000613f60000, 0x000000061a2b0000)
 concurrent mark-sweep generation total 610132K, used 228547K [0x00000006228c0000, 0x0000000647c95000, 0x00000007c0000000)
 concurrent-mark-sweep perm gen total 262144K, used 92149K [0x00000007c0000000, 0x00000007d0000000, 0x0000000800000000)
181.068: [GC 181.068: [ParNew
Desired survivor size 104136704 bytes, new threshold 5 (max 5)
- age   1:   21700096 bytes,   21700096 total
- age   2:   20813240 bytes,   42513336 total
- age   3:      44312 bytes,   42557648 total
- age   4:      75176 bytes,   42632824 total
- age   5:    4209856 bytes,   46842680 total
: 153356K->61081K(203456K), 0.0375012 secs] 381903K->298124K(813588K), 0.0375745 secs] [Times: user=0.13 sys=0.00, real=0.04 secs] 
Heap after GC invocations=201 (full 7):
 par new generation   total 203456K, used 61081K [0x000000060dc00000, 0x0000000620600000, 0x00000006228c0000)
  eden space 101760K,   0% used [0x000000060dc00000, 0x000000060dc00000, 0x0000000613f60000)
  from space 101696K,  60% used [0x0000000613f60000, 0x0000000617b06730, 0x000000061a2b0000)
  to   space 101696K,   0% used [0x000000061a2b0000, 0x000000061a2b0000, 0x0000000620600000)
 concurrent mark-sweep generation total 610132K, used 237042K [0x00000006228c0000, 0x0000000647c95000, 0x00000007c0000000)
 concurrent-mark-sweep perm gen total 262144K, used 92149K [0x00000007c0000000, 0x00000007d0000000, 0x0000000800000000)
}
{Heap before GC invocations=201 (full 7):
 par new generation   total 203456K, used 162838K [0x000000060dc00000, 0x0000000620600000, 0x00000006228c0000)
  eden space 101760K,  99% used [0x000000060dc00000, 0x0000000613f5f378, 0x0000000613f60000)
  from space 101696K,  60% used [0x0000000613f60000, 0x0000000617b06730, 0x000000061a2b0000)
  to   space 101696K,   0% used [0x000000061a2b0000, 0x000000061a2b0000, 0x0000000620600000)
 concurrent mark-sweep generation total 610132K, used 237042K [0x00000006228c0000, 0x0000000647c95000, 0x00000007c0000000)
 concurrent-mark-sweep perm gen total 262144K, used 92193K [0x00000007c0000000, 0x00000007d0000000, 0x0000000800000000)
197.698: [GC 197.698: [ParNew
Desired survivor size 104136704 bytes, new threshold 5 (max 5)
- age   1:   21743776 bytes,   21743776 total
- age   3:   20808984 bytes,   42552760 total
- age   4:      41056 bytes,   42593816 total
- age   5:      72768 bytes,   42666584 total
: 162838K->50067K(203456K), 0.0363772 secs] 399880K->291243K(813588K), 0.0364398 secs] [Times: user=0.09 sys=0.00, real=0.04 secs] 
Heap after GC invocations=202 (full 7):
 par new generation   total 203456K, used 50067K [0x000000060dc00000, 0x0000000620600000, 0x00000006228c0000)
  eden space 101760K,   0% used [0x000000060dc00000, 0x000000060dc00000, 0x0000000613f60000)
  from space 101696K,  49% used [0x000000061a2b0000, 0x000000061d394db8, 0x0000000620600000)
  to   space 101696K,   0% used [0x0000000613f60000, 0x0000000613f60000, 0x000000061a2b0000)
 concurrent mark-sweep generation total 610132K, used 241176K [0x00000006228c0000, 0x0000000647c95000, 0x00000007c0000000)
 concurrent-mark-sweep perm gen total 262144K, used 92193K [0x00000007c0000000, 0x00000007d0000000, 0x0000000800000000)
}
{Heap before GC invocations=202 (full 7):
 par new generation   total 203456K, used 151827K [0x000000060dc00000, 0x0000000620600000, 0x00000006228c0000)
  eden space 101760K, 100% used [0x000000060dc00000, 0x0000000613f60000, 0x0000000613f60000)
  from space 101696K,  49% used [0x000000061a2b0000, 0x000000061d394db8, 0x0000000620600000)
  to   space 101696K,   0% used [0x0000000613f60000, 0x0000000613f60000, 0x000000061a2b0000)
 concurrent mark-sweep generation total 610132K, used 241176K [0x00000006228c0000, 0x0000000647c95000, 0x00000007c0000000)
 concurrent-mark-sweep perm gen total 262144K, used 92233K [0x00000007c0000000, 0x00000007d0000000, 0x0000000800000000)
208.686: [GC 208.686: [ParNew
Desired survivor size 104136704 bytes, new threshold 5 (max 5)
- age   1:   21747152 bytes,   21747152 total
- age   2:      14944 bytes,   21762096 total
- age   4:   20808968 bytes,   42571064 total
- age   5:      39560 bytes,   42610624 total
: 151827K->64407K(203456K), 0.0303043 secs] 393003K->305653K(813588K), 0.0303898 secs] [Times: user=0.09 sys=0.00, real=0.03 secs] 
Heap after GC invocations=203 (full 7):
 par new generation   total 203456K, used 64407K [0x000000060dc00000, 0x0000000620600000, 0x00000006228c0000)
  eden space 101760K,   0% used [0x000000060dc00000, 0x000000060dc00000, 0x0000000613f60000)
  from space 101696K,  63% used [0x0000000613f60000, 0x0000000617e45e00, 0x000000061a2b0000)
  to   space 101696K,   0% used [0x000000061a2b0000, 0x000000061a2b0000, 0x0000000620600000)
 concurrent mark-sweep generation total 610132K, used 241245K [0x00000006228c0000, 0x0000000647c95000, 0x00000007c0000000)
 concurrent-mark-sweep perm gen total 262144K, used 92233K [0x00000007c0000000, 0x00000007d0000000, 0x0000000800000000)
}
{Heap before GC invocations=203 (full 7):
 par new generation   total 203456K, used 166167K [0x000000060dc00000, 0x0000000620600000, 0x00000006228c0000)
  eden space 101760K, 100% used [0x000000060dc00000, 0x0000000613f60000, 0x0000000613f60000)
  from space 101696K,  63% used [0x0000000613f60000, 0x0000000617e45e00, 0x000000061a2b0000)
  to   space 101696K,   0% used [0x000000061a2b0000, 0x000000061a2b0000, 0x0000000620600000)
 concurrent mark-sweep generation total 610132K, used 241245K [0x00000006228c0000, 0x0000000647c95000, 0x00000007c0000000)
 concurrent-mark-sweep perm gen total 262144K, used 92245K [0x00000007c0000000, 0x00000007d0000000, 0x0000000800000000)
216.026: [GC 216.027: [ParNew
Desired survivor size 104136704 bytes, new threshold 5 (max 5)
- age   1:    5928272 bytes,    5928272 total
- age   2:      16232 bytes,    5944504 total
- age   3:      14600 bytes,    5959104 total
- age   5:   20808944 bytes,   26768048 total
: 166167K->34307K(203456K), 0.0404150 secs] 407413K->275592K(813588K), 0.0404751 secs] [Times: user=0.14 sys=0.00, real=0.04 secs] 
Heap after GC invocations=204 (full 7):
 par new generation   total 203456K, used 34307K [0x000000060dc00000, 0x0000000620600000, 0x00000006228c0000)
  eden space 101760K,   0% used [0x000000060dc00000, 0x000000060dc00000, 0x0000000613f60000)
  from space 101696K,  33% used [0x000000061a2b0000, 0x000000061c430ed8, 0x0000000620600000)
  to   space 101696K,   0% used [0x0000000613f60000, 0x0000000613f60000, 0x000000061a2b0000)
 concurrent mark-sweep generation total 610132K, used 241284K [0x00000006228c0000, 0x0000000647c95000, 0x00000007c0000000)
 concurrent-mark-sweep perm gen total 262144K, used 92245K [0x00000007c0000000, 0x00000007d0000000, 0x0000000800000000)
}
{Heap before GC invocations=204 (full 7):
 par new generation   total 203456K, used 136067K [0x000000060dc00000, 0x0000000620600000, 0x00000006228c0000)
  eden space 101760K, 100% used [0x000000060dc00000, 0x0000000613f60000, 0x0000000613f60000)
  from space 101696K,  33% used [0x000000061a2b0000, 0x000000061c430ed8, 0x0000000620600000)
  to   space 101696K,   0% used [0x0000000613f60000, 0x0000000613f60000, 0x000000061a2b0000)
 concurrent mark-sweep generation total 610132K, used 241284K [0x00000006228c0000, 0x0000000647c95000, 0x00000007c0000000)
 concurrent-mark-sweep perm gen total 262144K, used 92252K [0x00000007c0000000, 0x00000007d0000000, 0x0000000800000000)
225.886: [GC 225.886: [ParNew
Desired survivor size 104136704 bytes, new threshold 5 (max 5)
- age   1:   21745688 bytes,   21745688 total
- age   2:      16416 bytes,   21762104 total
- age   3:      14816 bytes,   21776920 total
- age   4:      14568 bytes,   21791488 total
: 136067K->33085K(203456K), 0.0484401 secs] 377352K->295638K(813588K), 0.0485066 secs] [Times: user=0.19 sys=0.00, real=0.05 secs] 
Heap after GC invocations=205 (full 7):
 par new generation   total 203456K, used 33085K [0x000000060dc00000, 0x0000000620600000, 0x00000006228c0000)
  eden space 101760K,   0% used [0x000000060dc00000, 0x000000060dc00000, 0x0000000613f60000)
  from space 101696K,  32% used [0x0000000613f60000, 0x0000000615faf500, 0x000000061a2b0000)
  to   space 101696K,   0% used [0x000000061a2b0000, 0x000000061a2b0000, 0x0000000620600000)
 concurrent mark-sweep generation total 610132K, used 262553K [0x00000006228c0000, 0x0000000647c95000, 0x00000007c0000000)
 concurrent-mark-sweep perm gen total 262144K, used 92252K [0x00000007c0000000, 0x00000007d0000000, 0x0000000800000000)
}
{Heap before GC invocations=205 (full 7):
 par new generation   total 203456K, used 134845K [0x000000060dc00000, 0x0000000620600000, 0x00000006228c0000)
  eden space 101760K, 100% used [0x000000060dc00000, 0x0000000613f60000, 0x0000000613f60000)
  from space 101696K,  32% used [0x0000000613f60000, 0x0000000615faf500, 0x000000061a2b0000)
  to   space 101696K,   0% used [0x000000061a2b0000, 0x000000061a2b0000, 0x0000000620600000)
 concurrent mark-sweep generation total 610132K, used 262553K [0x00000006228c0000, 0x0000000647c95000, 0x00000007c0000000)
 concurrent-mark-sweep perm gen total 262144K, used 92274K [0x00000007c0000000, 0x00000007d0000000, 0x0000000800000000)
238.048: [GC 238.048: [ParNew
Desired survivor size 104136704 bytes, new threshold 5 (max 5)
- age   1:     137048 bytes,     137048 total
- age   2:   21651448 bytes,   21788496 total
- age   3:      16384 bytes,   21804880 total
- age   4:      12048 bytes,   21816928 total
- age   5:      14400 bytes,   21831328 total
: 134845K->27002K(203456K), 0.0199330 secs] 397398K->289556K(813588K), 0.0200097 secs] [Times: user=0.05 sys=0.00, real=0.02 secs] 
Heap after GC invocations=206 (full 7):
 par new generation   total 203456K, used 27002K [0x000000060dc00000, 0x0000000620600000, 0x00000006228c0000)
  eden space 101760K,   0% used [0x000000060dc00000, 0x000000060dc00000, 0x0000000613f60000)
  from space 101696K,  26% used [0x000000061a2b0000, 0x000000061bd0eb70, 0x0000000620600000)
  to   space 101696K,   0% used [0x0000000613f60000, 0x0000000613f60000, 0x000000061a2b0000)
 concurrent mark-sweep generation total 610132K, used 262553K [0x00000006228c0000, 0x0000000647c95000, 0x00000007c0000000)
 concurrent-mark-sweep perm gen total 262144K, used 92274K [0x00000007c0000000, 0x00000007d0000000, 0x0000000800000000)
}
{Heap before GC invocations=206 (full 7):
 par new generation   total 203456K, used 128762K [0x000000060dc00000, 0x0000000620600000, 0x00000006228c0000)
  eden space 101760K, 100% used [0x000000060dc00000, 0x0000000613f60000, 0x0000000613f60000)
  from space 101696K,  26% used [0x000000061a2b0000, 0x000000061bd0eb70, 0x0000000620600000)
  to   space 101696K,   0% used [0x0000000613f60000, 0x0000000613f60000, 0x000000061a2b0000)
 concurrent mark-sweep generation total 610132K, used 262553K [0x00000006228c0000, 0x0000000647c95000, 0x00000007c0000000)
 concurrent-mark-sweep perm gen total 262144K, used 92295K [0x00000007c0000000, 0x00000007d0000000, 0x0000000800000000)
253.327: [GC 253.327: [ParNew
Desired survivor size 104136704 bytes, new threshold 5 (max 5)
- age   1:     144704 bytes,     144704 total
- age   2:      18464 bytes,     163168 total
- age   3:   21642848 bytes,   21806016 total
- age   4:      16384 bytes,   21822400 total
- age   5:      10872 bytes,   21833272 total
: 128762K->28158K(203456K), 0.0180376 secs] 391316K->290725K(813588K), 0.0180923 secs] [Times: user=0.06 sys=0.00, real=0.02 secs] 
Heap after GC invocations=207 (full 7):
 par new generation   total 203456K, used 28158K [0x000000060dc00000, 0x0000000620600000, 0x00000006228c0000)
  eden space 101760K,   0% used [0x000000060dc00000, 0x000000060dc00000, 0x0000000613f60000)
  from space 101696K,  27% used [0x0000000613f60000, 0x0000000615adfb98, 0x000000061a2b0000)
  to   space 101696K,   0% used [0x000000061a2b0000, 0x000000061a2b0000, 0x0000000620600000)
 concurrent mark-sweep generation total 610132K, used 262567K [0x00000006228c0000, 0x0000000647c95000, 0x00000007c0000000)
 concurrent-mark-sweep perm gen total 262144K, used 92295K [0x00000007c0000000, 0x00000007d0000000, 0x0000000800000000)
}
{Heap before GC invocations=207 (full 7):
 par new generation   total 203456K, used 129918K [0x000000060dc00000, 0x0000000620600000, 0x00000006228c0000)
  eden space 101760K, 100% used [0x000000060dc00000, 0x0000000613f60000, 0x0000000613f60000)
  from space 101696K,  27% used [0x0000000613f60000, 0x0000000615adfb98, 0x000000061a2b0000)
  to   space 101696K,   0% used [0x000000061a2b0000, 0x000000061a2b0000, 0x0000000620600000)
 concurrent mark-sweep generation total 610132K, used 262567K [0x00000006228c0000, 0x0000000647c95000, 0x00000007c0000000)
 concurrent-mark-sweep perm gen total 262144K, used 92316K [0x00000007c0000000, 0x00000007d0000000, 0x0000000800000000)
263.640: [GC 263.640: [ParNew
Desired survivor size 104136704 bytes, new threshold 5 (max 5)
- age   1:     101912 bytes,     101912 total
- age   2:      21200 bytes,     123112 total
- age   3:      13176 bytes,     136288 total
- age   4:   21641504 bytes,   21777792 total
- age   5:      16384 bytes,   21794176 total
: 129918K->26378K(203456K), 0.0182624 secs] 392485K->288954K(813588K), 0.0183412 secs] [Times: user=0.06 sys=0.00, real=0.02 secs] 
Heap after GC invocations=208 (full 7):
 par new generation   total 203456K, used 26378K [0x000000060dc00000, 0x0000000620600000, 0x00000006228c0000)
  eden space 101760K,   0% used [0x000000060dc00000, 0x000000060dc00000, 0x0000000613f60000)
  from space 101696K,  25% used [0x000000061a2b0000, 0x000000061bc72820, 0x0000000620600000)
  to   space 101696K,   0% used [0x0000000613f60000, 0x0000000613f60000, 0x000000061a2b0000)
 concurrent mark-sweep generation total 610132K, used 262576K [0x00000006228c0000, 0x0000000647c95000, 0x00000007c0000000)
 concurrent-mark-sweep perm gen total 262144K, used 92316K [0x00000007c0000000, 0x00000007d0000000, 0x0000000800000000)
}
{Heap before GC invocations=208 (full 7):
 par new generation   total 203456K, used 128138K [0x000000060dc00000, 0x0000000620600000, 0x00000006228c0000)
  eden space 101760K, 100% used [0x000000060dc00000, 0x0000000613f60000, 0x0000000613f60000)
  from space 101696K,  25% used [0x000000061a2b0000, 0x000000061bc72820, 0x0000000620600000)
  to   space 101696K,   0% used [0x0000000613f60000, 0x0000000613f60000, 0x000000061a2b0000)
 concurrent mark-sweep generation total 610132K, used 262576K [0x00000006228c0000, 0x0000000647c95000, 0x00000007c0000000)
 concurrent-mark-sweep perm gen total 262144K, used 92320K [0x00000007c0000000, 0x00000007d0000000, 0x0000000800000000)
277.694: [GC 277.694: [ParNew
Desired survivor size 104136704 bytes, new threshold 5 (max 5)
- age   1:     135848 bytes,     135848 total
- age   2:       1424 bytes,     137272 total
- age   3:      18744 bytes,     156016 total
- age   4:      13128 bytes,     169144 total
- age   5:   21640456 bytes,   21809600 total
: 128138K->32547K(203456K), 0.0169737 secs] 390714K->295130K(813588K), 0.0170397 secs] [Times: user=0.06 sys=0.00, real=0.02 secs] 
Heap after GC invocations=209 (full 7):
 par new generation   total 203456K, used 32547K [0x000000060dc00000, 0x0000000620600000, 0x00000006228c0000)
  eden space 101760K,   0% used [0x000000060dc00000, 0x000000060dc00000, 0x0000000613f60000)
  from space 101696K,  32% used [0x0000000613f60000, 0x0000000615f28f98, 0x000000061a2b0000)
  to   space 101696K,   0% used [0x000000061a2b0000, 0x000000061a2b0000, 0x0000000620600000)
 concurrent mark-sweep generation total 610132K, used 262582K [0x00000006228c0000, 0x0000000647c95000, 0x00000007c0000000)
 concurrent-mark-sweep perm gen total 262144K, used 92320K [0x00000007c0000000, 0x00000007d0000000, 0x0000000800000000)
}
{Heap before GC invocations=209 (full 7):
 par new generation   total 203456K, used 134307K [0x000000060dc00000, 0x0000000620600000, 0x00000006228c0000)
  eden space 101760K, 100% used [0x000000060dc00000, 0x0000000613f60000, 0x0000000613f60000)
  from space 101696K,  32% used [0x0000000613f60000, 0x0000000615f28f98, 0x000000061a2b0000)
  to   space 101696K,   0% used [0x000000061a2b0000, 0x000000061a2b0000, 0x0000000620600000)
 concurrent mark-sweep generation total 610132K, used 262582K [0x00000006228c0000, 0x0000000647c95000, 0x00000007c0000000)
 concurrent-mark-sweep perm gen total 262144K, used 92370K [0x00000007c0000000, 0x00000007d0000000, 0x0000000800000000)
283.601: [GC 283.601: [ParNew
Desired survivor size 104136704 bytes, new threshold 5 (max 5)
- age   1:    7304264 bytes,    7304264 total
- age   2:      26432 bytes,    7330696 total
- age   3:       1360 bytes,    7332056 total
- age   4:      17904 bytes,    7349960 total
- age   5:      12960 bytes,    7362920 total
: 134307K->16917K(203456K), 0.0405597 secs] 396890K->300632K(813588K), 0.0406267 secs] [Times: user=0.09 sys=0.00, real=0.04 secs] 
Heap after GC invocations=210 (full 7):
 par new generation   total 203456K, used 16917K [0x000000060dc00000, 0x0000000620600000, 0x00000006228c0000)
  eden space 101760K,   0% used [0x000000060dc00000, 0x000000060dc00000, 0x0000000613f60000)
  from space 101696K,  16% used [0x000000061a2b0000, 0x000000061b3355e0, 0x0000000620600000)
  to   space 101696K,   0% used [0x0000000613f60000, 0x0000000613f60000, 0x000000061a2b0000)
 concurrent mark-sweep generation total 610132K, used 283715K [0x00000006228c0000, 0x0000000647c95000, 0x00000007c0000000)
 concurrent-mark-sweep perm gen total 262144K, used 92370K [0x00000007c0000000, 0x00000007d0000000, 0x0000000800000000)
}
{Heap before GC invocations=210 (full 7):
 par new generation   total 203456K, used 118677K [0x000000060dc00000, 0x0000000620600000, 0x00000006228c0000)
  eden space 101760K, 100% used [0x000000060dc00000, 0x0000000613f60000, 0x0000000613f60000)
  from space 101696K,  16% used [0x000000061a2b0000, 0x000000061b3355e0, 0x0000000620600000)
  to   space 101696K,   0% used [0x0000000613f60000, 0x0000000613f60000, 0x000000061a2b0000)
 concurrent mark-sweep generation total 610132K, used 283715K [0x00000006228c0000, 0x0000000647c95000, 0x00000007c0000000)
 concurrent-mark-sweep perm gen total 262144K, used 92407K [0x00000007c0000000, 0x00000007d0000000, 0x0000000800000000)
290.712: [GC 290.712: [ParNew
Desired survivor size 104136704 bytes, new threshold 5 (max 5)
- age   1:    6550072 bytes,    6550072 total
- age   2:    7162024 bytes,   13712096 total
- age   3:      11976 bytes,   13724072 total
- age   4:       1360 bytes,   13725432 total
- age   5:      16512 bytes,   13741944 total
: 118677K->15125K(203456K), 0.0082950 secs] 402392K->298853K(813588K), 0.0084079 secs] [Times: user=0.06 sys=0.00, real=0.01 secs] 
Heap after GC invocations=211 (full 7):
 par new generation   total 203456K, used 15125K [0x000000060dc00000, 0x0000000620600000, 0x00000006228c0000)
  eden space 101760K,   0% used [0x000000060dc00000, 0x000000060dc00000, 0x0000000613f60000)
  from space 101696K,  14% used [0x0000000613f60000, 0x0000000614e25720, 0x000000061a2b0000)
  to   space 101696K,   0% used [0x000000061a2b0000, 0x000000061a2b0000, 0x0000000620600000)
 concurrent mark-sweep generation total 610132K, used 283728K [0x00000006228c0000, 0x0000000647c95000, 0x00000007c0000000)
 concurrent-mark-sweep perm gen total 262144K, used 92407K [0x00000007c0000000, 0x00000007d0000000, 0x0000000800000000)
}
{Heap before GC invocations=211 (full 7):
 par new generation   total 203456K, used 116885K [0x000000060dc00000, 0x0000000620600000, 0x00000006228c0000)
  eden space 101760K, 100% used [0x000000060dc00000, 0x0000000613f60000, 0x0000000613f60000)
  from space 101696K,  14% used [0x0000000613f60000, 0x0000000614e25720, 0x000000061a2b0000)
  to   space 101696K,   0% used [0x000000061a2b0000, 0x000000061a2b0000, 0x0000000620600000)
 concurrent mark-sweep generation total 610132K, used 283728K [0x00000006228c0000, 0x0000000647c95000, 0x00000007c0000000)
 concurrent-mark-sweep perm gen total 262144K, used 92414K [0x00000007c0000000, 0x00000007d0000000, 0x0000000800000000)
296.581: [GC 296.581: [ParNew
Desired survivor size 104136704 bytes, new threshold 5 (max 5)
- age   1:     382752 bytes,     382752 total
- age   2:    6305640 bytes,    6688392 total
- age   3:    7161600 bytes,   13849992 total
- age   4:      11960 bytes,   13861952 total
- age   5:       1360 bytes,   13863312 total
: 116885K->14531K(203456K), 0.0081728 secs] 400613K->298274K(813588K), 0.0082383 secs] [Times: user=0.00 sys=0.00, real=0.01 secs] 
Heap after GC invocations=212 (full 7):
 par new generation   total 203456K, used 14531K [0x000000060dc00000, 0x0000000620600000, 0x00000006228c0000)
  eden space 101760K,   0% used [0x000000060dc00000, 0x000000060dc00000, 0x0000000613f60000)
  from space 101696K,  14% used [0x000000061a2b0000, 0x000000061b0e0e08, 0x0000000620600000)
  to   space 101696K,   0% used [0x0000000613f60000, 0x0000000613f60000, 0x000000061a2b0000)
 concurrent mark-sweep generation total 610132K, used 283743K [0x00000006228c0000, 0x0000000647c95000, 0x00000007c0000000)
 concurrent-mark-sweep perm gen total 262144K, used 92414K [0x00000007c0000000, 0x00000007d0000000, 0x0000000800000000)
}
{Heap before GC invocations=212 (full 7):
 par new generation   total 203456K, used 116291K [0x000000060dc00000, 0x0000000620600000, 0x00000006228c0000)
  eden space 101760K, 100% used [0x000000060dc00000, 0x0000000613f60000, 0x0000000613f60000)
  from space 101696K,  14% used [0x000000061a2b0000, 0x000000061b0e0e08, 0x0000000620600000)
  to   space 101696K,   0% used [0x0000000613f60000, 0x0000000613f60000, 0x000000061a2b0000)
 concurrent mark-sweep generation total 610132K, used 283743K [0x00000006228c0000, 0x0000000647c95000, 0x00000007c0000000)
 concurrent-mark-sweep perm gen total 262144K, used 92416K [0x00000007c0000000, 0x00000007d0000000, 0x0000000800000000)
304.631: [GC 304.631: [ParNew
Desired survivor size 104136704 bytes, new threshold 5 (max 5)
- age   1:    3038752 bytes,    3038752 total
- age   2:     249776 bytes,    3288528 total
- age   3:    6299352 bytes,    9587880 total
- age   4:    7161568 bytes,   16749448 total
- age   5:      11936 bytes,   16761384 total
: 116291K->19815K(203456K), 0.0088587 secs] 400034K->303559K(813588K), 0.0089242 secs] [Times: user=0.00 sys=0.00, real=0.01 secs] 
Heap after GC invocations=213 (full 7):
 par new generation   total 203456K, used 19815K [0x000000060dc00000, 0x0000000620600000, 0x00000006228c0000)
  eden space 101760K,   0% used [0x000000060dc00000, 0x000000060dc00000, 0x0000000613f60000)
  from space 101696K,  19% used [0x0000000613f60000, 0x00000006152b9d78, 0x000000061a2b0000)
  to   space 101696K,   0% used [0x000000061a2b0000, 0x000000061a2b0000, 0x0000000620600000)
 concurrent mark-sweep generation total 610132K, used 283744K [0x00000006228c0000, 0x0000000647c95000, 0x00000007c0000000)
 concurrent-mark-sweep perm gen total 262144K, used 92416K [0x00000007c0000000, 0x00000007d0000000, 0x0000000800000000)
}
{Heap before GC invocations=213 (full 7):
 par new generation   total 203456K, used 121575K [0x000000060dc00000, 0x0000000620600000, 0x00000006228c0000)
  eden space 101760K, 100% used [0x000000060dc00000, 0x0000000613f60000, 0x0000000613f60000)
  from space 101696K,  19% used [0x0000000613f60000, 0x00000006152b9d78, 0x000000061a2b0000)
  to   space 101696K,   0% used [0x000000061a2b0000, 0x000000061a2b0000, 0x0000000620600000)
 concurrent mark-sweep generation total 610132K, used 283744K [0x00000006228c0000, 0x0000000647c95000, 0x00000007c0000000)
 concurrent-mark-sweep perm gen total 262144K, used 92417K [0x00000007c0000000, 0x00000007d0000000, 0x0000000800000000)
310.319: [GC 310.319: [ParNew
Desired survivor size 104136704 bytes, new threshold 5 (max 5)
- age   1:    5674224 bytes,    5674224 total
- age   2:    2863536 bytes,    8537760 total
- age   3:     248960 bytes,    8786720 total
- age   4:    6292504 bytes,   15079224 total
- age   5:    7161384 bytes,   22240608 total
: 121575K->24345K(203456K), 0.0104084 secs] 405319K->308093K(813588K), 0.0104740 secs] [Times: user=0.06 sys=0.00, real=0.01 secs] 
Heap after GC invocations=214 (full 7):
 par new generation   total 203456K, used 24345K [0x000000060dc00000, 0x0000000620600000, 0x00000006228c0000)
  eden space 101760K,   0% used [0x000000060dc00000, 0x000000060dc00000, 0x0000000613f60000)
  from space 101696K,  23% used [0x000000061a2b0000, 0x000000061ba76610, 0x0000000620600000)
  to   space 101696K,   0% used [0x0000000613f60000, 0x0000000613f60000, 0x000000061a2b0000)
 concurrent mark-sweep generation total 610132K, used 283747K [0x00000006228c0000, 0x0000000647c95000, 0x00000007c0000000)
 concurrent-mark-sweep perm gen total 262144K, used 92417K [0x00000007c0000000, 0x00000007d0000000, 0x0000000800000000)
}
{Heap before GC invocations=214 (full 7):
 par new generation   total 203456K, used 126105K [0x000000060dc00000, 0x0000000620600000, 0x00000006228c0000)
  eden space 101760K, 100% used [0x000000060dc00000, 0x0000000613f60000, 0x0000000613f60000)
  from space 101696K,  23% used [0x000000061a2b0000, 0x000000061ba76610, 0x0000000620600000)
  to   space 101696K,   0% used [0x0000000613f60000, 0x0000000613f60000, 0x000000061a2b0000)
 concurrent mark-sweep generation total 610132K, used 283747K [0x00000006228c0000, 0x0000000647c95000, 0x00000007c0000000)
 concurrent-mark-sweep perm gen total 262144K, used 92419K [0x00000007c0000000, 0x00000007d0000000, 0x0000000800000000)
315.068: [GC 315.068: [ParNew
Desired survivor size 104136704 bytes, new threshold 5 (max 5)
- age   1:    4659136 bytes,    4659136 total
- age   2:    5450248 bytes,   10109384 total
- age   3:    2863328 bytes,   12972712 total
- age   4:     248944 bytes,   13221656 total
- age   5:    6283096 bytes,   19504752 total
: 126105K->24711K(203456K), 0.0117304 secs] 409853K->315454K(813588K), 0.0117993 secs] [Times: user=0.06 sys=0.00, real=0.01 secs] 
Heap after GC invocations=215 (full 7):
 par new generation   total 203456K, used 24711K [0x000000060dc00000, 0x0000000620600000, 0x00000006228c0000)
  eden space 101760K,   0% used [0x000000060dc00000, 0x000000060dc00000, 0x0000000613f60000)
  from space 101696K,  24% used [0x0000000613f60000, 0x0000000615781ce8, 0x000000061a2b0000)
  to   space 101696K,   0% used [0x000000061a2b0000, 0x000000061a2b0000, 0x0000000620600000)
 concurrent mark-sweep generation total 610132K, used 290743K [0x00000006228c0000, 0x0000000647c95000, 0x00000007c0000000)
 concurrent-mark-sweep perm gen total 262144K, used 92419K [0x00000007c0000000, 0x00000007d0000000, 0x0000000800000000)
}
{Heap before GC invocations=215 (full 7):
 par new generation   total 203456K, used 126471K [0x000000060dc00000, 0x0000000620600000, 0x00000006228c0000)
  eden space 101760K, 100% used [0x000000060dc00000, 0x0000000613f60000, 0x0000000613f60000)
  from space 101696K,  24% used [0x0000000613f60000, 0x0000000615781ce8, 0x000000061a2b0000)
  to   space 101696K,   0% used [0x000000061a2b0000, 0x000000061a2b0000, 0x0000000620600000)
 concurrent mark-sweep generation total 610132K, used 290743K [0x00000006228c0000, 0x0000000647c95000, 0x00000007c0000000)
 concurrent-mark-sweep perm gen total 262144K, used 92422K [0x00000007c0000000, 0x00000007d0000000, 0x0000000800000000)
325.460: [GC 325.460: [ParNew
Desired survivor size 104136704 bytes, new threshold 5 (max 5)
- age   1:    3022272 bytes,    3022272 total
- age   2:    4479712 bytes,    7501984 total
- age   3:    5445880 bytes,   12947864 total
- age   4:    2861200 bytes,   15809064 total
- age   5:     248896 bytes,   16057960 total
: 126471K->20467K(203456K), 0.0178689 secs] 417214K->317351K(813588K), 0.0179305 secs] [Times: user=0.03 sys=0.00, real=0.02 secs] 
Heap after GC invocations=216 (full 7):
 par new generation   total 203456K, used 20467K [0x000000060dc00000, 0x0000000620600000, 0x00000006228c0000)
  eden space 101760K,   0% used [0x000000060dc00000, 0x000000060dc00000, 0x0000000613f60000)
  from space 101696K,  20% used [0x000000061a2b0000, 0x000000061b6acf98, 0x0000000620600000)
  to   space 101696K,   0% used [0x0000000613f60000, 0x0000000613f60000, 0x000000061a2b0000)
 concurrent mark-sweep generation total 610132K, used 296884K [0x00000006228c0000, 0x0000000647c95000, 0x00000007c0000000)
 concurrent-mark-sweep perm gen total 262144K, used 92422K [0x00000007c0000000, 0x00000007d0000000, 0x0000000800000000)
}
{Heap before GC invocations=216 (full 7):
 par new generation   total 203456K, used 122227K [0x000000060dc00000, 0x0000000620600000, 0x00000006228c0000)
  eden space 101760K, 100% used [0x000000060dc00000, 0x0000000613f60000, 0x0000000613f60000)
  from space 101696K,  20% used [0x000000061a2b0000, 0x000000061b6acf98, 0x0000000620600000)
  to   space 101696K,   0% used [0x0000000613f60000, 0x0000000613f60000, 0x000000061a2b0000)
 concurrent mark-sweep generation total 610132K, used 296884K [0x00000006228c0000, 0x0000000647c95000, 0x00000007c0000000)
 concurrent-mark-sweep perm gen total 262144K, used 92439K [0x00000007c0000000, 0x00000007d0000000, 0x0000000800000000)
333.505: [GC 333.505: [ParNew
Desired survivor size 104136704 bytes, new threshold 5 (max 5)
- age   1:    2842080 bytes,    2842080 total
- age   2:    2731352 bytes,    5573432 total
- age   3:    4477552 bytes,   10050984 total
- age   4:    5445848 bytes,   15496832 total
- age   5:    2861120 bytes,   18357952 total
: 122227K->21094K(203456K), 0.0103640 secs] 419111K->318159K(813588K), 0.0104344 secs] [Times: user=0.00 sys=0.00, real=0.01 secs] 
Heap after GC invocations=217 (full 7):
 par new generation   total 203456K, used 21094K [0x000000060dc00000, 0x0000000620600000, 0x00000006228c0000)
  eden space 101760K,   0% used [0x000000060dc00000, 0x000000060dc00000, 0x0000000613f60000)
  from space 101696K,  20% used [0x0000000613f60000, 0x00000006153f9a50, 0x000000061a2b0000)
  to   space 101696K,   0% used [0x000000061a2b0000, 0x000000061a2b0000, 0x0000000620600000)
 concurrent mark-sweep generation total 610132K, used 297064K [0x00000006228c0000, 0x0000000647c95000, 0x00000007c0000000)
 concurrent-mark-sweep perm gen total 262144K, used 92439K [0x00000007c0000000, 0x00000007d0000000, 0x0000000800000000)
}
{Heap before GC invocations=217 (full 7):
 par new generation   total 203456K, used 122854K [0x000000060dc00000, 0x0000000620600000, 0x00000006228c0000)
  eden space 101760K, 100% used [0x000000060dc00000, 0x0000000613f60000, 0x0000000613f60000)
  from space 101696K,  20% used [0x0000000613f60000, 0x00000006153f9a50, 0x000000061a2b0000)
  to   space 101696K,   0% used [0x000000061a2b0000, 0x000000061a2b0000, 0x0000000620600000)
 concurrent mark-sweep generation total 610132K, used 297064K [0x00000006228c0000, 0x0000000647c95000, 0x00000007c0000000)
 concurrent-mark-sweep perm gen total 262144K, used 92444K [0x00000007c0000000, 0x00000007d0000000, 0x0000000800000000)
337.303: [GC 337.303: [ParNew
Desired survivor size 104136704 bytes, new threshold 5 (max 5)
- age   1:    3676248 bytes,    3676248 total
- age   2:    2662408 bytes,    6338656 total
- age   3:    2731016 bytes,    9069672 total
- age   4:    4477144 bytes,   13546816 total
- age   5:    5445848 bytes,   18992664 total
: 122854K->23321K(203456K), 0.0139812 secs] 419919K->323180K(813588K), 0.0140438 secs] [Times: user=0.06 sys=0.00, real=0.01 secs] 
Heap after GC invocations=218 (full 7):
 par new generation   total 203456K, used 23321K [0x000000060dc00000, 0x0000000620600000, 0x00000006228c0000)
  eden space 101760K,   0% used [0x000000060dc00000, 0x000000060dc00000, 0x0000000613f60000)
  from space 101696K,  22% used [0x000000061a2b0000, 0x000000061b9765e0, 0x0000000620600000)
  to   space 101696K,   0% used [0x0000000613f60000, 0x0000000613f60000, 0x000000061a2b0000)
 concurrent mark-sweep generation total 610132K, used 299859K [0x00000006228c0000, 0x0000000647c95000, 0x00000007c0000000)
 concurrent-mark-sweep perm gen total 262144K, used 92444K [0x00000007c0000000, 0x00000007d0000000, 0x0000000800000000)
}
{Heap before GC invocations=218 (full 7):
 par new generation   total 203456K, used 125081K [0x000000060dc00000, 0x0000000620600000, 0x00000006228c0000)
  eden space 101760K, 100% used [0x000000060dc00000, 0x0000000613f60000, 0x0000000613f60000)
  from space 101696K,  22% used [0x000000061a2b0000, 0x000000061b9765e0, 0x0000000620600000)
  to   space 101696K,   0% used [0x0000000613f60000, 0x0000000613f60000, 0x000000061a2b0000)
 concurrent mark-sweep generation total 610132K, used 299859K [0x00000006228c0000, 0x0000000647c95000, 0x00000007c0000000)
 concurrent-mark-sweep perm gen total 262144K, used 92467K [0x00000007c0000000, 0x00000007d0000000, 0x0000000800000000)
340.763: [GC 340.763: [ParNew
Desired survivor size 104136704 bytes, new threshold 5 (max 5)
- age   1:     233696 bytes,     233696 total
- age   2:    3510424 bytes,    3744120 total
- age   3:    2662088 bytes,    6406208 total
- age   4:    1555904 bytes,    7962112 total
- age   5:    4477144 bytes,   12439256 total
: 125081K->18973K(203456K), 0.0186927 secs] 424940K->324152K(813588K), 0.0187587 secs] [Times: user=0.02 sys=0.02, real=0.02 secs] 
Heap after GC invocations=219 (full 7):
 par new generation   total 203456K, used 18973K [0x000000060dc00000, 0x0000000620600000, 0x00000006228c0000)
  eden space 101760K,   0% used [0x000000060dc00000, 0x000000060dc00000, 0x0000000613f60000)
  from space 101696K,  18% used [0x0000000613f60000, 0x00000006151e7548, 0x000000061a2b0000)
  to   space 101696K,   0% used [0x000000061a2b0000, 0x000000061a2b0000, 0x0000000620600000)
 concurrent mark-sweep generation total 610132K, used 305178K [0x00000006228c0000, 0x0000000647c95000, 0x00000007c0000000)
 concurrent-mark-sweep perm gen total 262144K, used 92467K [0x00000007c0000000, 0x00000007d0000000, 0x0000000800000000)
}
{Heap before GC invocations=219 (full 7):
 par new generation   total 203456K, used 120733K [0x000000060dc00000, 0x0000000620600000, 0x00000006228c0000)
  eden space 101760K, 100% used [0x000000060dc00000, 0x0000000613f60000, 0x0000000613f60000)
  from space 101696K,  18% used [0x0000000613f60000, 0x00000006151e7548, 0x000000061a2b0000)
  to   space 101696K,   0% used [0x000000061a2b0000, 0x000000061a2b0000, 0x0000000620600000)
 concurrent mark-sweep generation total 610132K, used 305178K [0x00000006228c0000, 0x0000000647c95000, 0x00000007c0000000)
 concurrent-mark-sweep perm gen total 262144K, used 92467K [0x00000007c0000000, 0x00000007d0000000, 0x0000000800000000)
343.643: [GC 343.643: [ParNew
Desired survivor size 104136704 bytes, new threshold 5 (max 5)
- age   1:    1346880 bytes,    1346880 total
- age   2:      52208 bytes,    1399088 total
- age   3:    3507808 bytes,    4906896 total
- age   4:    2652464 bytes,    7559360 total
- age   5:    1555904 bytes,    9115264 total
: 120733K->12933K(203456K), 0.0129883 secs] 425912K->322485K(813588K), 0.0130524 secs] [Times: user=0.03 sys=0.00, real=0.01 secs] 
Heap after GC invocations=220 (full 7):
 par new generation   total 203456K, used 12933K [0x000000060dc00000, 0x0000000620600000, 0x00000006228c0000)
  eden space 101760K,   0% used [0x000000060dc00000, 0x000000060dc00000, 0x0000000613f60000)
  from space 101696K,  12% used [0x000000061a2b0000, 0x000000061af51430, 0x0000000620600000)
  to   space 101696K,   0% used [0x0000000613f60000, 0x0000000613f60000, 0x000000061a2b0000)
 concurrent mark-sweep generation total 610132K, used 309552K [0x00000006228c0000, 0x0000000647c95000, 0x00000007c0000000)
 concurrent-mark-sweep perm gen total 262144K, used 92467K [0x00000007c0000000, 0x00000007d0000000, 0x0000000800000000)
}
{Heap before GC invocations=220 (full 7):
 par new generation   total 203456K, used 114693K [0x000000060dc00000, 0x0000000620600000, 0x00000006228c0000)
  eden space 101760K, 100% used [0x000000060dc00000, 0x0000000613f60000, 0x0000000613f60000)
  from space 101696K,  12% used [0x000000061a2b0000, 0x000000061af51430, 0x0000000620600000)
  to   space 101696K,   0% used [0x0000000613f60000, 0x0000000613f60000, 0x000000061a2b0000)
 concurrent mark-sweep generation total 610132K, used 309552K [0x00000006228c0000, 0x0000000647c95000, 0x00000007c0000000)
 concurrent-mark-sweep perm gen total 262144K, used 92467K [0x00000007c0000000, 0x00000007d0000000, 0x0000000800000000)
346.314: [GC 346.314: [ParNew
Desired survivor size 104136704 bytes, new threshold 5 (max 5)
- age   1:    7311312 bytes,    7311312 total
- age   2:    1200088 bytes,    8511400 total
- age   3:      51016 bytes,    8562416 total
- age   4:    3507600 bytes,   12070016 total
- age   5:    2652464 bytes,   14722480 total
: 114693K->16055K(203456K), 0.0100256 secs] 424245K->327127K(813588K), 0.0100897 secs] [Times: user=0.00 sys=0.00, real=0.01 secs] 
Heap after GC invocations=221 (full 7):
 par new generation   total 203456K, used 16055K [0x000000060dc00000, 0x0000000620600000, 0x00000006228c0000)
  eden space 101760K,   0% used [0x000000060dc00000, 0x000000060dc00000, 0x0000000613f60000)
  from space 101696K,  15% used [0x0000000613f60000, 0x0000000614f0dcf8, 0x000000061a2b0000)
  to   space 101696K,   0% used [0x000000061a2b0000, 0x000000061a2b0000, 0x0000000620600000)
 concurrent mark-sweep generation total 610132K, used 311071K [0x00000006228c0000, 0x0000000647c95000, 0x00000007c0000000)
 concurrent-mark-sweep perm gen total 262144K, used 92467K [0x00000007c0000000, 0x00000007d0000000, 0x0000000800000000)
}
Heap
 par new generation   total 203456K, used 116447K [0x000000060dc00000, 0x0000000620600000, 0x00000006228c0000)
  eden space 101760K,  98% used [0x000000060dc00000, 0x0000000613e0a2e8, 0x0000000613f60000)
  from space 101696K,  15% used [0x0000000613f60000, 0x0000000614f0dcf8, 0x000000061a2b0000)
  to   space 101696K,   0% used [0x000000061a2b0000, 0x000000061a2b0000, 0x0000000620600000)
 concurrent mark-sweep generation total 610132K, used 311071K [0x00000006228c0000, 0x0000000647c95000, 0x00000007c0000000)
 concurrent-mark-sweep perm gen total 262144K, used 92481K [0x00000007c0000000, 0x00000007d0000000, 0x0000000800000000)
